Command line invocation:
    /Applications/Xcode.app/Contents/Developer/usr/bin/xcodebuild -project SocialFusion.xcodeproj -scheme SocialFusion -sdk iphonesimulator -destination "platform=iOS Simulator,name=iPhone 17 Pro,OS=26.2" clean build

Build settings from command line:
    SDKROOT = iphonesimulator26.2

CreateBuildRequest

SendProjectDescription

CreateBuildOperation

** CLEAN SUCCEEDED **

ComputePackagePrebuildTargetDependencyGraph

Prepare packages

CreateBuildRequest

SendProjectDescription

CreateBuildOperation

ComputeTargetDependencyGraph
note: Building targets in dependency order
note: Target dependency graph (1 target)
    Target 'SocialFusion' in project 'SocialFusion' (no dependencies)

GatherProvisioningInputs

CreateBuildDescription

ExecuteExternalTool /Applications/Xcode.app/Contents/Developer/Toolchains/XcodeDefault.xctoolchain/usr/bin/clang -v -E -dM -isysroot /Applications/Xcode.app/Contents/Developer/Platforms/iPhoneSimulator.platform/Developer/SDKs/iPhoneSimulator26.2.sdk -x c -c /dev/null

ExecuteExternalTool /Applications/Xcode.app/Contents/Developer/usr/bin/ibtool --version --output-format xml1

ExecuteExternalTool /Applications/Xcode.app/Contents/Developer/usr/bin/actool --print-asset-tag-combinations --output-format xml1 /Users/frankemanuele/Documents/GitHub/SocialFusion/SocialFusion/Assets.xcassets

ExecuteExternalTool /Applications/Xcode.app/Contents/Developer/usr/bin/actool --version --output-format xml1

ExecuteExternalTool /Applications/Xcode.app/Contents/Developer/Toolchains/XcodeDefault.xctoolchain/usr/bin/swiftc --version

ExecuteExternalTool /Applications/Xcode.app/Contents/Developer/Toolchains/XcodeDefault.xctoolchain/usr/bin/ld -version_details

Build description signature: b743be7623c42e82633e0c63945bdae2
Build description path: /Users/frankemanuele/Library/Developer/Xcode/DerivedData/SocialFusion-dmcylkdxdnugaugctnmrhexeekqr/Build/Intermediates.noindex/XCBuildData/b743be7623c42e82633e0c63945bdae2.xcbuilddata
ClangStatCache /Applications/Xcode.app/Contents/Developer/Toolchains/XcodeDefault.xctoolchain/usr/bin/clang-stat-cache /Applications/Xcode.app/Contents/Developer/Platforms/iPhoneSimulator.platform/Developer/SDKs/iPhoneSimulator26.2.sdk /Users/frankemanuele/Library/Developer/Xcode/DerivedData/SDKStatCaches.noindex/iphonesimulator26.2-23C53-7d00a8b37fbd7999ea79df8ebc024bf0.sdkstatcache
    cd /Users/frankemanuele/Documents/GitHub/SocialFusion/SocialFusion.xcodeproj
    /Applications/Xcode.app/Contents/Developer/Toolchains/XcodeDefault.xctoolchain/usr/bin/clang-stat-cache /Applications/Xcode.app/Contents/Developer/Platforms/iPhoneSimulator.platform/Developer/SDKs/iPhoneSimulator26.2.sdk -o /Users/frankemanuele/Library/Developer/Xcode/DerivedData/SDKStatCaches.noindex/iphonesimulator26.2-23C53-7d00a8b37fbd7999ea79df8ebc024bf0.sdkstatcache

CreateBuildDirectory /Users/frankemanuele/Library/Developer/Xcode/DerivedData/SocialFusion-dmcylkdxdnugaugctnmrhexeekqr/Build/Intermediates.noindex
    cd /Users/frankemanuele/Documents/GitHub/SocialFusion/SocialFusion.xcodeproj
    builtin-create-build-directory /Users/frankemanuele/Library/Developer/Xcode/DerivedData/SocialFusion-dmcylkdxdnugaugctnmrhexeekqr/Build/Intermediates.noindex

CreateBuildDirectory /Users/frankemanuele/Library/Developer/Xcode/DerivedData/SocialFusion-dmcylkdxdnugaugctnmrhexeekqr/Build/Products
    cd /Users/frankemanuele/Documents/GitHub/SocialFusion/SocialFusion.xcodeproj
    builtin-create-build-directory /Users/frankemanuele/Library/Developer/Xcode/DerivedData/SocialFusion-dmcylkdxdnugaugctnmrhexeekqr/Build/Products

CreateBuildDirectory /Users/frankemanuele/Library/Developer/Xcode/DerivedData/SocialFusion-dmcylkdxdnugaugctnmrhexeekqr/Build/Products/Debug-iphonesimulator
    cd /Users/frankemanuele/Documents/GitHub/SocialFusion/SocialFusion.xcodeproj
    builtin-create-build-directory /Users/frankemanuele/Library/Developer/Xcode/DerivedData/SocialFusion-dmcylkdxdnugaugctnmrhexeekqr/Build/Products/Debug-iphonesimulator

CreateBuildDirectory /Users/frankemanuele/Library/Developer/Xcode/DerivedData/SocialFusion-dmcylkdxdnugaugctnmrhexeekqr/Build/Intermediates.noindex/SwiftExplicitPrecompiledModules
    cd /Users/frankemanuele/Documents/GitHub/SocialFusion/SocialFusion.xcodeproj
    builtin-create-build-directory /Users/frankemanuele/Library/Developer/Xcode/DerivedData/SocialFusion-dmcylkdxdnugaugctnmrhexeekqr/Build/Intermediates.noindex/SwiftExplicitPrecompiledModules

CreateBuildDirectory /Users/frankemanuele/Library/Developer/Xcode/DerivedData/SocialFusion-dmcylkdxdnugaugctnmrhexeekqr/Build/Intermediates.noindex/ExplicitPrecompiledModules
    cd /Users/frankemanuele/Documents/GitHub/SocialFusion/SocialFusion.xcodeproj
    builtin-create-build-directory /Users/frankemanuele/Library/Developer/Xcode/DerivedData/SocialFusion-dmcylkdxdnugaugctnmrhexeekqr/Build/Intermediates.noindex/ExplicitPrecompiledModules

CreateBuildDirectory /Users/frankemanuele/Library/Developer/Xcode/DerivedData/SocialFusion-dmcylkdxdnugaugctnmrhexeekqr/Build/Intermediates.noindex/EagerLinkingTBDs/Debug-iphonesimulator
    cd /Users/frankemanuele/Documents/GitHub/SocialFusion/SocialFusion.xcodeproj
    builtin-create-build-directory /Users/frankemanuele/Library/Developer/Xcode/DerivedData/SocialFusion-dmcylkdxdnugaugctnmrhexeekqr/Build/Intermediates.noindex/EagerLinkingTBDs/Debug-iphonesimulator

WriteAuxiliaryFile /Users/frankemanuele/Library/Developer/Xcode/DerivedData/SocialFusion-dmcylkdxdnugaugctnmrhexeekqr/Build/Intermediates.noindex/SocialFusion.build/Debug-iphonesimulator/SocialFusion-8e25aba7c55db01a8c5da11fdaafeb41-VFS-iphonesimulator/all-product-headers.yaml
    cd /Users/frankemanuele/Documents/GitHub/SocialFusion/SocialFusion.xcodeproj
    write-file /Users/frankemanuele/Library/Developer/Xcode/DerivedData/SocialFusion-dmcylkdxdnugaugctnmrhexeekqr/Build/Intermediates.noindex/SocialFusion.build/Debug-iphonesimulator/SocialFusion-8e25aba7c55db01a8c5da11fdaafeb41-VFS-iphonesimulator/all-product-headers.yaml

WriteAuxiliaryFile /Users/frankemanuele/Library/Developer/Xcode/DerivedData/SocialFusion-dmcylkdxdnugaugctnmrhexeekqr/Build/Intermediates.noindex/SocialFusion.build/Debug-iphonesimulator/SocialFusion.build/SocialFusion.hmap (in target 'SocialFusion' from project 'SocialFusion')
    cd /Users/frankemanuele/Documents/GitHub/SocialFusion
    write-file /Users/frankemanuele/Library/Developer/Xcode/DerivedData/SocialFusion-dmcylkdxdnugaugctnmrhexeekqr/Build/Intermediates.noindex/SocialFusion.build/Debug-iphonesimulator/SocialFusion.build/SocialFusion.hmap

WriteAuxiliaryFile /Users/frankemanuele/Library/Developer/Xcode/DerivedData/SocialFusion-dmcylkdxdnugaugctnmrhexeekqr/Build/Intermediates.noindex/SocialFusion.build/Debug-iphonesimulator/SocialFusion.build/SocialFusion-project-headers.hmap (in target 'SocialFusion' from project 'SocialFusion')
    cd /Users/frankemanuele/Documents/GitHub/SocialFusion
    write-file /Users/frankemanuele/Library/Developer/Xcode/DerivedData/SocialFusion-dmcylkdxdnugaugctnmrhexeekqr/Build/Intermediates.noindex/SocialFusion.build/Debug-iphonesimulator/SocialFusion.build/SocialFusion-project-headers.hmap

WriteAuxiliaryFile /Users/frankemanuele/Library/Developer/Xcode/DerivedData/SocialFusion-dmcylkdxdnugaugctnmrhexeekqr/Build/Intermediates.noindex/SocialFusion.build/Debug-iphonesimulator/SocialFusion.build/SocialFusion-DebugDylibInstallName-normal-arm64.txt (in target 'SocialFusion' from project 'SocialFusion')
    cd /Users/frankemanuele/Documents/GitHub/SocialFusion
    write-file /Users/frankemanuele/Library/Developer/Xcode/DerivedData/SocialFusion-dmcylkdxdnugaugctnmrhexeekqr/Build/Intermediates.noindex/SocialFusion.build/Debug-iphonesimulator/SocialFusion.build/SocialFusion-DebugDylibInstallName-normal-arm64.txt

WriteAuxiliaryFile /Users/frankemanuele/Library/Developer/Xcode/DerivedData/SocialFusion-dmcylkdxdnugaugctnmrhexeekqr/Build/Intermediates.noindex/SocialFusion.build/Debug-iphonesimulator/SocialFusion.build/SocialFusion-own-target-headers.hmap (in target 'SocialFusion' from project 'SocialFusion')
    cd /Users/frankemanuele/Documents/GitHub/SocialFusion
    write-file /Users/frankemanuele/Library/Developer/Xcode/DerivedData/SocialFusion-dmcylkdxdnugaugctnmrhexeekqr/Build/Intermediates.noindex/SocialFusion.build/Debug-iphonesimulator/SocialFusion.build/SocialFusion-own-target-headers.hmap

WriteAuxiliaryFile /Users/frankemanuele/Library/Developer/Xcode/DerivedData/SocialFusion-dmcylkdxdnugaugctnmrhexeekqr/Build/Intermediates.noindex/SocialFusion.build/Debug-iphonesimulator/SocialFusion.build/SocialFusion.DependencyStaticMetadataFileList (in target 'SocialFusion' from project 'SocialFusion')
    cd /Users/frankemanuele/Documents/GitHub/SocialFusion
    write-file /Users/frankemanuele/Library/Developer/Xcode/DerivedData/SocialFusion-dmcylkdxdnugaugctnmrhexeekqr/Build/Intermediates.noindex/SocialFusion.build/Debug-iphonesimulator/SocialFusion.build/SocialFusion.DependencyStaticMetadataFileList

WriteAuxiliaryFile /Users/frankemanuele/Library/Developer/Xcode/DerivedData/SocialFusion-dmcylkdxdnugaugctnmrhexeekqr/Build/Intermediates.noindex/SocialFusion.build/Debug-iphonesimulator/SocialFusion.build/SocialFusion-all-non-framework-target-headers.hmap (in target 'SocialFusion' from project 'SocialFusion')
    cd /Users/frankemanuele/Documents/GitHub/SocialFusion
    write-file /Users/frankemanuele/Library/Developer/Xcode/DerivedData/SocialFusion-dmcylkdxdnugaugctnmrhexeekqr/Build/Intermediates.noindex/SocialFusion.build/Debug-iphonesimulator/SocialFusion.build/SocialFusion-all-non-framework-target-headers.hmap

WriteAuxiliaryFile /Users/frankemanuele/Library/Developer/Xcode/DerivedData/SocialFusion-dmcylkdxdnugaugctnmrhexeekqr/Build/Intermediates.noindex/SocialFusion.build/Debug-iphonesimulator/SocialFusion.build/SocialFusion-all-target-headers.hmap (in target 'SocialFusion' from project 'SocialFusion')
    cd /Users/frankemanuele/Documents/GitHub/SocialFusion
    write-file /Users/frankemanuele/Library/Developer/Xcode/DerivedData/SocialFusion-dmcylkdxdnugaugctnmrhexeekqr/Build/Intermediates.noindex/SocialFusion.build/Debug-iphonesimulator/SocialFusion.build/SocialFusion-all-target-headers.hmap

WriteAuxiliaryFile /Users/frankemanuele/Library/Developer/Xcode/DerivedData/SocialFusion-dmcylkdxdnugaugctnmrhexeekqr/Build/Intermediates.noindex/SocialFusion.build/Debug-iphonesimulator/SocialFusion.build/SocialFusion-generated-files.hmap (in target 'SocialFusion' from project 'SocialFusion')
    cd /Users/frankemanuele/Documents/GitHub/SocialFusion
    write-file /Users/frankemanuele/Library/Developer/Xcode/DerivedData/SocialFusion-dmcylkdxdnugaugctnmrhexeekqr/Build/Intermediates.noindex/SocialFusion.build/Debug-iphonesimulator/SocialFusion.build/SocialFusion-generated-files.hmap

WriteAuxiliaryFile /Users/frankemanuele/Library/Developer/Xcode/DerivedData/SocialFusion-dmcylkdxdnugaugctnmrhexeekqr/Build/Intermediates.noindex/SocialFusion.build/Debug-iphonesimulator/SocialFusion.build/SocialFusion-DebugDylibPath-normal-arm64.txt (in target 'SocialFusion' from project 'SocialFusion')
    cd /Users/frankemanuele/Documents/GitHub/SocialFusion
    write-file /Users/frankemanuele/Library/Developer/Xcode/DerivedData/SocialFusion-dmcylkdxdnugaugctnmrhexeekqr/Build/Intermediates.noindex/SocialFusion.build/Debug-iphonesimulator/SocialFusion.build/SocialFusion-DebugDylibPath-normal-arm64.txt

WriteAuxiliaryFile /Users/frankemanuele/Library/Developer/Xcode/DerivedData/SocialFusion-dmcylkdxdnugaugctnmrhexeekqr/Build/Intermediates.noindex/SocialFusion.build/Debug-iphonesimulator/SocialFusion.build/SocialFusion.DependencyMetadataFileList (in target 'SocialFusion' from project 'SocialFusion')
    cd /Users/frankemanuele/Documents/GitHub/SocialFusion
    write-file /Users/frankemanuele/Library/Developer/Xcode/DerivedData/SocialFusion-dmcylkdxdnugaugctnmrhexeekqr/Build/Intermediates.noindex/SocialFusion.build/Debug-iphonesimulator/SocialFusion.build/SocialFusion.DependencyMetadataFileList

WriteAuxiliaryFile /Users/frankemanuele/Library/Developer/Xcode/DerivedData/SocialFusion-dmcylkdxdnugaugctnmrhexeekqr/Build/Intermediates.noindex/SocialFusion.build/Debug-iphonesimulator/SocialFusion.build/Objects-normal/arm64/SocialFusion.SwiftFileList (in target 'SocialFusion' from project 'SocialFusion')
    cd /Users/frankemanuele/Documents/GitHub/SocialFusion
    write-file /Users/frankemanuele/Library/Developer/Xcode/DerivedData/SocialFusion-dmcylkdxdnugaugctnmrhexeekqr/Build/Intermediates.noindex/SocialFusion.build/Debug-iphonesimulator/SocialFusion.build/Objects-normal/arm64/SocialFusion.SwiftFileList

WriteAuxiliaryFile /Users/frankemanuele/Library/Developer/Xcode/DerivedData/SocialFusion-dmcylkdxdnugaugctnmrhexeekqr/Build/Intermediates.noindex/SocialFusion.build/Debug-iphonesimulator/SocialFusion.build/Objects-normal/arm64/SocialFusion.SwiftConstValuesFileList (in target 'SocialFusion' from project 'SocialFusion')
    cd /Users/frankemanuele/Documents/GitHub/SocialFusion
    write-file /Users/frankemanuele/Library/Developer/Xcode/DerivedData/SocialFusion-dmcylkdxdnugaugctnmrhexeekqr/Build/Intermediates.noindex/SocialFusion.build/Debug-iphonesimulator/SocialFusion.build/Objects-normal/arm64/SocialFusion.SwiftConstValuesFileList

WriteAuxiliaryFile /Users/frankemanuele/Library/Developer/Xcode/DerivedData/SocialFusion-dmcylkdxdnugaugctnmrhexeekqr/Build/Intermediates.noindex/SocialFusion.build/Debug-iphonesimulator/SocialFusion.build/Objects-normal/arm64/SocialFusion_const_extract_protocols.json (in target 'SocialFusion' from project 'SocialFusion')
    cd /Users/frankemanuele/Documents/GitHub/SocialFusion
    write-file /Users/frankemanuele/Library/Developer/Xcode/DerivedData/SocialFusion-dmcylkdxdnugaugctnmrhexeekqr/Build/Intermediates.noindex/SocialFusion.build/Debug-iphonesimulator/SocialFusion.build/Objects-normal/arm64/SocialFusion_const_extract_protocols.json

WriteAuxiliaryFile /Users/frankemanuele/Library/Developer/Xcode/DerivedData/SocialFusion-dmcylkdxdnugaugctnmrhexeekqr/Build/Intermediates.noindex/SocialFusion.build/Debug-iphonesimulator/SocialFusion.build/Objects-normal/arm64/SocialFusion.LinkFileList (in target 'SocialFusion' from project 'SocialFusion')
    cd /Users/frankemanuele/Documents/GitHub/SocialFusion
    write-file /Users/frankemanuele/Library/Developer/Xcode/DerivedData/SocialFusion-dmcylkdxdnugaugctnmrhexeekqr/Build/Intermediates.noindex/SocialFusion.build/Debug-iphonesimulator/SocialFusion.build/Objects-normal/arm64/SocialFusion.LinkFileList

WriteAuxiliaryFile /Users/frankemanuele/Library/Developer/Xcode/DerivedData/SocialFusion-dmcylkdxdnugaugctnmrhexeekqr/Build/Intermediates.noindex/SocialFusion.build/Debug-iphonesimulator/SocialFusion.build/Objects-normal/arm64/SocialFusion-OutputFileMap.json (in target 'SocialFusion' from project 'SocialFusion')
    cd /Users/frankemanuele/Documents/GitHub/SocialFusion
    write-file /Users/frankemanuele/Library/Developer/Xcode/DerivedData/SocialFusion-dmcylkdxdnugaugctnmrhexeekqr/Build/Intermediates.noindex/SocialFusion.build/Debug-iphonesimulator/SocialFusion.build/Objects-normal/arm64/SocialFusion-OutputFileMap.json

MkDir /Users/frankemanuele/Library/Developer/Xcode/DerivedData/SocialFusion-dmcylkdxdnugaugctnmrhexeekqr/Build/Products/Debug-iphonesimulator/SocialFusion.app (in target 'SocialFusion' from project 'SocialFusion')
    cd /Users/frankemanuele/Documents/GitHub/SocialFusion
    /bin/mkdir -p /Users/frankemanuele/Library/Developer/Xcode/DerivedData/SocialFusion-dmcylkdxdnugaugctnmrhexeekqr/Build/Products/Debug-iphonesimulator/SocialFusion.app

WriteAuxiliaryFile /Users/frankemanuele/Library/Developer/Xcode/DerivedData/SocialFusion-dmcylkdxdnugaugctnmrhexeekqr/Build/Intermediates.noindex/SocialFusion.build/Debug-iphonesimulator/SocialFusion.build/DerivedSources/Entitlements-Simulated.plist (in target 'SocialFusion' from project 'SocialFusion')
    cd /Users/frankemanuele/Documents/GitHub/SocialFusion
    write-file /Users/frankemanuele/Library/Developer/Xcode/DerivedData/SocialFusion-dmcylkdxdnugaugctnmrhexeekqr/Build/Intermediates.noindex/SocialFusion.build/Debug-iphonesimulator/SocialFusion.build/DerivedSources/Entitlements-Simulated.plist

ProcessProductPackaging "" /Users/frankemanuele/Library/Developer/Xcode/DerivedData/SocialFusion-dmcylkdxdnugaugctnmrhexeekqr/Build/Intermediates.noindex/SocialFusion.build/Debug-iphonesimulator/SocialFusion.build/SocialFusion.app-Simulated.xcent (in target 'SocialFusion' from project 'SocialFusion')
    cd /Users/frankemanuele/Documents/GitHub/SocialFusion
    
    Entitlements:
    
    {
    "application-identifier" = "9XH4G9XR8X.com.socialfusionapp.app";
}
    
    builtin-productPackagingUtility -entitlements -format xml -o /Users/frankemanuele/Library/Developer/Xcode/DerivedData/SocialFusion-dmcylkdxdnugaugctnmrhexeekqr/Build/Intermediates.noindex/SocialFusion.build/Debug-iphonesimulator/SocialFusion.build/SocialFusion.app-Simulated.xcent

ProcessProductPackagingDER /Users/frankemanuele/Library/Developer/Xcode/DerivedData/SocialFusion-dmcylkdxdnugaugctnmrhexeekqr/Build/Intermediates.noindex/SocialFusion.build/Debug-iphonesimulator/SocialFusion.build/SocialFusion.app-Simulated.xcent /Users/frankemanuele/Library/Developer/Xcode/DerivedData/SocialFusion-dmcylkdxdnugaugctnmrhexeekqr/Build/Intermediates.noindex/SocialFusion.build/Debug-iphonesimulator/SocialFusion.build/SocialFusion.app-Simulated.xcent.der (in target 'SocialFusion' from project 'SocialFusion')
    cd /Users/frankemanuele/Documents/GitHub/SocialFusion
    /usr/bin/derq query -f xml -i /Users/frankemanuele/Library/Developer/Xcode/DerivedData/SocialFusion-dmcylkdxdnugaugctnmrhexeekqr/Build/Intermediates.noindex/SocialFusion.build/Debug-iphonesimulator/SocialFusion.build/SocialFusion.app-Simulated.xcent -o /Users/frankemanuele/Library/Developer/Xcode/DerivedData/SocialFusion-dmcylkdxdnugaugctnmrhexeekqr/Build/Intermediates.noindex/SocialFusion.build/Debug-iphonesimulator/SocialFusion.build/SocialFusion.app-Simulated.xcent.der --raw

Ld /Users/frankemanuele/Library/Developer/Xcode/DerivedData/SocialFusion-dmcylkdxdnugaugctnmrhexeekqr/Build/Products/Debug-iphonesimulator/SocialFusion.app/__preview.dylib normal (in target 'SocialFusion' from project 'SocialFusion')
    cd /Users/frankemanuele/Documents/GitHub/SocialFusion
    /Applications/Xcode.app/Contents/Developer/Toolchains/XcodeDefault.xctoolchain/usr/bin/clang -Xlinker -reproducible -target arm64-apple-ios16.0-simulator -dynamiclib -isysroot /Applications/Xcode.app/Contents/Developer/Platforms/iPhoneSimulator.platform/Developer/SDKs/iPhoneSimulator26.2.sdk -O0 -L/Users/frankemanuele/Library/Developer/Xcode/DerivedData/SocialFusion-dmcylkdxdnugaugctnmrhexeekqr/Build/Products/Debug-iphonesimulator -F/Users/frankemanuele/Library/Developer/Xcode/DerivedData/SocialFusion-dmcylkdxdnugaugctnmrhexeekqr/Build/Products/Debug-iphonesimulator -install_name @rpath/SocialFusion.debug.dylib -dead_strip -rdynamic -Xlinker -no_deduplicate -Xlinker -objc_abi_version -Xlinker 2 -Xlinker -dependency_info -Xlinker /Users/frankemanuele/Library/Developer/Xcode/DerivedData/SocialFusion-dmcylkdxdnugaugctnmrhexeekqr/Build/Intermediates.noindex/SocialFusion.build/Debug-iphonesimulator/SocialFusion.build/Objects-normal/arm64/SocialFusion_dependency_info.dat -Xlinker -sectcreate -Xlinker __TEXT -Xlinker __entitlements -Xlinker /Users/frankemanuele/Library/Developer/Xcode/DerivedData/SocialFusion-dmcylkdxdnugaugctnmrhexeekqr/Build/Intermediates.noindex/SocialFusion.build/Debug-iphonesimulator/SocialFusion.build/SocialFusion.app-Simulated.xcent -Xlinker -sectcreate -Xlinker __TEXT -Xlinker __ents_der -Xlinker /Users/frankemanuele/Library/Developer/Xcode/DerivedData/SocialFusion-dmcylkdxdnugaugctnmrhexeekqr/Build/Intermediates.noindex/SocialFusion.build/Debug-iphonesimulator/SocialFusion.build/SocialFusion.app-Simulated.xcent.der -Xlinker -no_adhoc_codesign -o /Users/frankemanuele/Library/Developer/Xcode/DerivedData/SocialFusion-dmcylkdxdnugaugctnmrhexeekqr/Build/Products/Debug-iphonesimulator/SocialFusion.app/__preview.dylib

GenerateAssetSymbols /Users/frankemanuele/Documents/GitHub/SocialFusion/SocialFusion/Assets.xcassets (in target 'SocialFusion' from project 'SocialFusion')
    cd /Users/frankemanuele/Documents/GitHub/SocialFusion
    /Applications/Xcode.app/Contents/Developer/usr/bin/actool /Users/frankemanuele/Documents/GitHub/SocialFusion/SocialFusion/Assets.xcassets --compile /Users/frankemanuele/Library/Developer/Xcode/DerivedData/SocialFusion-dmcylkdxdnugaugctnmrhexeekqr/Build/Products/Debug-iphonesimulator/SocialFusion.app --output-format human-readable-text --notices --warnings --export-dependency-info /Users/frankemanuele/Library/Developer/Xcode/DerivedData/SocialFusion-dmcylkdxdnugaugctnmrhexeekqr/Build/Intermediates.noindex/SocialFusion.build/Debug-iphonesimulator/SocialFusion.build/assetcatalog_dependencies --output-partial-info-plist /Users/frankemanuele/Library/Developer/Xcode/DerivedData/SocialFusion-dmcylkdxdnugaugctnmrhexeekqr/Build/Intermediates.noindex/SocialFusion.build/Debug-iphonesimulator/SocialFusion.build/assetcatalog_generated_info.plist --app-icon AppIcon --compress-pngs --enable-on-demand-resources YES --development-region en --target-device iphone --target-device ipad --minimum-deployment-target 16.0 --platform iphonesimulator --bundle-identifier com.socialfusionapp.app --generate-swift-asset-symbol-extensions NO --generate-swift-asset-symbols /Users/frankemanuele/Library/Developer/Xcode/DerivedData/SocialFusion-dmcylkdxdnugaugctnmrhexeekqr/Build/Intermediates.noindex/SocialFusion.build/Debug-iphonesimulator/SocialFusion.build/DerivedSources/GeneratedAssetSymbols.swift --generate-objc-asset-symbols /Users/frankemanuele/Library/Developer/Xcode/DerivedData/SocialFusion-dmcylkdxdnugaugctnmrhexeekqr/Build/Intermediates.noindex/SocialFusion.build/Debug-iphonesimulator/SocialFusion.build/DerivedSources/GeneratedAssetSymbols.h --generate-asset-symbol-index /Users/frankemanuele/Library/Developer/Xcode/DerivedData/SocialFusion-dmcylkdxdnugaugctnmrhexeekqr/Build/Intermediates.noindex/SocialFusion.build/Debug-iphonesimulator/SocialFusion.build/DerivedSources/GeneratedAssetSymbols-Index.plist
/* com.apple.actool.compilation-results */
/Users/frankemanuele/Library/Developer/Xcode/DerivedData/SocialFusion-dmcylkdxdnugaugctnmrhexeekqr/Build/Intermediates.noindex/SocialFusion.build/Debug-iphonesimulator/SocialFusion.build/DerivedSources/GeneratedAssetSymbols-Index.plist
/Users/frankemanuele/Library/Developer/Xcode/DerivedData/SocialFusion-dmcylkdxdnugaugctnmrhexeekqr/Build/Intermediates.noindex/SocialFusion.build/Debug-iphonesimulator/SocialFusion.build/DerivedSources/GeneratedAssetSymbols.h
/Users/frankemanuele/Library/Developer/Xcode/DerivedData/SocialFusion-dmcylkdxdnugaugctnmrhexeekqr/Build/Intermediates.noindex/SocialFusion.build/Debug-iphonesimulator/SocialFusion.build/DerivedSources/GeneratedAssetSymbols.swift


CpResource /Users/frankemanuele/Library/Developer/Xcode/DerivedData/SocialFusion-dmcylkdxdnugaugctnmrhexeekqr/Build/Products/Debug-iphonesimulator/SocialFusion.app/URL_TRUNCATION_FIX_COMPLETE.md /Users/frankemanuele/Documents/GitHub/SocialFusion/SocialFusion/URL_TRUNCATION_FIX_COMPLETE.md (in target 'SocialFusion' from project 'SocialFusion')
    cd /Users/frankemanuele/Documents/GitHub/SocialFusion
    builtin-copy -exclude .DS_Store -exclude CVS -exclude .svn -exclude .git -exclude .hg -resolve-src-symlinks /Users/frankemanuele/Documents/GitHub/SocialFusion/SocialFusion/URL_TRUNCATION_FIX_COMPLETE.md /Users/frankemanuele/Library/Developer/Xcode/DerivedData/SocialFusion-dmcylkdxdnugaugctnmrhexeekqr/Build/Products/Debug-iphonesimulator/SocialFusion.app

CpResource /Users/frankemanuele/Library/Developer/Xcode/DerivedData/SocialFusion-dmcylkdxdnugaugctnmrhexeekqr/Build/Products/Debug-iphonesimulator/SocialFusion.app/PostDetailView.swift.bak /Users/frankemanuele/Documents/GitHub/SocialFusion/SocialFusion/Views/PostDetailView.swift.bak (in target 'SocialFusion' from project 'SocialFusion')
    cd /Users/frankemanuele/Documents/GitHub/SocialFusion
    builtin-copy -exclude .DS_Store -exclude CVS -exclude .svn -exclude .git -exclude .hg -resolve-src-symlinks /Users/frankemanuele/Documents/GitHub/SocialFusion/SocialFusion/Views/PostDetailView.swift.bak /Users/frankemanuele/Library/Developer/Xcode/DerivedData/SocialFusion-dmcylkdxdnugaugctnmrhexeekqr/Build/Products/Debug-iphonesimulator/SocialFusion.app

CpResource /Users/frankemanuele/Library/Developer/Xcode/DerivedData/SocialFusion-dmcylkdxdnugaugctnmrhexeekqr/Build/Products/Debug-iphonesimulator/SocialFusion.app/PROFILE_IMAGE_LOADING_IMPROVEMENTS.md /Users/frankemanuele/Documents/GitHub/SocialFusion/SocialFusion/PROFILE_IMAGE_LOADING_IMPROVEMENTS.md (in target 'SocialFusion' from project 'SocialFusion')
    cd /Users/frankemanuele/Documents/GitHub/SocialFusion
    builtin-copy -exclude .DS_Store -exclude CVS -exclude .svn -exclude .git -exclude .hg -resolve-src-symlinks /Users/frankemanuele/Documents/GitHub/SocialFusion/SocialFusion/PROFILE_IMAGE_LOADING_IMPROVEMENTS.md /Users/frankemanuele/Library/Developer/Xcode/DerivedData/SocialFusion-dmcylkdxdnugaugctnmrhexeekqr/Build/Products/Debug-iphonesimulator/SocialFusion.app

MkDir /Users/frankemanuele/Library/Developer/Xcode/DerivedData/SocialFusion-dmcylkdxdnugaugctnmrhexeekqr/Build/Intermediates.noindex/SocialFusion.build/Debug-iphonesimulator/SocialFusion.build/assetcatalog_output/unthinned (in target 'SocialFusion' from project 'SocialFusion')
    cd /Users/frankemanuele/Documents/GitHub/SocialFusion
    /bin/mkdir -p /Users/frankemanuele/Library/Developer/Xcode/DerivedData/SocialFusion-dmcylkdxdnugaugctnmrhexeekqr/Build/Intermediates.noindex/SocialFusion.build/Debug-iphonesimulator/SocialFusion.build/assetcatalog_output/unthinned

CpResource /Users/frankemanuele/Library/Developer/Xcode/DerivedData/SocialFusion-dmcylkdxdnugaugctnmrhexeekqr/Build/Products/Debug-iphonesimulator/SocialFusion.app/DataFlow.md /Users/frankemanuele/Documents/GitHub/SocialFusion/SocialFusion/Architecture/DataFlow.md (in target 'SocialFusion' from project 'SocialFusion')
    cd /Users/frankemanuele/Documents/GitHub/SocialFusion
    builtin-copy -exclude .DS_Store -exclude CVS -exclude .svn -exclude .git -exclude .hg -resolve-src-symlinks /Users/frankemanuele/Documents/GitHub/SocialFusion/SocialFusion/Architecture/DataFlow.md /Users/frankemanuele/Library/Developer/Xcode/DerivedData/SocialFusion-dmcylkdxdnugaugctnmrhexeekqr/Build/Products/Debug-iphonesimulator/SocialFusion.app

MkDir /Users/frankemanuele/Library/Developer/Xcode/DerivedData/SocialFusion-dmcylkdxdnugaugctnmrhexeekqr/Build/Intermediates.noindex/SocialFusion.build/Debug-iphonesimulator/SocialFusion.build/assetcatalog_output/thinned (in target 'SocialFusion' from project 'SocialFusion')
    cd /Users/frankemanuele/Documents/GitHub/SocialFusion
    /bin/mkdir -p /Users/frankemanuele/Library/Developer/Xcode/DerivedData/SocialFusion-dmcylkdxdnugaugctnmrhexeekqr/Build/Intermediates.noindex/SocialFusion.build/Debug-iphonesimulator/SocialFusion.build/assetcatalog_output/thinned

CpResource /Users/frankemanuele/Library/Developer/Xcode/DerivedData/SocialFusion-dmcylkdxdnugaugctnmrhexeekqr/Build/Products/Debug-iphonesimulator/SocialFusion.app/ContentView.swift.bak /Users/frankemanuele/Documents/GitHub/SocialFusion/SocialFusion/ContentView.swift.bak (in target 'SocialFusion' from project 'SocialFusion')
    cd /Users/frankemanuele/Documents/GitHub/SocialFusion
    builtin-copy -exclude .DS_Store -exclude CVS -exclude .svn -exclude .git -exclude .hg -resolve-src-symlinks /Users/frankemanuele/Documents/GitHub/SocialFusion/SocialFusion/ContentView.swift.bak /Users/frankemanuele/Library/Developer/Xcode/DerivedData/SocialFusion-dmcylkdxdnugaugctnmrhexeekqr/Build/Products/Debug-iphonesimulator/SocialFusion.app

CpResource /Users/frankemanuele/Library/Developer/Xcode/DerivedData/SocialFusion-dmcylkdxdnugaugctnmrhexeekqr/Build/Products/Debug-iphonesimulator/SocialFusion.app/ConsolidatedTimelineView.swift.backup /Users/frankemanuele/Documents/GitHub/SocialFusion/SocialFusion/Views/ConsolidatedTimelineView.swift.backup (in target 'SocialFusion' from project 'SocialFusion')
    cd /Users/frankemanuele/Documents/GitHub/SocialFusion
    builtin-copy -exclude .DS_Store -exclude CVS -exclude .svn -exclude .git -exclude .hg -resolve-src-symlinks /Users/frankemanuele/Documents/GitHub/SocialFusion/SocialFusion/Views/ConsolidatedTimelineView.swift.backup /Users/frankemanuele/Library/Developer/Xcode/DerivedData/SocialFusion-dmcylkdxdnugaugctnmrhexeekqr/Build/Products/Debug-iphonesimulator/SocialFusion.app

CompileStoryboard /Users/frankemanuele/Documents/GitHub/SocialFusion/SocialFusion/Base.lproj/LaunchScreen.storyboard (in target 'SocialFusion' from project 'SocialFusion')
    cd /Users/frankemanuele/Documents/GitHub/SocialFusion
    /Applications/Xcode.app/Contents/Developer/usr/bin/ibtool --errors --warnings --notices --module SocialFusion --output-partial-info-plist /Users/frankemanuele/Library/Developer/Xcode/DerivedData/SocialFusion-dmcylkdxdnugaugctnmrhexeekqr/Build/Intermediates.noindex/SocialFusion.build/Debug-iphonesimulator/SocialFusion.build/Base.lproj/LaunchScreen-SBPartialInfo.plist --auto-activate-custom-fonts --target-device iphone --target-device ipad --minimum-deployment-target 16.0 --output-format human-readable-text /Users/frankemanuele/Documents/GitHub/SocialFusion/SocialFusion/Base.lproj/LaunchScreen.storyboard --compilation-directory /Users/frankemanuele/Library/Developer/Xcode/DerivedData/SocialFusion-dmcylkdxdnugaugctnmrhexeekqr/Build/Intermediates.noindex/SocialFusion.build/Debug-iphonesimulator/SocialFusion.build/Base.lproj

CompileAssetCatalogVariant thinned /Users/frankemanuele/Library/Developer/Xcode/DerivedData/SocialFusion-dmcylkdxdnugaugctnmrhexeekqr/Build/Products/Debug-iphonesimulator/SocialFusion.app /Users/frankemanuele/Documents/GitHub/SocialFusion/SocialFusion/Assets.xcassets (in target 'SocialFusion' from project 'SocialFusion')
    cd /Users/frankemanuele/Documents/GitHub/SocialFusion
    /Applications/Xcode.app/Contents/Developer/usr/bin/actool /Users/frankemanuele/Documents/GitHub/SocialFusion/SocialFusion/Assets.xcassets --compile /Users/frankemanuele/Library/Developer/Xcode/DerivedData/SocialFusion-dmcylkdxdnugaugctnmrhexeekqr/Build/Intermediates.noindex/SocialFusion.build/Debug-iphonesimulator/SocialFusion.build/assetcatalog_output/thinned --output-format human-readable-text --notices --warnings --export-dependency-info /Users/frankemanuele/Library/Developer/Xcode/DerivedData/SocialFusion-dmcylkdxdnugaugctnmrhexeekqr/Build/Intermediates.noindex/SocialFusion.build/Debug-iphonesimulator/SocialFusion.build/assetcatalog_dependencies_thinned --output-partial-info-plist /Users/frankemanuele/Library/Developer/Xcode/DerivedData/SocialFusion-dmcylkdxdnugaugctnmrhexeekqr/Build/Intermediates.noindex/SocialFusion.build/Debug-iphonesimulator/SocialFusion.build/assetcatalog_generated_info.plist_thinned --app-icon AppIcon --compress-pngs --enable-on-demand-resources YES --filter-for-thinning-device-configuration iPhone18,1 --filter-for-device-os-version 26.2 --development-region en --target-device iphone --target-device ipad --minimum-deployment-target 16.0 --platform iphonesimulator
/* com.apple.actool.compilation-results */
/Users/frankemanuele/Library/Developer/Xcode/DerivedData/SocialFusion-dmcylkdxdnugaugctnmrhexeekqr/Build/Intermediates.noindex/SocialFusion.build/Debug-iphonesimulator/SocialFusion.build/assetcatalog_generated_info.plist_thinned
/Users/frankemanuele/Library/Developer/Xcode/DerivedData/SocialFusion-dmcylkdxdnugaugctnmrhexeekqr/Build/Intermediates.noindex/SocialFusion.build/Debug-iphonesimulator/SocialFusion.build/assetcatalog_output/thinned/AppIcon60x60@2x.png
/Users/frankemanuele/Library/Developer/Xcode/DerivedData/SocialFusion-dmcylkdxdnugaugctnmrhexeekqr/Build/Intermediates.noindex/SocialFusion.build/Debug-iphonesimulator/SocialFusion.build/assetcatalog_output/thinned/AppIcon76x76@2x~ipad.png
/Users/frankemanuele/Library/Developer/Xcode/DerivedData/SocialFusion-dmcylkdxdnugaugctnmrhexeekqr/Build/Intermediates.noindex/SocialFusion.build/Debug-iphonesimulator/SocialFusion.build/assetcatalog_output/thinned/Assets.car


SwiftDriver SocialFusion normal arm64 com.apple.xcode.tools.swift.compiler (in target 'SocialFusion' from project 'SocialFusion')
    cd /Users/frankemanuele/Documents/GitHub/SocialFusion
    builtin-SwiftDriver -- /Applications/Xcode.app/Contents/Developer/Toolchains/XcodeDefault.xctoolchain/usr/bin/swiftc -module-name SocialFusion -Onone -enforce-exclusivity\=checked @/Users/frankemanuele/Library/Developer/Xcode/DerivedData/SocialFusion-dmcylkdxdnugaugctnmrhexeekqr/Build/Intermediates.noindex/SocialFusion.build/Debug-iphonesimulator/SocialFusion.build/Objects-normal/arm64/SocialFusion.SwiftFileList -DDEBUG -enable-bare-slash-regex -enable-experimental-feature DebugDescriptionMacro -sdk /Applications/Xcode.app/Contents/Developer/Platforms/iPhoneSimulator.platform/Developer/SDKs/iPhoneSimulator26.2.sdk -target arm64-apple-ios16.0-simulator -g -module-cache-path /Users/frankemanuele/Library/Developer/Xcode/DerivedData/ModuleCache.noindex -Xfrontend -serialize-debugging-options -enable-testing -index-store-path /Users/frankemanuele/Library/Developer/Xcode/DerivedData/SocialFusion-dmcylkdxdnugaugctnmrhexeekqr/Index.noindex/DataStore -Xcc -D_LIBCPP_HARDENING_MODE\=_LIBCPP_HARDENING_MODE_DEBUG -swift-version 5 -I /Users/frankemanuele/Library/Developer/Xcode/DerivedData/SocialFusion-dmcylkdxdnugaugctnmrhexeekqr/Build/Products/Debug-iphonesimulator -F /Users/frankemanuele/Library/Developer/Xcode/DerivedData/SocialFusion-dmcylkdxdnugaugctnmrhexeekqr/Build/Products/Debug-iphonesimulator -c -j10 -enable-batch-mode -incremental -Xcc -ivfsstatcache -Xcc /Users/frankemanuele/Library/Developer/Xcode/DerivedData/SDKStatCaches.noindex/iphonesimulator26.2-23C53-7d00a8b37fbd7999ea79df8ebc024bf0.sdkstatcache -output-file-map /Users/frankemanuele/Library/Developer/Xcode/DerivedData/SocialFusion-dmcylkdxdnugaugctnmrhexeekqr/Build/Intermediates.noindex/SocialFusion.build/Debug-iphonesimulator/SocialFusion.build/Objects-normal/arm64/SocialFusion-OutputFileMap.json -use-frontend-parseable-output -save-temps -no-color-diagnostics -explicit-module-build -module-cache-path /Users/frankemanuele/Library/Developer/Xcode/DerivedData/SocialFusion-dmcylkdxdnugaugctnmrhexeekqr/Build/Intermediates.noindex/SwiftExplicitPrecompiledModules -clang-scanner-module-cache-path /Users/frankemanuele/Library/Developer/Xcode/DerivedData/ModuleCache.noindex -sdk-module-cache-path /Users/frankemanuele/Library/Developer/Xcode/DerivedData/ModuleCache.noindex -serialize-diagnostics -emit-dependencies -emit-module -emit-module-path /Users/frankemanuele/Library/Developer/Xcode/DerivedData/SocialFusion-dmcylkdxdnugaugctnmrhexeekqr/Build/Intermediates.noindex/SocialFusion.build/Debug-iphonesimulator/SocialFusion.build/Objects-normal/arm64/SocialFusion.swiftmodule -validate-clang-modules-once -clang-build-session-file /Users/frankemanuele/Library/Developer/Xcode/DerivedData/ModuleCache.noindex/Session.modulevalidation -Xcc -I/Users/frankemanuele/Library/Developer/Xcode/DerivedData/SocialFusion-dmcylkdxdnugaugctnmrhexeekqr/Build/Intermediates.noindex/SocialFusion.build/Debug-iphonesimulator/SocialFusion.build/swift-overrides.hmap -emit-const-values -Xfrontend -const-gather-protocols-file -Xfrontend /Users/frankemanuele/Library/Developer/Xcode/DerivedData/SocialFusion-dmcylkdxdnugaugctnmrhexeekqr/Build/Intermediates.noindex/SocialFusion.build/Debug-iphonesimulator/SocialFusion.build/Objects-normal/arm64/SocialFusion_const_extract_protocols.json -Xcc -iquote -Xcc /Users/frankemanuele/Library/Developer/Xcode/DerivedData/SocialFusion-dmcylkdxdnugaugctnmrhexeekqr/Build/Intermediates.noindex/SocialFusion.build/Debug-iphonesimulator/SocialFusion.build/SocialFusion-generated-files.hmap -Xcc -I/Users/frankemanuele/Library/Developer/Xcode/DerivedData/SocialFusion-dmcylkdxdnugaugctnmrhexeekqr/Build/Intermediates.noindex/SocialFusion.build/Debug-iphonesimulator/SocialFusion.build/SocialFusion-own-target-headers.hmap -Xcc -I/Users/frankemanuele/Library/Developer/Xcode/DerivedData/SocialFusion-dmcylkdxdnugaugctnmrhexeekqr/Build/Intermediates.noindex/SocialFusion.build/Debug-iphonesimulator/SocialFusion.build/SocialFusion-all-target-headers.hmap -Xcc -iquote -Xcc /Users/frankemanuele/Library/Developer/Xcode/DerivedData/SocialFusion-dmcylkdxdnugaugctnmrhexeekqr/Build/Intermediates.noindex/SocialFusion.build/Debug-iphonesimulator/SocialFusion.build/SocialFusion-project-headers.hmap -Xcc -I/Users/frankemanuele/Library/Developer/Xcode/DerivedData/SocialFusion-dmcylkdxdnugaugctnmrhexeekqr/Build/Products/Debug-iphonesimulator/include -Xcc -I/Users/frankemanuele/Library/Developer/Xcode/DerivedData/SocialFusion-dmcylkdxdnugaugctnmrhexeekqr/Build/Intermediates.noindex/SocialFusion.build/Debug-iphonesimulator/SocialFusion.build/DerivedSources-normal/arm64 -Xcc -I/Users/frankemanuele/Library/Developer/Xcode/DerivedData/SocialFusion-dmcylkdxdnugaugctnmrhexeekqr/Build/Intermediates.noindex/SocialFusion.build/Debug-iphonesimulator/SocialFusion.build/DerivedSources/arm64 -Xcc -I/Users/frankemanuele/Library/Developer/Xcode/DerivedData/SocialFusion-dmcylkdxdnugaugctnmrhexeekqr/Build/Intermediates.noindex/SocialFusion.build/Debug-iphonesimulator/SocialFusion.build/DerivedSources -Xcc -DDEBUG\=1 -emit-objc-header -emit-objc-header-path /Users/frankemanuele/Library/Developer/Xcode/DerivedData/SocialFusion-dmcylkdxdnugaugctnmrhexeekqr/Build/Intermediates.noindex/SocialFusion.build/Debug-iphonesimulator/SocialFusion.build/Objects-normal/arm64/SocialFusion-Swift.h -working-directory /Users/frankemanuele/Documents/GitHub/SocialFusion -experimental-emit-module-separately -disable-cmo

LinkStoryboards (in target 'SocialFusion' from project 'SocialFusion')
    cd /Users/frankemanuele/Documents/GitHub/SocialFusion
    /Applications/Xcode.app/Contents/Developer/usr/bin/ibtool --errors --warnings --notices --module SocialFusion --target-device iphone --target-device ipad --minimum-deployment-target 16.0 --output-format human-readable-text --link /Users/frankemanuele/Library/Developer/Xcode/DerivedData/SocialFusion-dmcylkdxdnugaugctnmrhexeekqr/Build/Products/Debug-iphonesimulator/SocialFusion.app /Users/frankemanuele/Library/Developer/Xcode/DerivedData/SocialFusion-dmcylkdxdnugaugctnmrhexeekqr/Build/Intermediates.noindex/SocialFusion.build/Debug-iphonesimulator/SocialFusion.build/Base.lproj/LaunchScreen.storyboardc

SwiftCompile normal arm64 Compiling\ KeychainService.swift,\ LaunchAnimationView.swift,\ LinkDetection.swift,\ LinkPreview.swift,\ LinkPreviewCache.swift,\ LinkPreviewSelector.swift,\ LiquidGlassComponents.swift,\ LiquidGlassConfiguration.swift,\ LoadingState.swift,\ MastodonAPIClient.swift,\ MastodonModels.swift,\ MastodonPost.swift,\ MastodonService.swift,\ MediaConfiguration.swift,\ MediaErrorHandler.swift,\ MediaFullscreenView.swift /Users/frankemanuele/Documents/GitHub/SocialFusion/SocialFusion/Services/KeychainService.swift /Users/frankemanuele/Documents/GitHub/SocialFusion/SocialFusion/Views/Components/LaunchAnimationView.swift /Users/frankemanuele/Documents/GitHub/SocialFusion/SocialFusion/Utilities/LinkDetection.swift /Users/frankemanuele/Documents/GitHub/SocialFusion/SocialFusion/Views/Components/LinkPreview.swift /Users/frankemanuele/Documents/GitHub/SocialFusion/SocialFusion/Models/LinkPreviewCache.swift /Users/frankemanuele/Documents/GitHub/SocialFusion/SocialFusion/Views/Components/LinkPreviewSelector.swift /Users/frankemanuele/Documents/GitHub/SocialFusion/SocialFusion/Views/Components/LiquidGlassComponents.swift /Users/frankemanuele/Documents/GitHub/SocialFusion/SocialFusion/Views/Components/LiquidGlassConfiguration.swift /Users/frankemanuele/Documents/GitHub/SocialFusion/SocialFusion/Components/LoadingState.swift /Users/frankemanuele/Documents/GitHub/SocialFusion/SocialFusion/Services/MastodonAPIClient.swift /Users/frankemanuele/Documents/GitHub/SocialFusion/SocialFusion/Models/MastodonModels.swift /Users/frankemanuele/Documents/GitHub/SocialFusion/SocialFusion/Models/MastodonPost.swift /Users/frankemanuele/Documents/GitHub/SocialFusion/SocialFusion/Services/MastodonService.swift /Users/frankemanuele/Documents/GitHub/SocialFusion/SocialFusion/Configuration/MediaConfiguration.swift /Users/frankemanuele/Documents/GitHub/SocialFusion/SocialFusion/Services/MediaErrorHandler.swift /Users/frankemanuele/Documents/GitHub/SocialFusion/SocialFusion/Views/MediaFullscreenView.swift (in target 'SocialFusion' from project 'SocialFusion')
SwiftCompile normal arm64 /Users/frankemanuele/Documents/GitHub/SocialFusion/SocialFusion/Services/KeychainService.swift (in target 'SocialFusion' from project 'SocialFusion')
    cd /Users/frankemanuele/Documents/GitHub/SocialFusion
    

SwiftCompile normal arm64 /Users/frankemanuele/Documents/GitHub/SocialFusion/SocialFusion/Views/Components/LaunchAnimationView.swift (in target 'SocialFusion' from project 'SocialFusion')
    cd /Users/frankemanuele/Documents/GitHub/SocialFusion
    

SwiftCompile normal arm64 /Users/frankemanuele/Documents/GitHub/SocialFusion/SocialFusion/Utilities/LinkDetection.swift (in target 'SocialFusion' from project 'SocialFusion')
    cd /Users/frankemanuele/Documents/GitHub/SocialFusion
    

SwiftCompile normal arm64 /Users/frankemanuele/Documents/GitHub/SocialFusion/SocialFusion/Views/Components/LinkPreview.swift (in target 'SocialFusion' from project 'SocialFusion')
    cd /Users/frankemanuele/Documents/GitHub/SocialFusion
    

SwiftCompile normal arm64 /Users/frankemanuele/Documents/GitHub/SocialFusion/SocialFusion/Models/LinkPreviewCache.swift (in target 'SocialFusion' from project 'SocialFusion')
    cd /Users/frankemanuele/Documents/GitHub/SocialFusion
    

SwiftCompile normal arm64 /Users/frankemanuele/Documents/GitHub/SocialFusion/SocialFusion/Views/Components/LinkPreviewSelector.swift (in target 'SocialFusion' from project 'SocialFusion')
    cd /Users/frankemanuele/Documents/GitHub/SocialFusion
    

SwiftCompile normal arm64 /Users/frankemanuele/Documents/GitHub/SocialFusion/SocialFusion/Views/Components/LiquidGlassComponents.swift (in target 'SocialFusion' from project 'SocialFusion')
    cd /Users/frankemanuele/Documents/GitHub/SocialFusion
    

SwiftCompile normal arm64 /Users/frankemanuele/Documents/GitHub/SocialFusion/SocialFusion/Views/Components/LiquidGlassConfiguration.swift (in target 'SocialFusion' from project 'SocialFusion')
    cd /Users/frankemanuele/Documents/GitHub/SocialFusion
    

SwiftCompile normal arm64 /Users/frankemanuele/Documents/GitHub/SocialFusion/SocialFusion/Components/LoadingState.swift (in target 'SocialFusion' from project 'SocialFusion')
    cd /Users/frankemanuele/Documents/GitHub/SocialFusion
    

SwiftCompile normal arm64 /Users/frankemanuele/Documents/GitHub/SocialFusion/SocialFusion/Services/MastodonAPIClient.swift (in target 'SocialFusion' from project 'SocialFusion')
    cd /Users/frankemanuele/Documents/GitHub/SocialFusion
    

SwiftCompile normal arm64 /Users/frankemanuele/Documents/GitHub/SocialFusion/SocialFusion/Models/MastodonModels.swift (in target 'SocialFusion' from project 'SocialFusion')
    cd /Users/frankemanuele/Documents/GitHub/SocialFusion
    

SwiftCompile normal arm64 /Users/frankemanuele/Documents/GitHub/SocialFusion/SocialFusion/Models/MastodonPost.swift (in target 'SocialFusion' from project 'SocialFusion')
    cd /Users/frankemanuele/Documents/GitHub/SocialFusion
    

SwiftCompile normal arm64 /Users/frankemanuele/Documents/GitHub/SocialFusion/SocialFusion/Services/MastodonService.swift (in target 'SocialFusion' from project 'SocialFusion')
    cd /Users/frankemanuele/Documents/GitHub/SocialFusion
    
/Users/frankemanuele/Documents/GitHub/SocialFusion/SocialFusion/Services/MastodonService.swift:1296:20: warning: no 'async' operations occur within 'await' expression
            return await self.convertMastodonStatusToPost(status, account: account)
                   ^
/Users/frankemanuele/Documents/GitHub/SocialFusion/SocialFusion/Services/MastodonService.swift:1395:20: warning: no 'async' operations occur within 'await' expression
            return await self.convertMastodonStatusToPost(status, account: account)
                   ^
/Users/frankemanuele/Documents/GitHub/SocialFusion/SocialFusion/Services/MastodonService.swift:1469:16: warning: no 'async' operations occur within 'await' expression
        return await self.convertMastodonStatusToPost(status, account: account)
               ^
/Users/frankemanuele/Documents/GitHub/SocialFusion/SocialFusion/Services/MastodonService.swift:1513:16: warning: no 'async' operations occur within 'await' expression
        return await self.convertMastodonStatusToPost(status, account: account)
               ^
/Users/frankemanuele/Documents/GitHub/SocialFusion/SocialFusion/Services/MastodonService.swift:1581:16: warning: no 'async' operations occur within 'await' expression
        return await self.convertMastodonStatusToPost(status, account: account)
               ^
/Users/frankemanuele/Documents/GitHub/SocialFusion/SocialFusion/Services/MastodonService.swift:1918:66: warning: immutable value 'replyToId' was never used; consider replacing with '_' or removing it
        if let replyToAccountId = status.inReplyToAccountId, let replyToId = status.inReplyToId {
                                                             ~~~~^~~~~~~~~
                                                             _
/Users/frankemanuele/Documents/GitHub/SocialFusion/SocialFusion/Services/MastodonService.swift:2090:16: warning: immutable value 'replyToAccountId' was never used; consider replacing with '_' or removing it
        if let replyToAccountId = status.inReplyToAccountId, let replyToId = status.inReplyToId,
           ~~~~^~~~~~~~~~~~~~~~
           _
/Users/frankemanuele/Documents/GitHub/SocialFusion/SocialFusion/Services/MastodonService.swift:2242:16: warning: no 'async' operations occur within 'await' expression
        return await self.convertMastodonStatusToPost(status, account: account)
               ^
/Users/frankemanuele/Documents/GitHub/SocialFusion/SocialFusion/Services/MastodonService.swift:2275:21: warning: no 'async' operations occur within 'await' expression
        let posts = await convertToGenericPosts(statuses: statuses)
                    ^
/Users/frankemanuele/Documents/GitHub/SocialFusion/SocialFusion/Services/MastodonService.swift:2340:57: warning: capture of 'mastodonAccount' with non-Sendable type 'MastodonAccount' in a '@Sendable' closure
                        "✅ Updated Mastodon account \(mastodonAccount.username) with profile image URL"
/Users/frankemanuele/Documents/GitHub/SocialFusion/SocialFusion/Models/MastodonModels.swift:45:15: note: consider making struct 'MastodonAccount' conform to the 'Sendable' protocol
public struct MastodonAccount: Codable {
              ^
                                      , Sendable
/Users/frankemanuele/Documents/GitHub/SocialFusion/SocialFusion/Services/MastodonService.swift:2457:20: warning: no 'async' operations occur within 'await' expression
            return await self.convertMastodonStatusToPost(status, account: account)
                   ^

SwiftCompile normal arm64 /Users/frankemanuele/Documents/GitHub/SocialFusion/SocialFusion/Configuration/MediaConfiguration.swift (in target 'SocialFusion' from project 'SocialFusion')
    cd /Users/frankemanuele/Documents/GitHub/SocialFusion
    

SwiftCompile normal arm64 /Users/frankemanuele/Documents/GitHub/SocialFusion/SocialFusion/Services/MediaErrorHandler.swift (in target 'SocialFusion' from project 'SocialFusion')
    cd /Users/frankemanuele/Documents/GitHub/SocialFusion
    

SwiftCompile normal arm64 /Users/frankemanuele/Documents/GitHub/SocialFusion/SocialFusion/Views/MediaFullscreenView.swift (in target 'SocialFusion' from project 'SocialFusion')
    cd /Users/frankemanuele/Documents/GitHub/SocialFusion
    
/Users/frankemanuele/Documents/GitHub/SocialFusion/SocialFusion/Views/MediaFullscreenView.swift:74:31: warning: value 'currentAttachment' was defined but never used; consider replacing with boolean test
                } else if let currentAttachment = currentAttachment {
                          ~~~~^~~~~~~~~~~~~~~~~~~~
                                                                    != nil
/Users/frankemanuele/Documents/GitHub/SocialFusion/SocialFusion/Views/MediaFullscreenView.swift:652:30: warning: 'windows' was deprecated in iOS 15.0: Use UIWindowScene.windows on a relevant window scene instead
        UIApplication.shared.windows.first?.rootViewController?
                             ^
/Users/frankemanuele/Documents/GitHub/SocialFusion/SocialFusion/Views/MediaFullscreenView.swift:522:9: warning: default will never be executed
        default:
        ^

SwiftCompile normal arm64 Compiling\ MediaGridView.swift,\ MediaMemoryManager.swift,\ MediaPerformanceMonitor.swift,\ MigrationControlPanel.swift,\ MigrationTestController.swift,\ MonitoringService.swift,\ MutedKeywordsView.swift,\ NativeYouTubePlayer.swift,\ NetworkConfig.swift,\ NetworkService.swift,\ NotificationManager.swift,\ NotificationName+Extensions.swift,\ NotificationsView.swift,\ OAuthManager.swift,\ OnboardingView.swift,\ ParentPostPreview.swift /Users/frankemanuele/Documents/GitHub/SocialFusion/SocialFusion/Views/Components/MediaGridView.swift /Users/frankemanuele/Documents/GitHub/SocialFusion/SocialFusion/Services/MediaMemoryManager.swift /Users/frankemanuele/Documents/GitHub/SocialFusion/SocialFusion/Services/MediaPerformanceMonitor.swift /Users/frankemanuele/Documents/GitHub/SocialFusion/SocialFusion/Views/MigrationControlPanel.swift /Users/frankemanuele/Documents/GitHub/SocialFusion/SocialFusion/Controllers/MigrationTestController.swift /Users/frankemanuele/Documents/GitHub/SocialFusion/SocialFusion/Utilities/MonitoringService.swift /Users/frankemanuele/Documents/GitHub/SocialFusion/SocialFusion/Views/MutedKeywordsView.swift /Users/frankemanuele/Documents/GitHub/SocialFusion/SocialFusion/Views/Components/NativeYouTubePlayer.swift /Users/frankemanuele/Documents/GitHub/SocialFusion/SocialFusion/Networking/NetworkConfig.swift /Users/frankemanuele/Documents/GitHub/SocialFusion/SocialFusion/Networking/NetworkService.swift /Users/frankemanuele/Documents/GitHub/SocialFusion/SocialFusion/Services/NotificationManager.swift /Users/frankemanuele/Documents/GitHub/SocialFusion/SocialFusion/Extensions/NotificationName+Extensions.swift /Users/frankemanuele/Documents/GitHub/SocialFusion/SocialFusion/Views/NotificationsView.swift /Users/frankemanuele/Documents/GitHub/SocialFusion/SocialFusion/Services/OAuthManager.swift /Users/frankemanuele/Documents/GitHub/SocialFusion/SocialFusion/Views/OnboardingView.swift /Users/frankemanuele/Documents/GitHub/SocialFusion/SocialFusion/Views/Components/ParentPostPreview.swift (in target 'SocialFusion' from project 'SocialFusion')

SwiftCompile normal arm64 /Users/frankemanuele/Documents/GitHub/SocialFusion/SocialFusion/Views/Components/MediaGridView.swift (in target 'SocialFusion' from project 'SocialFusion')
    cd /Users/frankemanuele/Documents/GitHub/SocialFusion
    

SwiftCompile normal arm64 /Users/frankemanuele/Documents/GitHub/SocialFusion/SocialFusion/Services/MediaMemoryManager.swift (in target 'SocialFusion' from project 'SocialFusion')
    cd /Users/frankemanuele/Documents/GitHub/SocialFusion
    

SwiftCompile normal arm64 /Users/frankemanuele/Documents/GitHub/SocialFusion/SocialFusion/Services/MediaPerformanceMonitor.swift (in target 'SocialFusion' from project 'SocialFusion')
    cd /Users/frankemanuele/Documents/GitHub/SocialFusion
    

SwiftCompile normal arm64 /Users/frankemanuele/Documents/GitHub/SocialFusion/SocialFusion/Views/MigrationControlPanel.swift (in target 'SocialFusion' from project 'SocialFusion')
    cd /Users/frankemanuele/Documents/GitHub/SocialFusion
    

SwiftCompile normal arm64 /Users/frankemanuele/Documents/GitHub/SocialFusion/SocialFusion/Controllers/MigrationTestController.swift (in target 'SocialFusion' from project 'SocialFusion')
    cd /Users/frankemanuele/Documents/GitHub/SocialFusion
    
/Users/frankemanuele/Documents/GitHub/SocialFusion/SocialFusion/Controllers/MigrationTestController.swift:28:15: warning: result of call to 'testCompatibilityBridge()' is unused
        await testCompatibilityBridge()
              ^                      ~~
/Users/frankemanuele/Documents/GitHub/SocialFusion/SocialFusion/Controllers/MigrationTestController.swift:28:9: warning: no 'async' operations occur within 'await' expression
        await testCompatibilityBridge()
        ^
/Users/frankemanuele/Documents/GitHub/SocialFusion/SocialFusion/Controllers/MigrationTestController.swift:46:17: warning: initialization of immutable value 'hasEntries' was never used; consider replacing with assignment to '_' or removing it
            let hasEntries = !timelineController.entries.isEmpty
            ~~~~^~~~~~~~~~
            _
/Users/frankemanuele/Documents/GitHub/SocialFusion/SocialFusion/Controllers/MigrationTestController.swift:52:11: warning: 'catch' block is unreachable because no errors are thrown in 'do' block
        } catch {
          ^
/Users/frankemanuele/Documents/GitHub/SocialFusion/SocialFusion/Controllers/MigrationTestController.swift:82:13: warning: initialization of immutable value 'scrollPosition' was never used; consider replacing with assignment to '_' or removing it
        let scrollPosition = ScrollPosition.top
        ~~~~^~~~~~~~~~~~~~
        _
/Users/frankemanuele/Documents/GitHub/SocialFusion/SocialFusion/Controllers/MigrationTestController.swift:92:13: warning: initialization of immutable value 'timelineController' was never used; consider replacing with assignment to '_' or removing it
        let timelineController = TimelineController(serviceManager: serviceManager)
        ~~~~^~~~~~~~~~~~~~~~~~
        _

SwiftCompile normal arm64 /Users/frankemanuele/Documents/GitHub/SocialFusion/SocialFusion/Utilities/MonitoringService.swift (in target 'SocialFusion' from project 'SocialFusion')
    cd /Users/frankemanuele/Documents/GitHub/SocialFusion
    

SwiftCompile normal arm64 /Users/frankemanuele/Documents/GitHub/SocialFusion/SocialFusion/Views/MutedKeywordsView.swift (in target 'SocialFusion' from project 'SocialFusion')
    cd /Users/frankemanuele/Documents/GitHub/SocialFusion
    

SwiftCompile normal arm64 /Users/frankemanuele/Documents/GitHub/SocialFusion/SocialFusion/Views/Components/NativeYouTubePlayer.swift (in target 'SocialFusion' from project 'SocialFusion')
    cd /Users/frankemanuele/Documents/GitHub/SocialFusion
    

SwiftCompile normal arm64 /Users/frankemanuele/Documents/GitHub/SocialFusion/SocialFusion/Networking/NetworkConfig.swift (in target 'SocialFusion' from project 'SocialFusion')
    cd /Users/frankemanuele/Documents/GitHub/SocialFusion
    
/Users/frankemanuele/Documents/GitHub/SocialFusion/SocialFusion/Networking/NetworkConfig.swift:32:47: warning: 'languageCode' was deprecated in iOS 16: renamed to 'language.languageCode.identifier'
            "Accept-Language": Locale.current.languageCode ?? "en",
                                              ^
/Users/frankemanuele/Documents/GitHub/SocialFusion/SocialFusion/Networking/NetworkConfig.swift:32:47: note: use 'language.languageCode.identifier' instead
            "Accept-Language": Locale.current.languageCode ?? "en",
                                              ^~~~~~~~~~~~
                                              language.languageCode.identifier

SwiftCompile normal arm64 /Users/frankemanuele/Documents/GitHub/SocialFusion/SocialFusion/Networking/NetworkService.swift (in target 'SocialFusion' from project 'SocialFusion')
    cd /Users/frankemanuele/Documents/GitHub/SocialFusion
    

SwiftCompile normal arm64 /Users/frankemanuele/Documents/GitHub/SocialFusion/SocialFusion/Services/NotificationManager.swift (in target 'SocialFusion' from project 'SocialFusion')
    cd /Users/frankemanuele/Documents/GitHub/SocialFusion
    

SwiftCompile normal arm64 /Users/frankemanuele/Documents/GitHub/SocialFusion/SocialFusion/Extensions/NotificationName+Extensions.swift (in target 'SocialFusion' from project 'SocialFusion')
    cd /Users/frankemanuele/Documents/GitHub/SocialFusion
    

SwiftCompile normal arm64 /Users/frankemanuele/Documents/GitHub/SocialFusion/SocialFusion/Views/NotificationsView.swift (in target 'SocialFusion' from project 'SocialFusion')
    cd /Users/frankemanuele/Documents/GitHub/SocialFusion
    

SwiftCompile normal arm64 /Users/frankemanuele/Documents/GitHub/SocialFusion/SocialFusion/Services/OAuthManager.swift (in target 'SocialFusion' from project 'SocialFusion')
    cd /Users/frankemanuele/Documents/GitHub/SocialFusion
    
/Users/frankemanuele/Documents/GitHub/SocialFusion/SocialFusion/Services/OAuthManager.swift:98:37: warning: 'windows' was deprecated in iOS 15.0: Use UIWindowScene.windows on a relevant window scene instead
        return UIApplication.shared.windows.first { $0.isKeyWindow } ?? UIWindow()
                                    ^

SwiftCompile normal arm64 /Users/frankemanuele/Documents/GitHub/SocialFusion/SocialFusion/Views/OnboardingView.swift (in target 'SocialFusion' from project 'SocialFusion')
    cd /Users/frankemanuele/Documents/GitHub/SocialFusion
    

SwiftCompile normal arm64 /Users/frankemanuele/Documents/GitHub/SocialFusion/SocialFusion/Views/Components/ParentPostPreview.swift (in target 'SocialFusion' from project 'SocialFusion')
    cd /Users/frankemanuele/Documents/GitHub/SocialFusion
    

SwiftCompile normal arm64 Compiling\ ProfileImageView.swift,\ ProfileView.swift,\ QuotePostView.swift,\ ReliableScrollView.swift,\ RobotsTxtChecker.swift,\ SearchView.swift,\ SettingsView.swift,\ SimpleEdgeCaseHandling.swift,\ SmartMediaView.swift,\ SmartPositionManager.swift,\ SocialAccount.swift,\ SocialFusionApp.swift,\ SocialFusionTimelineDebug.swift,\ SocialModels.swift,\ SocialPlatform.swift,\ SocialServiceManager.swift /Users/frankemanuele/Documents/GitHub/SocialFusion/SocialFusion/Views/ProfileImageView.swift /Users/frankemanuele/Documents/GitHub/SocialFusion/SocialFusion/Views/ProfileView.swift /Users/frankemanuele/Documents/GitHub/SocialFusion/SocialFusion/Views/Components/QuotePostView.swift /Users/frankemanuele/Documents/GitHub/SocialFusion/SocialFusion/Views/Components/ReliableScrollView.swift /Users/frankemanuele/Documents/GitHub/SocialFusion/SocialFusion/Utilities/RobotsTxtChecker.swift /Users/frankemanuele/Documents/GitHub/SocialFusion/SocialFusion/Views/SearchView.swift /Users/frankemanuele/Documents/GitHub/SocialFusion/SocialFusion/Views/SettingsView.swift /Users/frankemanuele/Documents/GitHub/SocialFusion/SocialFusion/Utilities/SimpleEdgeCaseHandling.swift /Users/frankemanuele/Documents/GitHub/SocialFusion/SocialFusion/Views/Components/SmartMediaView.swift /Users/frankemanuele/Documents/GitHub/SocialFusion/SocialFusion/State/SmartPositionManager.swift /Users/frankemanuele/Documents/GitHub/SocialFusion/SocialFusion/Models/SocialAccount.swift /Users/frankemanuele/Documents/GitHub/SocialFusion/SocialFusion/SocialFusionApp.swift /Users/frankemanuele/Documents/GitHub/SocialFusion/SocialFusion/Utilities/SocialFusionTimelineDebug.swift /Users/frankemanuele/Documents/GitHub/SocialFusion/SocialFusion/Models/SocialModels.swift /Users/frankemanuele/Documents/GitHub/SocialFusion/SocialFusion/Models/SocialPlatform.swift /Users/frankemanuele/Documents/GitHub/SocialFusion/SocialFusion/Services/SocialServiceManager.swift (in target 'SocialFusion' from project 'SocialFusion')
SwiftCompile normal arm64 /Users/frankemanuele/Documents/GitHub/SocialFusion/SocialFusion/Views/ProfileImageView.swift (in target 'SocialFusion' from project 'SocialFusion')
    cd /Users/frankemanuele/Documents/GitHub/SocialFusion
    
2025-12-29 20:12:10.921 xcodebuild[45540:4282783]  DTDKRemoteDeviceConnection: Failed to start remote service "com.apple.mobile.notification_proxy" on device. Error: Error Domain=com.apple.dtdevicekit Code=811 "Failed to start remote service "com.apple.mobile.notification_proxy" on device." UserInfo={NSUnderlyingError=0x86f1de280 {Error Domain=com.apple.dt.MobileDeviceErrorDomain Code=-402653158 "The device is passcode protected." UserInfo={MobileDeviceErrorCode=(0xE800001A), com.apple.dtdevicekit.stacktrace=(
	0   DTDeviceKitBase                     0x0000000116376644 DTDKCreateNSErrorFromAMDErrorCode + 312
	1   DTDeviceKitBase                     0x00000001163823c0 __63-[DTDKRemoteDeviceConnection startFirstServiceOf:unlockKeybag:]_block_invoke + 368
	2   DTDeviceKitBase                     0x0000000116381bc8 __48-[DTDKRemoteDeviceConnection futureWithSession:]_block_invoke_4 + 28
	3   DTDeviceKitBase                     0x00000001163786b4 __DTDKExecuteInSession_block_invoke_2 + 68
	4   DTDeviceKitBase                     0x0000000116377df4 __DTDKExecuteWithConnection_block_invoke_2 + 216
	5   DTDeviceKitBase                     0x0000000116377cf0 __DTDKExecuteWithConnection_block_invoke + 104
	6   libdispatch.dylib                   0x00000001904f2ad4 _dispatch_client_callout + 16
	7   libdispatch.dylib                   0x00000001904e8d64 _dispatch_sync_invoke_and_complete_recurse + 64
	8   libdispatch.dylib                   0x00000001904e87f4 _dispatch_sync_f_slow + 176
	9   DVTFoundation                       0x000000010e7946b0 DVTDispatchBarrierSync + 148
	10  DVTFoundation                       0x000000010e795810 -[DVTDispatchLock performLockedBlock:] + 60
	11  DTDeviceKitBase                     0x0000000116377bf4 DTDKExecuteWithConnection + 200
	12  DTDeviceKitBase                     0x0000000116378548 DTDKExecuteInSession + 260
	13  DTDeviceKitBase                     0x000000011638199c __48-[DTDKRemoteDeviceConnection futureWithSession:]_block_invoke_2 + 204
	14  DVTFoundation                       0x000000010e793a74 __DVT_CALLING_CLIENT_BLOCK__ + 16
	15  DVTFoundation                       0x000000010e7943f4 __DVTDispatchAsync_block_invoke + 152
	16  libdispatch.dylib                   0x00000001904d8b5c _dispatch_call_block_and_release + 32
	17  libdispatch.dylib                   0x00000001904f2ad4 _dispatch_client_callout + 16
	18  libdispatch.dylib                   0x00000001904e14e8 _dispatch_lane_serial_drain + 740
	19  libdispatch.dylib                   0x00000001904e1ff8 _dispatch_lane_invoke + 440
	20  libdispatch.dylib                   0x00000001904ec474 _dispatch_root_queue_drain_deferred_wlh + 292
	21  libdispatch.dylib                   0x00000001904ebd6c _dispatch_workloop_worker_thread + 692
	22  libsystem_pthread.dylib             0x0000000190691e4c _pthread_wqthread + 292
	23  libsystem_pthread.dylib             0x0000000190690b9c start_wqthread + 8
), DVTRadarComponentKey=261622, NSLocalizedDescription=The device is passcode protected.}}, NSLocalizedRecoverySuggestion=Please check your connection to your device., DVTRadarComponentKey=261622, NSLocalizedDescription=Failed to start remote service "com.apple.mobile.notification_proxy" on device.}

SwiftCompile normal arm64 /Users/frankemanuele/Documents/GitHub/SocialFusion/SocialFusion/Views/ProfileView.swift (in target 'SocialFusion' from project 'SocialFusion')
    cd /Users/frankemanuele/Documents/GitHub/SocialFusion
    
/Users/frankemanuele/Documents/GitHub/SocialFusion/SocialFusion/Views/ProfileView.swift:98:31: warning: value 'error' was defined but never used; consider replacing with boolean test
                } else if let error = error {
                          ~~~~^~~~~~~~
                                            != nil

SwiftCompile normal arm64 /Users/frankemanuele/Documents/GitHub/SocialFusion/SocialFusion/Views/Components/QuotePostView.swift (in target 'SocialFusion' from project 'SocialFusion')
    cd /Users/frankemanuele/Documents/GitHub/SocialFusion
    

SwiftCompile normal arm64 /Users/frankemanuele/Documents/GitHub/SocialFusion/SocialFusion/Views/Components/ReliableScrollView.swift (in target 'SocialFusion' from project 'SocialFusion')
    cd /Users/frankemanuele/Documents/GitHub/SocialFusion
    

SwiftCompile normal arm64 /Users/frankemanuele/Documents/GitHub/SocialFusion/SocialFusion/Utilities/RobotsTxtChecker.swift (in target 'SocialFusion' from project 'SocialFusion')
    cd /Users/frankemanuele/Documents/GitHub/SocialFusion
    

SwiftCompile normal arm64 /Users/frankemanuele/Documents/GitHub/SocialFusion/SocialFusion/Views/SearchView.swift (in target 'SocialFusion' from project 'SocialFusion')
    cd /Users/frankemanuele/Documents/GitHub/SocialFusion
    

SwiftCompile normal arm64 /Users/frankemanuele/Documents/GitHub/SocialFusion/SocialFusion/Views/SettingsView.swift (in target 'SocialFusion' from project 'SocialFusion')
    cd /Users/frankemanuele/Documents/GitHub/SocialFusion
    
/Users/frankemanuele/Documents/GitHub/SocialFusion/SocialFusion/Views/SettingsView.swift:387:45: warning: 'appendInterpolation' is deprecated: Localized string interpolation produces an unlocalized, debug description for this type of value. Use a type supported by LocalizedStringKey.StringInterpolation or initialize a LocalizedStringResource instead with an interpolated value that conforms to CustomLocalizedStringResourceConvertible.
                        Text("Total loads: \(profileStats["total_loads"] ?? 0)")
                                            ^

SwiftCompile normal arm64 /Users/frankemanuele/Documents/GitHub/SocialFusion/SocialFusion/Utilities/SimpleEdgeCaseHandling.swift (in target 'SocialFusion' from project 'SocialFusion')
    cd /Users/frankemanuele/Documents/GitHub/SocialFusion
    

SwiftCompile normal arm64 /Users/frankemanuele/Documents/GitHub/SocialFusion/SocialFusion/Views/Components/SmartMediaView.swift (in target 'SocialFusion' from project 'SocialFusion')
    cd /Users/frankemanuele/Documents/GitHub/SocialFusion
    

SwiftCompile normal arm64 /Users/frankemanuele/Documents/GitHub/SocialFusion/SocialFusion/State/SmartPositionManager.swift (in target 'SocialFusion' from project 'SocialFusion')
    cd /Users/frankemanuele/Documents/GitHub/SocialFusion
    

SwiftCompile normal arm64 /Users/frankemanuele/Documents/GitHub/SocialFusion/SocialFusion/Models/SocialAccount.swift (in target 'SocialFusion' from project 'SocialFusion')
    cd /Users/frankemanuele/Documents/GitHub/SocialFusion
    

SwiftCompile normal arm64 /Users/frankemanuele/Documents/GitHub/SocialFusion/SocialFusion/SocialFusionApp.swift (in target 'SocialFusion' from project 'SocialFusion')
    cd /Users/frankemanuele/Documents/GitHub/SocialFusion
    

SwiftCompile normal arm64 /Users/frankemanuele/Documents/GitHub/SocialFusion/SocialFusion/Utilities/SocialFusionTimelineDebug.swift (in target 'SocialFusion' from project 'SocialFusion')
    cd /Users/frankemanuele/Documents/GitHub/SocialFusion
    

SwiftCompile normal arm64 /Users/frankemanuele/Documents/GitHub/SocialFusion/SocialFusion/Models/SocialModels.swift (in target 'SocialFusion' from project 'SocialFusion')
    cd /Users/frankemanuele/Documents/GitHub/SocialFusion
    

SwiftCompile normal arm64 /Users/frankemanuele/Documents/GitHub/SocialFusion/SocialFusion/Models/SocialPlatform.swift (in target 'SocialFusion' from project 'SocialFusion')
    cd /Users/frankemanuele/Documents/GitHub/SocialFusion
    

SwiftCompile normal arm64 /Users/frankemanuele/Documents/GitHub/SocialFusion/SocialFusion/Services/SocialServiceManager.swift (in target 'SocialFusion' from project 'SocialFusion')
    cd /Users/frankemanuele/Documents/GitHub/SocialFusion
    

SwiftCompile normal arm64 Compiling\ StabilizedAsyncImage.swift,\ StabilizedLinkPreview.swift,\ String+HTML.swift,\ SystemImagePicker.swift,\ TagDetailView.swift,\ TestPlayground.swift,\ Text+HTML.swift,\ TimeFormatters.swift,\ TimelineCard.swift,\ TimelineConfiguration.swift,\ TimelineController.swift,\ TimelineEntry.swift,\ TimelineState.swift,\ TimelineSwiftDataStore.swift,\ TimelineV2ValidationRunner.swift /Users/frankemanuele/Documents/GitHub/SocialFusion/SocialFusion/Views/Components/StabilizedAsyncImage.swift /Users/frankemanuele/Documents/GitHub/SocialFusion/SocialFusion/Views/Components/StabilizedLinkPreview.swift /Users/frankemanuele/Documents/GitHub/SocialFusion/SocialFusion/Extensions/String+HTML.swift /Users/frankemanuele/Documents/GitHub/SocialFusion/SocialFusion/Views/Components/SystemImagePicker.swift /Users/frankemanuele/Documents/GitHub/SocialFusion/SocialFusion/Views/TagDetailView.swift /Users/frankemanuele/Documents/GitHub/SocialFusion/SocialFusion/TestPlayground.swift /Users/frankemanuele/Documents/GitHub/SocialFusion/SocialFusion/Extensions/Text+HTML.swift /Users/frankemanuele/Documents/GitHub/SocialFusion/SocialFusion/Utilities/TimeFormatters.swift /Users/frankemanuele/Documents/GitHub/SocialFusion/SocialFusion/Views/Components/TimelineCard.swift /Users/frankemanuele/Documents/GitHub/SocialFusion/SocialFusion/State/TimelineConfiguration.swift /Users/frankemanuele/Documents/GitHub/SocialFusion/SocialFusion/Controllers/TimelineController.swift /Users/frankemanuele/Documents/GitHub/SocialFusion/SocialFusion/Models/TimelineEntry.swift /Users/frankemanuele/Documents/GitHub/SocialFusion/SocialFusion/Models/TimelineState.swift /Users/frankemanuele/Documents/GitHub/SocialFusion/SocialFusion/Services/TimelineSwiftDataStore.swift /Users/frankemanuele/Documents/GitHub/SocialFusion/SocialFusion/Utilities/TimelineV2ValidationRunner.swift (in target 'SocialFusion' from project 'SocialFusion')

SwiftCompile normal arm64 /Users/frankemanuele/Documents/GitHub/SocialFusion/SocialFusion/Views/Components/StabilizedAsyncImage.swift (in target 'SocialFusion' from project 'SocialFusion')
    cd /Users/frankemanuele/Documents/GitHub/SocialFusion
    

SwiftCompile normal arm64 /Users/frankemanuele/Documents/GitHub/SocialFusion/SocialFusion/Views/Components/StabilizedLinkPreview.swift (in target 'SocialFusion' from project 'SocialFusion')
    cd /Users/frankemanuele/Documents/GitHub/SocialFusion
    

SwiftCompile normal arm64 /Users/frankemanuele/Documents/GitHub/SocialFusion/SocialFusion/Extensions/String+HTML.swift (in target 'SocialFusion' from project 'SocialFusion')
    cd /Users/frankemanuele/Documents/GitHub/SocialFusion
    

SwiftCompile normal arm64 /Users/frankemanuele/Documents/GitHub/SocialFusion/SocialFusion/Views/Components/SystemImagePicker.swift (in target 'SocialFusion' from project 'SocialFusion')
    cd /Users/frankemanuele/Documents/GitHub/SocialFusion
    

SwiftCompile normal arm64 /Users/frankemanuele/Documents/GitHub/SocialFusion/SocialFusion/Views/TagDetailView.swift (in target 'SocialFusion' from project 'SocialFusion')
    cd /Users/frankemanuele/Documents/GitHub/SocialFusion
    
/Users/frankemanuele/Documents/GitHub/SocialFusion/SocialFusion/Views/TagDetailView.swift:32:31: warning: value 'error' was defined but never used; consider replacing with boolean test
                } else if let error = error {
                          ~~~~^~~~~~~~
                                            != nil

SwiftCompile normal arm64 /Users/frankemanuele/Documents/GitHub/SocialFusion/SocialFusion/TestPlayground.swift (in target 'SocialFusion' from project 'SocialFusion')
    cd /Users/frankemanuele/Documents/GitHub/SocialFusion
    

SwiftCompile normal arm64 /Users/frankemanuele/Documents/GitHub/SocialFusion/SocialFusion/Extensions/Text+HTML.swift (in target 'SocialFusion' from project 'SocialFusion')
    cd /Users/frankemanuele/Documents/GitHub/SocialFusion
    

SwiftCompile normal arm64 /Users/frankemanuele/Documents/GitHub/SocialFusion/SocialFusion/Utilities/TimeFormatters.swift (in target 'SocialFusion' from project 'SocialFusion')
    cd /Users/frankemanuele/Documents/GitHub/SocialFusion
    

SwiftCompile normal arm64 /Users/frankemanuele/Documents/GitHub/SocialFusion/SocialFusion/Views/Components/TimelineCard.swift (in target 'SocialFusion' from project 'SocialFusion')
    cd /Users/frankemanuele/Documents/GitHub/SocialFusion
    

SwiftCompile normal arm64 /Users/frankemanuele/Documents/GitHub/SocialFusion/SocialFusion/State/TimelineConfiguration.swift (in target 'SocialFusion' from project 'SocialFusion')
    cd /Users/frankemanuele/Documents/GitHub/SocialFusion
    

SwiftCompile normal arm64 /Users/frankemanuele/Documents/GitHub/SocialFusion/SocialFusion/Controllers/TimelineController.swift (in target 'SocialFusion' from project 'SocialFusion')
    cd /Users/frankemanuele/Documents/GitHub/SocialFusion
    

SwiftCompile normal arm64 /Users/frankemanuele/Documents/GitHub/SocialFusion/SocialFusion/Models/TimelineEntry.swift (in target 'SocialFusion' from project 'SocialFusion')
    cd /Users/frankemanuele/Documents/GitHub/SocialFusion
    

SwiftCompile normal arm64 /Users/frankemanuele/Documents/GitHub/SocialFusion/SocialFusion/Models/TimelineState.swift (in target 'SocialFusion' from project 'SocialFusion')
    cd /Users/frankemanuele/Documents/GitHub/SocialFusion
    
/Users/frankemanuele/Documents/GitHub/SocialFusion/SocialFusion/Models/TimelineState.swift:45:16: warning: value 'original' was defined but never used; consider replacing with boolean test
        if let original = post.originalPost {
           ~~~~^~~~~~~~~~~
                                            != nil
/Users/frankemanuele/Documents/GitHub/SocialFusion/SocialFusion/Models/TimelineState.swift:197:13: warning: initialization of immutable value 'wasFirstLoad' was never used; consider replacing with assignment to '_' or removing it
        let wasFirstLoad = !isInitialized
        ~~~~^~~~~~~~~~~~
        _

SwiftCompile normal arm64 /Users/frankemanuele/Documents/GitHub/SocialFusion/SocialFusion/Services/TimelineSwiftDataStore.swift (in target 'SocialFusion' from project 'SocialFusion')
    cd /Users/frankemanuele/Documents/GitHub/SocialFusion
    

SwiftCompile normal arm64 /Users/frankemanuele/Documents/GitHub/SocialFusion/SocialFusion/Utilities/TimelineV2ValidationRunner.swift (in target 'SocialFusion' from project 'SocialFusion')
    cd /Users/frankemanuele/Documents/GitHub/SocialFusion
    
/Users/frankemanuele/Documents/GitHub/SocialFusion/SocialFusion/Utilities/TimelineV2ValidationRunner.swift:96:11: warning: 'catch' block is unreachable because no errors are thrown in 'do' block
        } catch {
          ^
/Users/frankemanuele/Documents/GitHub/SocialFusion/SocialFusion/Utilities/TimelineV2ValidationRunner.swift:460:11: warning: 'catch' block is unreachable because no errors are thrown in 'do' block
        } catch {
          ^

SwiftCompile normal arm64 Compiling\ PerformantLinkPreview.swift,\ PersistentModels.swift,\ PlatformBadge.swift,\ PlatformDot.swift,\ PlatformLogoBadge.swift,\ Post+ContentView.swift,\ Post.swift,\ PostActionBar.swift,\ PostActionCoordinator.swift,\ PostActionState.swift,\ PostActionStore.swift,\ PostAuthorImageView.swift,\ PostAuthorView.swift,\ PostAvatar.swift,\ PostCardView.swift,\ PostComposerTopBar.swift /Users/frankemanuele/Documents/GitHub/SocialFusion/SocialFusion/Views/Components/PerformantLinkPreview.swift /Users/frankemanuele/Documents/GitHub/SocialFusion/SocialFusion/Models/PersistentModels.swift /Users/frankemanuele/Documents/GitHub/SocialFusion/SocialFusion/Views/PlatformBadge.swift /Users/frankemanuele/Documents/GitHub/SocialFusion/SocialFusion/Views/Components/PlatformDot.swift /Users/frankemanuele/Documents/GitHub/SocialFusion/SocialFusion/Views/Components/PlatformLogoBadge.swift /Users/frankemanuele/Documents/GitHub/SocialFusion/SocialFusion/Models/Post+ContentView.swift /Users/frankemanuele/Documents/GitHub/SocialFusion/SocialFusion/Models/Post.swift /Users/frankemanuele/Documents/GitHub/SocialFusion/SocialFusion/Views/Components/PostActionBar.swift /Users/frankemanuele/Documents/GitHub/SocialFusion/SocialFusion/Stores/PostActionCoordinator.swift /Users/frankemanuele/Documents/GitHub/SocialFusion/SocialFusion/Models/PostActionState.swift /Users/frankemanuele/Documents/GitHub/SocialFusion/SocialFusion/Stores/PostActionStore.swift /Users/frankemanuele/Documents/GitHub/SocialFusion/SocialFusion/Views/Components/PostAuthorImageView.swift /Users/frankemanuele/Documents/GitHub/SocialFusion/SocialFusion/Views/Components/PostAuthorView.swift /Users/frankemanuele/Documents/GitHub/SocialFusion/SocialFusion/Views/Components/PostAvatar.swift /Users/frankemanuele/Documents/GitHub/SocialFusion/SocialFusion/Views/Components/PostCardView.swift /Users/frankemanuele/Documents/GitHub/SocialFusion/SocialFusion/Views/Components/PostComposerTopBar.swift (in target 'SocialFusion' from project 'SocialFusion')

SwiftCompile normal arm64 /Users/frankemanuele/Documents/GitHub/SocialFusion/SocialFusion/Views/Components/PerformantLinkPreview.swift (in target 'SocialFusion' from project 'SocialFusion')
    cd /Users/frankemanuele/Documents/GitHub/SocialFusion
    

SwiftCompile normal arm64 /Users/frankemanuele/Documents/GitHub/SocialFusion/SocialFusion/Models/PersistentModels.swift (in target 'SocialFusion' from project 'SocialFusion')
    cd /Users/frankemanuele/Documents/GitHub/SocialFusion
    

SwiftCompile normal arm64 /Users/frankemanuele/Documents/GitHub/SocialFusion/SocialFusion/Views/PlatformBadge.swift (in target 'SocialFusion' from project 'SocialFusion')
    cd /Users/frankemanuele/Documents/GitHub/SocialFusion
    

SwiftCompile normal arm64 /Users/frankemanuele/Documents/GitHub/SocialFusion/SocialFusion/Views/Components/PlatformDot.swift (in target 'SocialFusion' from project 'SocialFusion')
    cd /Users/frankemanuele/Documents/GitHub/SocialFusion
    

SwiftCompile normal arm64 /Users/frankemanuele/Documents/GitHub/SocialFusion/SocialFusion/Views/Components/PlatformLogoBadge.swift (in target 'SocialFusion' from project 'SocialFusion')
    cd /Users/frankemanuele/Documents/GitHub/SocialFusion
    

SwiftCompile normal arm64 /Users/frankemanuele/Documents/GitHub/SocialFusion/SocialFusion/Models/Post+ContentView.swift (in target 'SocialFusion' from project 'SocialFusion')
    cd /Users/frankemanuele/Documents/GitHub/SocialFusion
    
/Users/frankemanuele/Documents/GitHub/SocialFusion/SocialFusion/Models/Post+ContentView.swift:214:45: warning: conditional cast from 'Post' to 'any BlueskyQuotedPostProvider' always succeeds
        } else if let quotedPostURL = (self as? BlueskyQuotedPostProvider)?.quotedPostURL {
                                            ^
/Users/frankemanuele/Documents/GitHub/SocialFusion/SocialFusion/Models/Post+ContentView.swift:706:24: warning: value 'thumbnailUrl' was defined but never used; consider replacing with boolean test
                if let thumbnailUrl = json["thumbnail_url"] as? String {
                   ~~~~^~~~~~~~~~~~~~~                      ~~~
                                                            is
/Users/frankemanuele/Documents/GitHub/SocialFusion/SocialFusion/Models/Post+ContentView.swift:770:35: warning: 'javaScriptEnabled' was deprecated in iOS 14.0: Use WKWebpagePreferences.allowsContentJavaScript to disable content JavaScript on a per-navigation basis
        configuration.preferences.javaScriptEnabled = true
                                  ^

SwiftCompile normal arm64 /Users/frankemanuele/Documents/GitHub/SocialFusion/SocialFusion/Models/Post.swift (in target 'SocialFusion' from project 'SocialFusion')
    cd /Users/frankemanuele/Documents/GitHub/SocialFusion
    
/Users/frankemanuele/Documents/GitHub/SocialFusion/SocialFusion/Models/Post.swift:1273:10: warning: associated value 'bluesky' of 'Sendable'-conforming enum 'UnifiedChatMessage' has non-Sendable type 'BlueskyChatMessage'; this is an error in the Swift 6 language mode
    case bluesky(BlueskyChatMessage)
         ^
/Users/frankemanuele/Documents/GitHub/SocialFusion/SocialFusion/Models/BlueskyModels.swift:334:13: note: consider making enum 'BlueskyChatMessage' conform to the 'Sendable' protocol
public enum BlueskyChatMessage: Codable, Identifiable {
            ^
                                                     , Sendable
/Users/frankemanuele/Documents/GitHub/SocialFusion/SocialFusion/Models/Post.swift:385:13: warning: initialization of immutable value 'authorId' was never used; consider replacing with assignment to '_' or removing it
        let authorId = try container.decodeIfPresent(String.self, forKey: .authorId) ?? authorUsername
        ~~~~^~~~~~~~
        _

SwiftCompile normal arm64 /Users/frankemanuele/Documents/GitHub/SocialFusion/SocialFusion/Views/Components/PostActionBar.swift (in target 'SocialFusion' from project 'SocialFusion')
    cd /Users/frankemanuele/Documents/GitHub/SocialFusion
    

SwiftCompile normal arm64 /Users/frankemanuele/Documents/GitHub/SocialFusion/SocialFusion/Stores/PostActionCoordinator.swift (in target 'SocialFusion' from project 'SocialFusion')
    cd /Users/frankemanuele/Documents/GitHub/SocialFusion
    
/Users/frankemanuele/Documents/GitHub/SocialFusion/SocialFusion/Stores/PostActionCoordinator.swift:127:13: warning: initialization of immutable value 'currentState' was never used; consider replacing with assignment to '_' or removing it
        let currentState = store.ensureState(for: post)
        ~~~~^~~~~~~~~~~~
        _
/Users/frankemanuele/Documents/GitHub/SocialFusion/SocialFusion/Stores/PostActionCoordinator.swift:143:13: warning: initialization of immutable value 'currentState' was never used; consider replacing with assignment to '_' or removing it
        let currentState = store.ensureState(for: post)
        ~~~~^~~~~~~~~~~~
        _
/Users/frankemanuele/Documents/GitHub/SocialFusion/SocialFusion/Stores/PostActionCoordinator.swift:159:13: warning: initialization of immutable value 'currentState' was never used; consider replacing with assignment to '_' or removing it
        let currentState = store.ensureState(for: post)
        ~~~~^~~~~~~~~~~~
        _

SwiftCompile normal arm64 /Users/frankemanuele/Documents/GitHub/SocialFusion/SocialFusion/Models/PostActionState.swift (in target 'SocialFusion' from project 'SocialFusion')
    cd /Users/frankemanuele/Documents/GitHub/SocialFusion
    

SwiftCompile normal arm64 /Users/frankemanuele/Documents/GitHub/SocialFusion/SocialFusion/Stores/PostActionStore.swift (in target 'SocialFusion' from project 'SocialFusion')
    cd /Users/frankemanuele/Documents/GitHub/SocialFusion
    

SwiftCompile normal arm64 /Users/frankemanuele/Documents/GitHub/SocialFusion/SocialFusion/Views/Components/PostAuthorImageView.swift (in target 'SocialFusion' from project 'SocialFusion')
    cd /Users/frankemanuele/Documents/GitHub/SocialFusion
    

SwiftCompile normal arm64 /Users/frankemanuele/Documents/GitHub/SocialFusion/SocialFusion/Views/Components/PostAuthorView.swift (in target 'SocialFusion' from project 'SocialFusion')
    cd /Users/frankemanuele/Documents/GitHub/SocialFusion
    

SwiftCompile normal arm64 /Users/frankemanuele/Documents/GitHub/SocialFusion/SocialFusion/Views/Components/PostAvatar.swift (in target 'SocialFusion' from project 'SocialFusion')
    cd /Users/frankemanuele/Documents/GitHub/SocialFusion
    

SwiftCompile normal arm64 /Users/frankemanuele/Documents/GitHub/SocialFusion/SocialFusion/Views/Components/PostCardView.swift (in target 'SocialFusion' from project 'SocialFusion')
    cd /Users/frankemanuele/Documents/GitHub/SocialFusion
    

SwiftCompile normal arm64 /Users/frankemanuele/Documents/GitHub/SocialFusion/SocialFusion/Views/Components/PostComposerTopBar.swift (in target 'SocialFusion' from project 'SocialFusion')
    cd /Users/frankemanuele/Documents/GitHub/SocialFusion
    

SwiftCompile normal arm64 Compiling\ PostContent.swift,\ PostDetailView.swift,\ PostDivider.swift,\ PostLinkPreview.swift,\ PostMenu.swift,\ PostMetrics.swift,\ PostNavigationEnvironment.swift,\ PostNormalizer.swift,\ PostNormalizerImpl.swift,\ PostPlatformBadge.swift,\ PostPollView.swift,\ PostShareButton.swift,\ PostStore.swift,\ PostTimestamp.swift,\ PostViewModel.swift,\ PreviewLinkSelection.swift /Users/frankemanuele/Documents/GitHub/SocialFusion/SocialFusion/Views/Components/PostContent.swift /Users/frankemanuele/Documents/GitHub/SocialFusion/SocialFusion/Views/Components/PostDetailView.swift /Users/frankemanuele/Documents/GitHub/SocialFusion/SocialFusion/Views/Components/PostDivider.swift /Users/frankemanuele/Documents/GitHub/SocialFusion/SocialFusion/Views/Components/PostLinkPreview.swift /Users/frankemanuele/Documents/GitHub/SocialFusion/SocialFusion/Views/Components/PostMenu.swift /Users/frankemanuele/Documents/GitHub/SocialFusion/SocialFusion/Views/Components/PostMetrics.swift /Users/frankemanuele/Documents/GitHub/SocialFusion/SocialFusion/Views/Components/PostNavigationEnvironment.swift /Users/frankemanuele/Documents/GitHub/SocialFusion/SocialFusion/Models/PostNormalizer.swift /Users/frankemanuele/Documents/GitHub/SocialFusion/SocialFusion/Services/PostNormalizerImpl.swift /Users/frankemanuele/Documents/GitHub/SocialFusion/SocialFusion/Views/Components/PostPlatformBadge.swift /Users/frankemanuele/Documents/GitHub/SocialFusion/SocialFusion/Views/Components/PostPollView.swift /Users/frankemanuele/Documents/GitHub/SocialFusion/SocialFusion/Views/Components/PostShareButton.swift /Users/frankemanuele/Documents/GitHub/SocialFusion/SocialFusion/Utilities/PostStore.swift /Users/frankemanuele/Documents/GitHub/SocialFusion/SocialFusion/Views/Components/PostTimestamp.swift /Users/frankemanuele/Documents/GitHub/SocialFusion/SocialFusion/ViewModels/PostViewModel.swift /Users/frankemanuele/Documents/GitHub/SocialFusion/SocialFusion/Models/PreviewLinkSelection.swift (in target 'SocialFusion' from project 'SocialFusion')

SwiftCompile normal arm64 /Users/frankemanuele/Documents/GitHub/SocialFusion/SocialFusion/Views/Components/PostContent.swift (in target 'SocialFusion' from project 'SocialFusion')
    cd /Users/frankemanuele/Documents/GitHub/SocialFusion
    

SwiftCompile normal arm64 /Users/frankemanuele/Documents/GitHub/SocialFusion/SocialFusion/Views/Components/PostDetailView.swift (in target 'SocialFusion' from project 'SocialFusion')
    cd /Users/frankemanuele/Documents/GitHub/SocialFusion
    

SwiftCompile normal arm64 /Users/frankemanuele/Documents/GitHub/SocialFusion/SocialFusion/Views/Components/PostDivider.swift (in target 'SocialFusion' from project 'SocialFusion')
    cd /Users/frankemanuele/Documents/GitHub/SocialFusion
    

SwiftCompile normal arm64 /Users/frankemanuele/Documents/GitHub/SocialFusion/SocialFusion/Views/Components/PostLinkPreview.swift (in target 'SocialFusion' from project 'SocialFusion')
    cd /Users/frankemanuele/Documents/GitHub/SocialFusion
    

SwiftCompile normal arm64 /Users/frankemanuele/Documents/GitHub/SocialFusion/SocialFusion/Views/Components/PostMenu.swift (in target 'SocialFusion' from project 'SocialFusion')
    cd /Users/frankemanuele/Documents/GitHub/SocialFusion
    

SwiftCompile normal arm64 /Users/frankemanuele/Documents/GitHub/SocialFusion/SocialFusion/Views/Components/PostMetrics.swift (in target 'SocialFusion' from project 'SocialFusion')
    cd /Users/frankemanuele/Documents/GitHub/SocialFusion
    

SwiftCompile normal arm64 /Users/frankemanuele/Documents/GitHub/SocialFusion/SocialFusion/Views/Components/PostNavigationEnvironment.swift (in target 'SocialFusion' from project 'SocialFusion')
    cd /Users/frankemanuele/Documents/GitHub/SocialFusion
    

SwiftCompile normal arm64 /Users/frankemanuele/Documents/GitHub/SocialFusion/SocialFusion/Models/PostNormalizer.swift (in target 'SocialFusion' from project 'SocialFusion')
    cd /Users/frankemanuele/Documents/GitHub/SocialFusion
    

SwiftCompile normal arm64 /Users/frankemanuele/Documents/GitHub/SocialFusion/SocialFusion/Services/PostNormalizerImpl.swift (in target 'SocialFusion' from project 'SocialFusion')
    cd /Users/frankemanuele/Documents/GitHub/SocialFusion
    

SwiftCompile normal arm64 /Users/frankemanuele/Documents/GitHub/SocialFusion/SocialFusion/Views/Components/PostPlatformBadge.swift (in target 'SocialFusion' from project 'SocialFusion')
    cd /Users/frankemanuele/Documents/GitHub/SocialFusion
    

SwiftCompile normal arm64 /Users/frankemanuele/Documents/GitHub/SocialFusion/SocialFusion/Views/Components/PostPollView.swift (in target 'SocialFusion' from project 'SocialFusion')
    cd /Users/frankemanuele/Documents/GitHub/SocialFusion
    

SwiftCompile normal arm64 /Users/frankemanuele/Documents/GitHub/SocialFusion/SocialFusion/Views/Components/PostShareButton.swift (in target 'SocialFusion' from project 'SocialFusion')
    cd /Users/frankemanuele/Documents/GitHub/SocialFusion
    

SwiftCompile normal arm64 /Users/frankemanuele/Documents/GitHub/SocialFusion/SocialFusion/Utilities/PostStore.swift (in target 'SocialFusion' from project 'SocialFusion')
    cd /Users/frankemanuele/Documents/GitHub/SocialFusion
    
/Users/frankemanuele/Documents/GitHub/SocialFusion/SocialFusion/Utilities/PostStore.swift:32:19: warning: variable 'post' was never mutated; consider changing to 'let' constant
        guard var post = posts[postID] else { return }
              ~~~ ^
              let
/Users/frankemanuele/Documents/GitHub/SocialFusion/SocialFusion/Utilities/PostStore.swift:54:19: warning: variable 'post' was never mutated; consider changing to 'let' constant
        guard var post = posts[postID] else { return }
              ~~~ ^
              let

SwiftCompile normal arm64 /Users/frankemanuele/Documents/GitHub/SocialFusion/SocialFusion/Views/Components/PostTimestamp.swift (in target 'SocialFusion' from project 'SocialFusion')
    cd /Users/frankemanuele/Documents/GitHub/SocialFusion
    

SwiftCompile normal arm64 /Users/frankemanuele/Documents/GitHub/SocialFusion/SocialFusion/ViewModels/PostViewModel.swift (in target 'SocialFusion' from project 'SocialFusion')
    cd /Users/frankemanuele/Documents/GitHub/SocialFusion
    

SwiftCompile normal arm64 /Users/frankemanuele/Documents/GitHub/SocialFusion/SocialFusion/Models/PreviewLinkSelection.swift (in target 'SocialFusion' from project 'SocialFusion')
    cd /Users/frankemanuele/Documents/GitHub/SocialFusion
    

SwiftCompile normal arm64 Compiling\ BlueskyModels.swift,\ BlueskyPost.swift,\ BlueskyService.swift,\ BlueskyThreadResolver.swift,\ BoostBanner.swift,\ CachedAsyncImage.swift,\ ChatView.swift,\ Color+Theme.swift,\ ComposeView.swift,\ ConnectionManager.swift,\ ConsolidatedTimelineView.swift,\ ContentView.swift,\ DateParser.swift,\ DebugBlueskyView.swift,\ DebugOptionsView.swift,\ DirectTokenEntryView.swift /Users/frankemanuele/Documents/GitHub/SocialFusion/SocialFusion/Models/BlueskyModels.swift /Users/frankemanuele/Documents/GitHub/SocialFusion/SocialFusion/Models/BlueskyPost.swift /Users/frankemanuele/Documents/GitHub/SocialFusion/SocialFusion/Services/BlueskyService.swift /Users/frankemanuele/Documents/GitHub/SocialFusion/SocialFusion/Services/BlueskyThreadResolver.swift /Users/frankemanuele/Documents/GitHub/SocialFusion/SocialFusion/Views/Components/BoostBanner.swift /Users/frankemanuele/Documents/GitHub/SocialFusion/SocialFusion/Views/Components/CachedAsyncImage.swift /Users/frankemanuele/Documents/GitHub/SocialFusion/SocialFusion/Views/ChatView.swift /Users/frankemanuele/Documents/GitHub/SocialFusion/SocialFusion/Extensions/Color+Theme.swift /Users/frankemanuele/Documents/GitHub/SocialFusion/SocialFusion/Views/ComposeView.swift /Users/frankemanuele/Documents/GitHub/SocialFusion/SocialFusion/Networking/ConnectionManager.swift /Users/frankemanuele/Documents/GitHub/SocialFusion/SocialFusion/Views/ConsolidatedTimelineView.swift /Users/frankemanuele/Documents/GitHub/SocialFusion/SocialFusion/ContentView.swift /Users/frankemanuele/Documents/GitHub/SocialFusion/SocialFusion/Utilities/DateParser.swift /Users/frankemanuele/Documents/GitHub/SocialFusion/SocialFusion/Views/DebugBlueskyView.swift /Users/frankemanuele/Documents/GitHub/SocialFusion/SocialFusion/Views/DebugOptionsView.swift /Users/frankemanuele/Documents/GitHub/SocialFusion/SocialFusion/Views/DirectTokenEntryView.swift (in target 'SocialFusion' from project 'SocialFusion')
SwiftCompile normal arm64 /Users/frankemanuele/Documents/GitHub/SocialFusion/SocialFusion/Models/BlueskyModels.swift (in target 'SocialFusion' from project 'SocialFusion')
    cd /Users/frankemanuele/Documents/GitHub/SocialFusion
    
2025-12-29 20:12:13.518 xcodebuild[45540:4282783]  DTDKRemoteDeviceConnection: Failed to start remote service "com.apple.mobile.notification_proxy" on device. Error: Error Domain=com.apple.dtdevicekit Code=811 "Failed to start remote service "com.apple.mobile.notification_proxy" on device." UserInfo={NSUnderlyingError=0x86f1de2e0 {Error Domain=com.apple.dt.MobileDeviceErrorDomain Code=-402653158 "The device is passcode protected." UserInfo={MobileDeviceErrorCode=(0xE800001A), com.apple.dtdevicekit.stacktrace=(
	0   DTDeviceKitBase                     0x0000000116376644 DTDKCreateNSErrorFromAMDErrorCode + 312
	1   DTDeviceKitBase                     0x00000001163823c0 __63-[DTDKRemoteDeviceConnection startFirstServiceOf:unlockKeybag:]_block_invoke + 368
	2   DTDeviceKitBase                     0x0000000116381bc8 __48-[DTDKRemoteDeviceConnection futureWithSession:]_block_invoke_4 + 28
	3   DTDeviceKitBase                     0x00000001163786b4 __DTDKExecuteInSession_block_invoke_2 + 68
	4   DTDeviceKitBase                     0x0000000116377df4 __DTDKExecuteWithConnection_block_invoke_2 + 216
	5   DTDeviceKitBase                     0x0000000116377cf0 __DTDKExecuteWithConnection_block_invoke + 104
	6   libdispatch.dylib                   0x00000001904f2ad4 _dispatch_client_callout + 16
	7   libdispatch.dylib                   0x00000001904e8940 _dispatch_lane_barrier_sync_invoke_and_complete + 56
	8   DVTFoundation                       0x000000010e7946b0 DVTDispatchBarrierSync + 148
	9   DVTFoundation                       0x000000010e795810 -[DVTDispatchLock performLockedBlock:] + 60
	10  DTDeviceKitBase                     0x0000000116377bf4 DTDKExecuteWithConnection + 200
	11  DTDeviceKitBase                     0x0000000116378548 DTDKExecuteInSession + 260
	12  DTDeviceKitBase                     0x000000011638199c __48-[DTDKRemoteDeviceConnection futureWithSession:]_block_invoke_2 + 204
	13  DVTFoundation                       0x000000010e793a74 __DVT_CALLING_CLIENT_BLOCK__ + 16
	14  DVTFoundation                       0x000000010e7943f4 __DVTDispatchAsync_block_invoke + 152
	15  libdispatch.dylib                   0x00000001904d8b5c _dispatch_call_block_and_release + 32
	16  libdispatch.dylib                   0x00000001904f2ad4 _dispatch_client_callout + 16
	17  libdispatch.dylib                   0x00000001904e14e8 _dispatch_lane_serial_drain + 740
	18  libdispatch.dylib                   0x00000001904e1ff8 _dispatch_lane_invoke + 440
	19  libdispatch.dylib                   0x00000001904ec474 _dispatch_root_queue_drain_deferred_wlh + 292
	20  libdispatch.dylib                   0x00000001904ebd6c _dispatch_workloop_worker_thread + 692
	21  libsystem_pthread.dylib             0x0000000190691e4c _pthread_wqthread + 292
	22  libsystem_pthread.dylib             0x0000000190690b9c start_wqthread + 8
), DVTRadarComponentKey=261622, NSLocalizedDescription=The device is passcode protected.}}, NSLocalizedRecoverySuggestion=Please check your connection to your device., DVTRadarComponentKey=261622, NSLocalizedDescription=Failed to start remote service "com.apple.mobile.notification_proxy" on device.}
2025-12-29 20:12:16.458 xcodebuild[45540:4282783]  DTDKRemoteDeviceConnection: Failed to start remote service "com.apple.mobile.notification_proxy" on device. Error: Error Domain=com.apple.dtdevicekit Code=811 "Failed to start remote service "com.apple.mobile.notification_proxy" on device." UserInfo={NSUnderlyingError=0x86f4eeac0 {Error Domain=com.apple.dt.MobileDeviceErrorDomain Code=-402653158 "The device is passcode protected." UserInfo={MobileDeviceErrorCode=(0xE800001A), com.apple.dtdevicekit.stacktrace=(
	0   DTDeviceKitBase                     0x0000000116376644 DTDKCreateNSErrorFromAMDErrorCode + 312
	1   DTDeviceKitBase                     0x00000001163823c0 __63-[DTDKRemoteDeviceConnection startFirstServiceOf:unlockKeybag:]_block_invoke + 368
	2   DTDeviceKitBase                     0x0000000116381bc8 __48-[DTDKRemoteDeviceConnection futureWithSession:]_block_invoke_4 + 28
	3   DTDeviceKitBase                     0x00000001163786b4 __DTDKExecuteInSession_block_invoke_2 + 68
	4   DTDeviceKitBase                     0x0000000116377df4 __DTDKExecuteWithConnection_block_invoke_2 + 216
	5   DTDeviceKitBase                     0x0000000116377cf0 __DTDKExecuteWithConnection_block_invoke + 104
	6   libdispatch.dylib                   0x00000001904f2ad4 _dispatch_client_callout + 16
	7   libdispatch.dylib                   0x00000001904e8940 _dispatch_lane_barrier_sync_invoke_and_complete + 56
	8   DVTFoundation                       0x000000010e7946b0 DVTDispatchBarrierSync + 148
	9   DVTFoundation                       0x000000010e795810 -[DVTDispatchLock performLockedBlock:] + 60
	10  DTDeviceKitBase                     0x0000000116377bf4 DTDKExecuteWithConnection + 200
	11  DTDeviceKitBase                     0x0000000116378548 DTDKExecuteInSession + 260
	12  DTDeviceKitBase                     0x000000011638199c __48-[DTDKRemoteDeviceConnection futureWithSession:]_block_invoke_2 + 204
	13  DVTFoundation                       0x000000010e793a74 __DVT_CALLING_CLIENT_BLOCK__ + 16
	14  DVTFoundation                       0x000000010e7943f4 __DVTDispatchAsync_block_invoke + 152
	15  libdispatch.dylib                   0x00000001904d8b5c _dispatch_call_block_and_release + 32
	16  libdispatch.dylib                   0x00000001904f2ad4 _dispatch_client_callout + 16
	17  libdispatch.dylib                   0x00000001904e14e8 _dispatch_lane_serial_drain + 740
	18  libdispatch.dylib                   0x00000001904e1ff8 _dispatch_lane_invoke + 440
	19  libdispatch.dylib                   0x00000001904ec474 _dispatch_root_queue_drain_deferred_wlh + 292
	20  libdispatch.dylib                   0x00000001904ebd6c _dispatch_workloop_worker_thread + 692
	21  libsystem_pthread.dylib             0x0000000190691e4c _pthread_wqthread + 292
	22  libsystem_pthread.dylib             0x0000000190690b9c start_wqthread + 8
), DVTRadarComponentKey=261622, NSLocalizedDescription=The device is passcode protected.}}, NSLocalizedRecoverySuggestion=Please check your connection to your device., DVTRadarComponentKey=261622, NSLocalizedDescription=Failed to start remote service "com.apple.mobile.notification_proxy" on device.}
2025-12-29 20:12:19.093 xcodebuild[45540:4282933]  DTDKRemoteDeviceConnection: Failed to start remote service "com.apple.mobile.notification_proxy" on device. Error: Error Domain=com.apple.dtdevicekit Code=811 "Failed to start remote service "com.apple.mobile.notification_proxy" on device." UserInfo={NSUnderlyingError=0x86f4ecc00 {Error Domain=com.apple.dt.MobileDeviceErrorDomain Code=-402653158 "The device is passcode protected." UserInfo={MobileDeviceErrorCode=(0xE800001A), com.apple.dtdevicekit.stacktrace=(
	0   DTDeviceKitBase                     0x0000000116376644 DTDKCreateNSErrorFromAMDErrorCode + 312
	1   DTDeviceKitBase                     0x00000001163823c0 __63-[DTDKRemoteDeviceConnection startFirstServiceOf:unlockKeybag:]_block_invoke + 368
	2   DTDeviceKitBase                     0x0000000116381bc8 __48-[DTDKRemoteDeviceConnection futureWithSession:]_block_invoke_4 + 28
	3   DTDeviceKitBase                     0x00000001163786b4 __DTDKExecuteInSession_block_invoke_2 + 68
	4   DTDeviceKitBase                     0x0000000116377df4 __DTDKExecuteWithConnection_block_invoke_2 + 216
	5   DTDeviceKitBase                     0x0000000116377cf0 __DTDKExecuteWithConnection_block_invoke + 104
	6   libdispatch.dylib                   0x00000001904f2ad4 _dispatch_client_callout + 16
	7   libdispatch.dylib                   0x00000001904e8940 _dispatch_lane_barrier_sync_invoke_and_complete + 56
	8   DVTFoundation                       0x000000010e7946b0 DVTDispatchBarrierSync + 148
	9   DVTFoundation                       0x000000010e795810 -[DVTDispatchLock performLockedBlock:] + 60
	10  DTDeviceKitBase                     0x0000000116377bf4 DTDKExecuteWithConnection + 200
	11  DTDeviceKitBase                     0x0000000116378548 DTDKExecuteInSession + 260
	12  DTDeviceKitBase                     0x000000011638199c __48-[DTDKRemoteDeviceConnection futureWithSession:]_block_invoke_2 + 204
	13  DVTFoundation                       0x000000010e793a74 __DVT_CALLING_CLIENT_BLOCK__ + 16
	14  DVTFoundation                       0x000000010e7943f4 __DVTDispatchAsync_block_invoke + 152
	15  libdispatch.dylib                   0x00000001904d8b5c _dispatch_call_block_and_release + 32
	16  libdispatch.dylib                   0x00000001904f2ad4 _dispatch_client_callout + 16
	17  libdispatch.dylib                   0x00000001904e14e8 _dispatch_lane_serial_drain + 740
	18  libdispatch.dylib                   0x00000001904e1ff8 _dispatch_lane_invoke + 440
	19  libdispatch.dylib                   0x00000001904ec474 _dispatch_root_queue_drain_deferred_wlh + 292
	20  libdispatch.dylib                   0x00000001904ebd6c _dispatch_workloop_worker_thread + 692
	21  libsystem_pthread.dylib             0x0000000190691e4c _pthread_wqthread + 292
	22  libsystem_pthread.dylib             0x0000000190690b9c start_wqthread + 8
), DVTRadarComponentKey=261622, NSLocalizedDescription=The device is passcode protected.}}, NSLocalizedRecoverySuggestion=Please check your connection to your device., DVTRadarComponentKey=261622, NSLocalizedDescription=Failed to start remote service "com.apple.mobile.notification_proxy" on device.}
2025-12-29 20:12:22.243 xcodebuild[45540:4282783]  DTDKRemoteDeviceConnection: Failed to start remote service "com.apple.mobile.notification_proxy" on device. Error: Error Domain=com.apple.dtdevicekit Code=811 "Failed to start remote service "com.apple.mobile.notification_proxy" on device." UserInfo={NSUnderlyingError=0x86f4ef180 {Error Domain=com.apple.dt.MobileDeviceErrorDomain Code=-402653158 "The device is passcode protected." UserInfo={MobileDeviceErrorCode=(0xE800001A), com.apple.dtdevicekit.stacktrace=(
	0   DTDeviceKitBase                     0x0000000116376644 DTDKCreateNSErrorFromAMDErrorCode + 312
	1   DTDeviceKitBase                     0x00000001163823c0 __63-[DTDKRemoteDeviceConnection startFirstServiceOf:unlockKeybag:]_block_invoke + 368
	2   DTDeviceKitBase                     0x0000000116381bc8 __48-[DTDKRemoteDeviceConnection futureWithSession:]_block_invoke_4 + 28
	3   DTDeviceKitBase                     0x00000001163786b4 __DTDKExecuteInSession_block_invoke_2 + 68
	4   DTDeviceKitBase                     0x0000000116377df4 __DTDKExecuteWithConnection_block_invoke_2 + 216
	5   DTDeviceKitBase                     0x0000000116377cf0 __DTDKExecuteWithConnection_block_invoke + 104
	6   libdispatch.dylib                   0x00000001904f2ad4 _dispatch_client_callout + 16
	7   libdispatch.dylib                   0x00000001904e8940 _dispatch_lane_barrier_sync_invoke_and_complete + 56
	8   DVTFoundation                       0x000000010e7946b0 DVTDispatchBarrierSync + 148
	9   DVTFoundation                       0x000000010e795810 -[DVTDispatchLock performLockedBlock:] + 60
	10  DTDeviceKitBase                     0x0000000116377bf4 DTDKExecuteWithConnection + 200
	11  DTDeviceKitBase                     0x0000000116378548 DTDKExecuteInSession + 260
	12  DTDeviceKitBase                     0x000000011638199c __48-[DTDKRemoteDeviceConnection futureWithSession:]_block_invoke_2 + 204
	13  DVTFoundation                       0x000000010e793a74 __DVT_CALLING_CLIENT_BLOCK__ + 16
	14  DVTFoundation                       0x000000010e7943f4 __DVTDispatchAsync_block_invoke + 152
	15  libdispatch.dylib                   0x00000001904d8b5c _dispatch_call_block_and_release + 32
	16  libdispatch.dylib                   0x00000001904f2ad4 _dispatch_client_callout + 16
	17  libdispatch.dylib                   0x00000001904e14e8 _dispatch_lane_serial_drain + 740
	18  libdispatch.dylib                   0x00000001904e1ff8 _dispatch_lane_invoke + 440
	19  libdispatch.dylib                   0x00000001904ec474 _dispatch_root_queue_drain_deferred_wlh + 292
	20  libdispatch.dylib                   0x00000001904ebd6c _dispatch_workloop_worker_thread + 692
	21  libsystem_pthread.dylib             0x0000000190691e4c _pthread_wqthread + 292
	22  libsystem_pthread.dylib             0x0000000190690b9c start_wqthread + 8
), DVTRadarComponentKey=261622, NSLocalizedDescription=The device is passcode protected.}}, NSLocalizedRecoverySuggestion=Please check your connection to your device., DVTRadarComponentKey=261622, NSLocalizedDescription=Failed to start remote service "com.apple.mobile.notification_proxy" on device.}
2025-12-29 20:12:26.059 xcodebuild[45540:4282784]  DTDKRemoteDeviceConnection: Failed to start remote service "com.apple.mobile.notification_proxy" on device. Error: Error Domain=com.apple.dtdevicekit Code=811 "Failed to start remote service "com.apple.mobile.notification_proxy" on device." UserInfo={NSUnderlyingError=0x86f4ef030 {Error Domain=com.apple.dt.MobileDeviceErrorDomain Code=-402653158 "The device is passcode protected." UserInfo={MobileDeviceErrorCode=(0xE800001A), com.apple.dtdevicekit.stacktrace=(
	0   DTDeviceKitBase                     0x0000000116376644 DTDKCreateNSErrorFromAMDErrorCode + 312
	1   DTDeviceKitBase                     0x00000001163823c0 __63-[DTDKRemoteDeviceConnection startFirstServiceOf:unlockKeybag:]_block_invoke + 368
	2   DTDeviceKitBase                     0x0000000116381bc8 __48-[DTDKRemoteDeviceConnection futureWithSession:]_block_invoke_4 + 28
	3   DTDeviceKitBase                     0x00000001163786b4 __DTDKExecuteInSession_block_invoke_2 + 68
	4   DTDeviceKitBase                     0x0000000116377df4 __DTDKExecuteWithConnection_block_invoke_2 + 216
	5   DTDeviceKitBase                     0x0000000116377cf0 __DTDKExecuteWithConnection_block_invoke + 104
	6   libdispatch.dylib                   0x00000001904f2ad4 _dispatch_client_callout + 16
	7   libdispatch.dylib                   0x00000001904e8940 _dispatch_lane_barrier_sync_invoke_and_complete + 56
	8   DVTFoundation                       0x000000010e7946b0 DVTDispatchBarrierSync + 148
	9   DVTFoundation                       0x000000010e795810 -[DVTDispatchLock performLockedBlock:] + 60
	10  DTDeviceKitBase                     0x0000000116377bf4 DTDKExecuteWithConnection + 200
	11  DTDeviceKitBase                     0x0000000116378548 DTDKExecuteInSession + 260
	12  DTDeviceKitBase                     0x000000011638199c __48-[DTDKRemoteDeviceConnection futureWithSession:]_block_invoke_2 + 204
	13  DVTFoundation                       0x000000010e793a74 __DVT_CALLING_CLIENT_BLOCK__ + 16
	14  DVTFoundation                       0x000000010e7943f4 __DVTDispatchAsync_block_invoke + 152
	15  libdispatch.dylib                   0x00000001904d8b5c _dispatch_call_block_and_release + 32
	16  libdispatch.dylib                   0x00000001904f2ad4 _dispatch_client_callout + 16
	17  libdispatch.dylib                   0x00000001904e14e8 _dispatch_lane_serial_drain + 740
	18  libdispatch.dylib                   0x00000001904e1ff8 _dispatch_lane_invoke + 440
	19  libdispatch.dylib                   0x00000001904ec474 _dispatch_root_queue_drain_deferred_wlh + 292
	20  libdispatch.dylib                   0x00000001904ebd6c _dispatch_workloop_worker_thread + 692
	21  libsystem_pthread.dylib             0x0000000190691e4c _pthread_wqthread + 292
	22  libsystem_pthread.dylib             0x0000000190690b9c start_wqthread + 8
), DVTRadarComponentKey=261622, NSLocalizedDescription=The device is passcode protected.}}, NSLocalizedRecoverySuggestion=Please check your connection to your device., DVTRadarComponentKey=261622, NSLocalizedDescription=Failed to start remote service "com.apple.mobile.notification_proxy" on device.}
2025-12-29 20:12:30.051 xcodebuild[45540:4282783]  DTDKRemoteDeviceConnection: Failed to start remote service "com.apple.mobile.notification_proxy" on device. Error: Error Domain=com.apple.dtdevicekit Code=811 "Failed to start remote service "com.apple.mobile.notification_proxy" on device." UserInfo={NSUnderlyingError=0x86f4ef150 {Error Domain=com.apple.dt.MobileDeviceErrorDomain Code=-402653158 "The device is passcode protected." UserInfo={MobileDeviceErrorCode=(0xE800001A), com.apple.dtdevicekit.stacktrace=(
	0   DTDeviceKitBase                     0x0000000116376644 DTDKCreateNSErrorFromAMDErrorCode + 312
	1   DTDeviceKitBase                     0x00000001163823c0 __63-[DTDKRemoteDeviceConnection startFirstServiceOf:unlockKeybag:]_block_invoke + 368
	2   DTDeviceKitBase                     0x0000000116381bc8 __48-[DTDKRemoteDeviceConnection futureWithSession:]_block_invoke_4 + 28
	3   DTDeviceKitBase                     0x00000001163786b4 __DTDKExecuteInSession_block_invoke_2 + 68
	4   DTDeviceKitBase                     0x0000000116377df4 __DTDKExecuteWithConnection_block_invoke_2 + 216
	5   DTDeviceKitBase                     0x0000000116377cf0 __DTDKExecuteWithConnection_block_invoke + 104
	6   libdispatch.dylib                   0x00000001904f2ad4 _dispatch_client_callout + 16
	7   libdispatch.dylib                   0x00000001904e8940 _dispatch_lane_barrier_sync_invoke_and_complete + 56
	8   DVTFoundation                       0x000000010e7946b0 DVTDispatchBarrierSync + 148
	9   DVTFoundation                       0x000000010e795810 -[DVTDispatchLock performLockedBlock:] + 60
	10  DTDeviceKitBase                     0x0000000116377bf4 DTDKExecuteWithConnection + 200
	11  DTDeviceKitBase                     0x0000000116378548 DTDKExecuteInSession + 260
	12  DTDeviceKitBase                     0x000000011638199c __48-[DTDKRemoteDeviceConnection futureWithSession:]_block_invoke_2 + 204
	13  DVTFoundation                       0x000000010e793a74 __DVT_CALLING_CLIENT_BLOCK__ + 16
	14  DVTFoundation                       0x000000010e7943f4 __DVTDispatchAsync_block_invoke + 152
	15  libdispatch.dylib                   0x00000001904d8b5c _dispatch_call_block_and_release + 32
	16  libdispatch.dylib                   0x00000001904f2ad4 _dispatch_client_callout + 16
	17  libdispatch.dylib                   0x00000001904e14e8 _dispatch_lane_serial_drain + 740
	18  libdispatch.dylib                   0x00000001904e1ff8 _dispatch_lane_invoke + 440
	19  libdispatch.dylib                   0x00000001904ec474 _dispatch_root_queue_drain_deferred_wlh + 292
	20  libdispatch.dylib                   0x00000001904ebd6c _dispatch_workloop_worker_thread + 692
	21  libsystem_pthread.dylib             0x0000000190691e4c _pthread_wqthread + 292
	22  libsystem_pthread.dylib             0x0000000190690b9c start_wqthread + 8
), DVTRadarComponentKey=261622, NSLocalizedDescription=The device is passcode protected.}}, NSLocalizedRecoverySuggestion=Please check your connection to your device., DVTRadarComponentKey=261622, NSLocalizedDescription=Failed to start remote service "com.apple.mobile.notification_proxy" on device.}
2025-12-29 20:12:33.760 xcodebuild[45540:4282783]  DTDKRemoteDeviceConnection: Failed to start remote service "com.apple.mobile.notification_proxy" on device. Error: Error Domain=com.apple.dtdevicekit Code=811 "Failed to start remote service "com.apple.mobile.notification_proxy" on device." UserInfo={NSUnderlyingError=0x86f4ef0f0 {Error Domain=com.apple.dt.MobileDeviceErrorDomain Code=-402653158 "The device is passcode protected." UserInfo={MobileDeviceErrorCode=(0xE800001A), com.apple.dtdevicekit.stacktrace=(
	0   DTDeviceKitBase                     0x0000000116376644 DTDKCreateNSErrorFromAMDErrorCode + 312
	1   DTDeviceKitBase                     0x00000001163823c0 __63-[DTDKRemoteDeviceConnection startFirstServiceOf:unlockKeybag:]_block_invoke + 368
	2   DTDeviceKitBase                     0x0000000116381bc8 __48-[DTDKRemoteDeviceConnection futureWithSession:]_block_invoke_4 + 28
	3   DTDeviceKitBase                     0x00000001163786b4 __DTDKExecuteInSession_block_invoke_2 + 68
	4   DTDeviceKitBase                     0x0000000116377df4 __DTDKExecuteWithConnection_block_invoke_2 + 216
	5   DTDeviceKitBase                     0x0000000116377cf0 __DTDKExecuteWithConnection_block_invoke + 104
	6   libdispatch.dylib                   0x00000001904f2ad4 _dispatch_client_callout + 16
	7   libdispatch.dylib                   0x00000001904e8940 _dispatch_lane_barrier_sync_invoke_and_complete + 56
	8   DVTFoundation                       0x000000010e7946b0 DVTDispatchBarrierSync + 148
	9   DVTFoundation                       0x000000010e795810 -[DVTDispatchLock performLockedBlock:] + 60
	10  DTDeviceKitBase                     0x0000000116377bf4 DTDKExecuteWithConnection + 200
	11  DTDeviceKitBase                     0x0000000116378548 DTDKExecuteInSession + 260
	12  DTDeviceKitBase                     0x000000011638199c __48-[DTDKRemoteDeviceConnection futureWithSession:]_block_invoke_2 + 204
	13  DVTFoundation                       0x000000010e793a74 __DVT_CALLING_CLIENT_BLOCK__ + 16
	14  DVTFoundation                       0x000000010e7943f4 __DVTDispatchAsync_block_invoke + 152
	15  libdispatch.dylib                   0x00000001904d8b5c _dispatch_call_block_and_release + 32
	16  libdispatch.dylib                   0x00000001904f2ad4 _dispatch_client_callout + 16
	17  libdispatch.dylib                   0x00000001904e14e8 _dispatch_lane_serial_drain + 740
	18  libdispatch.dylib                   0x00000001904e1ff8 _dispatch_lane_invoke + 440
	19  libdispatch.dylib                   0x00000001904ec474 _dispatch_root_queue_drain_deferred_wlh + 292
	20  libdispatch.dylib                   0x00000001904ebd6c _dispatch_workloop_worker_thread + 692
	21  libsystem_pthread.dylib             0x0000000190691e4c _pthread_wqthread + 292
	22  libsystem_pthread.dylib             0x0000000190690b9c start_wqthread + 8
), DVTRadarComponentKey=261622, NSLocalizedDescription=The device is passcode protected.}}, NSLocalizedRecoverySuggestion=Please check your connection to your device., DVTRadarComponentKey=261622, NSLocalizedDescription=Failed to start remote service "com.apple.mobile.notification_proxy" on device.}
2025-12-29 20:12:38.860 xcodebuild[45540:4282783]  DTDKRemoteDeviceConnection: Failed to start remote service "com.apple.mobile.notification_proxy" on device. Error: Error Domain=com.apple.dtdevicekit Code=811 "Failed to start remote service "com.apple.mobile.notification_proxy" on device." UserInfo={NSUnderlyingError=0x86f4eeac0 {Error Domain=com.apple.dt.MobileDeviceErrorDomain Code=-402653158 "The device is passcode protected." UserInfo={MobileDeviceErrorCode=(0xE800001A), com.apple.dtdevicekit.stacktrace=(
	0   DTDeviceKitBase                     0x0000000116376644 DTDKCreateNSErrorFromAMDErrorCode + 312
	1   DTDeviceKitBase                     0x00000001163823c0 __63-[DTDKRemoteDeviceConnection startFirstServiceOf:unlockKeybag:]_block_invoke + 368
	2   DTDeviceKitBase                     0x0000000116381bc8 __48-[DTDKRemoteDeviceConnection futureWithSession:]_block_invoke_4 + 28
	3   DTDeviceKitBase                     0x00000001163786b4 __DTDKExecuteInSession_block_invoke_2 + 68
	4   DTDeviceKitBase                     0x0000000116377df4 __DTDKExecuteWithConnection_block_invoke_2 + 216
	5   DTDeviceKitBase                     0x0000000116377cf0 __DTDKExecuteWithConnection_block_invoke + 104
	6   libdispatch.dylib                   0x00000001904f2ad4 _dispatch_client_callout + 16
	7   libdispatch.dylib                   0x00000001904e8940 _dispatch_lane_barrier_sync_invoke_and_complete + 56
	8   DVTFoundation                       0x000000010e7946b0 DVTDispatchBarrierSync + 148
	9   DVTFoundation                       0x000000010e795810 -[DVTDispatchLock performLockedBlock:] + 60
	10  DTDeviceKitBase                     0x0000000116377bf4 DTDKExecuteWithConnection + 200
	11  DTDeviceKitBase                     0x0000000116378548 DTDKExecuteInSession + 260
	12  DTDeviceKitBase                     0x000000011638199c __48-[DTDKRemoteDeviceConnection futureWithSession:]_block_invoke_2 + 204
	13  DVTFoundation                       0x000000010e793a74 __DVT_CALLING_CLIENT_BLOCK__ + 16
	14  DVTFoundation                       0x000000010e7943f4 __DVTDispatchAsync_block_invoke + 152
	15  libdispatch.dylib                   0x00000001904d8b5c _dispatch_call_block_and_release + 32
	16  libdispatch.dylib                   0x00000001904f2ad4 _dispatch_client_callout + 16
	17  libdispatch.dylib                   0x00000001904e14e8 _dispatch_lane_serial_drain + 740
	18  libdispatch.dylib                   0x00000001904e1ff8 _dispatch_lane_invoke + 440
	19  libdispatch.dylib                   0x00000001904ec474 _dispatch_root_queue_drain_deferred_wlh + 292
	20  libdispatch.dylib                   0x00000001904ebd6c _dispatch_workloop_worker_thread + 692
	21  libsystem_pthread.dylib             0x0000000190691e4c _pthread_wqthread + 292
	22  libsystem_pthread.dylib             0x0000000190690b9c start_wqthread + 8
), DVTRadarComponentKey=261622, NSLocalizedDescription=The device is passcode protected.}}, NSLocalizedRecoverySuggestion=Please check your connection to your device., DVTRadarComponentKey=261622, NSLocalizedDescription=Failed to start remote service "com.apple.mobile.notification_proxy" on device.}
2025-12-29 20:12:44.952 xcodebuild[45540:4282933]  DTDKRemoteDeviceConnection: Failed to start remote service "com.apple.mobile.notification_proxy" on device. Error: Error Domain=com.apple.dtdevicekit Code=811 "Failed to start remote service "com.apple.mobile.notification_proxy" on device." UserInfo={NSUnderlyingError=0x86f4ef1e0 {Error Domain=com.apple.dt.MobileDeviceErrorDomain Code=-402653158 "The device is passcode protected." UserInfo={MobileDeviceErrorCode=(0xE800001A), com.apple.dtdevicekit.stacktrace=(
	0   DTDeviceKitBase                     0x0000000116376644 DTDKCreateNSErrorFromAMDErrorCode + 312
	1   DTDeviceKitBase                     0x00000001163823c0 __63-[DTDKRemoteDeviceConnection startFirstServiceOf:unlockKeybag:]_block_invoke + 368
	2   DTDeviceKitBase                     0x0000000116381bc8 __48-[DTDKRemoteDeviceConnection futureWithSession:]_block_invoke_4 + 28
	3   DTDeviceKitBase                     0x00000001163786b4 __DTDKExecuteInSession_block_invoke_2 + 68
	4   DTDeviceKitBase                     0x0000000116377df4 __DTDKExecuteWithConnection_block_invoke_2 + 216
	5   DTDeviceKitBase                     0x0000000116377cf0 __DTDKExecuteWithConnection_block_invoke + 104
	6   libdispatch.dylib                   0x00000001904f2ad4 _dispatch_client_callout + 16
	7   libdispatch.dylib                   0x00000001904e8940 _dispatch_lane_barrier_sync_invoke_and_complete + 56
	8   DVTFoundation                       0x000000010e7946b0 DVTDispatchBarrierSync + 148
	9   DVTFoundation                       0x000000010e795810 -[DVTDispatchLock performLockedBlock:] + 60
	10  DTDeviceKitBase                     0x0000000116377bf4 DTDKExecuteWithConnection + 200
	11  DTDeviceKitBase                     0x0000000116378548 DTDKExecuteInSession + 260
	12  DTDeviceKitBase                     0x000000011638199c __48-[DTDKRemoteDeviceConnection futureWithSession:]_block_invoke_2 + 204
	13  DVTFoundation                       0x000000010e793a74 __DVT_CALLING_CLIENT_BLOCK__ + 16
	14  DVTFoundation                       0x000000010e7943f4 __DVTDispatchAsync_block_invoke + 152
	15  libdispatch.dylib                   0x00000001904d8b5c _dispatch_call_block_and_release + 32
	16  libdispatch.dylib                   0x00000001904f2ad4 _dispatch_client_callout + 16
	17  libdispatch.dylib                   0x00000001904e14e8 _dispatch_lane_serial_drain + 740
	18  libdispatch.dylib                   0x00000001904e1ff8 _dispatch_lane_invoke + 440
	19  libdispatch.dylib                   0x00000001904ec474 _dispatch_root_queue_drain_deferred_wlh + 292
	20  libdispatch.dylib                   0x00000001904ebd6c _dispatch_workloop_worker_thread + 692
	21  libsystem_pthread.dylib             0x0000000190691e4c _pthread_wqthread + 292
	22  libsystem_pthread.dylib             0x0000000190690b9c start_wqthread + 8
), DVTRadarComponentKey=261622, NSLocalizedDescription=The device is passcode protected.}}, NSLocalizedRecoverySuggestion=Please check your connection to your device., DVTRadarComponentKey=261622, NSLocalizedDescription=Failed to start remote service "com.apple.mobile.notification_proxy" on device.}
2025-12-29 20:12:57.015 xcodebuild[45540:4282933]  DTDKRemoteDeviceConnection: Failed to start remote service "com.apple.mobile.notification_proxy" on device. Error: Error Domain=com.apple.dtdevicekit Code=811 "Failed to start remote service "com.apple.mobile.notification_proxy" on device." UserInfo={NSUnderlyingError=0x86f4eeac0 {Error Domain=com.apple.dt.MobileDeviceErrorDomain Code=-402653158 "The device is passcode protected." UserInfo={MobileDeviceErrorCode=(0xE800001A), com.apple.dtdevicekit.stacktrace=(
	0   DTDeviceKitBase                     0x0000000116376644 DTDKCreateNSErrorFromAMDErrorCode + 312
	1   DTDeviceKitBase                     0x00000001163823c0 __63-[DTDKRemoteDeviceConnection startFirstServiceOf:unlockKeybag:]_block_invoke + 368
	2   DTDeviceKitBase                     0x0000000116381bc8 __48-[DTDKRemoteDeviceConnection futureWithSession:]_block_invoke_4 + 28
	3   DTDeviceKitBase                     0x00000001163786b4 __DTDKExecuteInSession_block_invoke_2 + 68
	4   DTDeviceKitBase                     0x0000000116377df4 __DTDKExecuteWithConnection_block_invoke_2 + 216
	5   DTDeviceKitBase                     0x0000000116377cf0 __DTDKExecuteWithConnection_block_invoke + 104
	6   libdispatch.dylib                   0x00000001904f2ad4 _dispatch_client_callout + 16
	7   libdispatch.dylib                   0x00000001904e8940 _dispatch_lane_barrier_sync_invoke_and_complete + 56
	8   DVTFoundation                       0x000000010e7946b0 DVTDispatchBarrierSync + 148
	9   DVTFoundation                       0x000000010e795810 -[DVTDispatchLock performLockedBlock:] + 60
	10  DTDeviceKitBase                     0x0000000116377bf4 DTDKExecuteWithConnection + 200
	11  DTDeviceKitBase                     0x0000000116378548 DTDKExecuteInSession + 260
	12  DTDeviceKitBase                     0x000000011638199c __48-[DTDKRemoteDeviceConnection futureWithSession:]_block_invoke_2 + 204
	13  DVTFoundation                       0x000000010e793a74 __DVT_CALLING_CLIENT_BLOCK__ + 16
	14  DVTFoundation                       0x000000010e7943f4 __DVTDispatchAsync_block_invoke + 152
	15  libdispatch.dylib                   0x00000001904d8b5c _dispatch_call_block_and_release + 32
	16  libdispatch.dylib                   0x00000001904f2ad4 _dispatch_client_callout + 16
	17  libdispatch.dylib                   0x00000001904e14e8 _dispatch_lane_serial_drain + 740
	18  libdispatch.dylib                   0x00000001904e1ff8 _dispatch_lane_invoke + 440
	19  libdispatch.dylib                   0x00000001904ec474 _dispatch_root_queue_drain_deferred_wlh + 292
	20  libdispatch.dylib                   0x00000001904ebd6c _dispatch_workloop_worker_thread + 692
	21  libsystem_pthread.dylib             0x0000000190691e4c _pthread_wqthread + 292
	22  libsystem_pthread.dylib             0x0000000190690b9c start_wqthread + 8
), DVTRadarComponentKey=261622, NSLocalizedDescription=The device is passcode protected.}}, NSLocalizedRecoverySuggestion=Please check your connection to your device., DVTRadarComponentKey=261622, NSLocalizedDescription=Failed to start remote service "com.apple.mobile.notification_proxy" on device.}
2025-12-29 20:13:06.381 xcodebuild[45540:4285600]  DTDKRemoteDeviceConnection: Failed to start remote service "com.apple.mobile.notification_proxy" on device. Error: Error Domain=com.apple.dtdevicekit Code=811 "Failed to start remote service "com.apple.mobile.notification_proxy" on device." UserInfo={NSUnderlyingError=0x86f4ef1e0 {Error Domain=com.apple.dt.MobileDeviceErrorDomain Code=-402653158 "The device is passcode protected." UserInfo={MobileDeviceErrorCode=(0xE800001A), com.apple.dtdevicekit.stacktrace=(
	0   DTDeviceKitBase                     0x0000000116376644 DTDKCreateNSErrorFromAMDErrorCode + 312
	1   DTDeviceKitBase                     0x00000001163823c0 __63-[DTDKRemoteDeviceConnection startFirstServiceOf:unlockKeybag:]_block_invoke + 368
	2   DTDeviceKitBase                     0x0000000116381bc8 __48-[DTDKRemoteDeviceConnection futureWithSession:]_block_invoke_4 + 28
	3   DTDeviceKitBase                     0x00000001163786b4 __DTDKExecuteInSession_block_invoke_2 + 68
	4   DTDeviceKitBase                     0x0000000116377df4 __DTDKExecuteWithConnection_block_invoke_2 + 216
	5   DTDeviceKitBase                     0x0000000116377cf0 __DTDKExecuteWithConnection_block_invoke + 104
	6   libdispatch.dylib                   0x00000001904f2ad4 _dispatch_client_callout + 16
	7   libdispatch.dylib                   0x00000001904e8940 _dispatch_lane_barrier_sync_invoke_and_complete + 56
	8   DVTFoundation                       0x000000010e7946b0 DVTDispatchBarrierSync + 148
	9   DVTFoundation                       0x000000010e795810 -[DVTDispatchLock performLockedBlock:] + 60
	10  DTDeviceKitBase                     0x0000000116377bf4 DTDKExecuteWithConnection + 200
	11  DTDeviceKitBase                     0x0000000116378548 DTDKExecuteInSession + 260
	12  DTDeviceKitBase                     0x000000011638199c __48-[DTDKRemoteDeviceConnection futureWithSession:]_block_invoke_2 + 204
	13  DVTFoundation                       0x000000010e793a74 __DVT_CALLING_CLIENT_BLOCK__ + 16
	14  DVTFoundation                       0x000000010e7943f4 __DVTDispatchAsync_block_invoke + 152
	15  libdispatch.dylib                   0x00000001904d8b5c _dispatch_call_block_and_release + 32
	16  libdispatch.dylib                   0x00000001904f2ad4 _dispatch_client_callout + 16
	17  libdispatch.dylib                   0x00000001904e14e8 _dispatch_lane_serial_drain + 740
	18  libdispatch.dylib                   0x00000001904e1ff8 _dispatch_lane_invoke + 440
	19  libdispatch.dylib                   0x00000001904ec474 _dispatch_root_queue_drain_deferred_wlh + 292
	20  libdispatch.dylib                   0x00000001904ebd6c _dispatch_workloop_worker_thread + 692
	21  libsystem_pthread.dylib             0x0000000190691e4c _pthread_wqthread + 292
	22  libsystem_pthread.dylib             0x0000000190690b9c start_wqthread + 8
), DVTRadarComponentKey=261622, NSLocalizedDescription=The device is passcode protected.}}, NSLocalizedRecoverySuggestion=Please check your connection to your device., DVTRadarComponentKey=261622, NSLocalizedDescription=Failed to start remote service "com.apple.mobile.notification_proxy" on device.}

SwiftCompile normal arm64 /Users/frankemanuele/Documents/GitHub/SocialFusion/SocialFusion/Models/BlueskyPost.swift (in target 'SocialFusion' from project 'SocialFusion')
    cd /Users/frankemanuele/Documents/GitHub/SocialFusion
    

SwiftCompile normal arm64 /Users/frankemanuele/Documents/GitHub/SocialFusion/SocialFusion/Services/BlueskyService.swift (in target 'SocialFusion' from project 'SocialFusion')
    cd /Users/frankemanuele/Documents/GitHub/SocialFusion
    
/Users/frankemanuele/Documents/GitHub/SocialFusion/SocialFusion/Services/BlueskyService.swift:638:17: warning: initialization of variable 'postsWithQuotes' was never used; consider replacing with assignment to '_' or removing it
            var postsWithQuotes = 0
            ~~~~^~~~~~~~~~~~~~~
            _
/Users/frankemanuele/Documents/GitHub/SocialFusion/SocialFusion/Services/BlueskyService.swift:1987:13: warning: initialization of immutable value 'content' was never used; consider replacing with assignment to '_' or removing it
        let content = post.record.text
        ~~~~^~~~~~~
        _
/Users/frankemanuele/Documents/GitHub/SocialFusion/SocialFusion/Services/BlueskyService.swift:3379:13: warning: variable 'currentProfile' was never mutated; consider changing to 'let' constant
        var currentProfile = try JSONSerialization.jsonObject(with: profileData) as? [String: Any] ?? [:]
        ~~~ ^
        let

SwiftCompile normal arm64 /Users/frankemanuele/Documents/GitHub/SocialFusion/SocialFusion/Services/BlueskyThreadResolver.swift (in target 'SocialFusion' from project 'SocialFusion')
    cd /Users/frankemanuele/Documents/GitHub/SocialFusion
    

SwiftCompile normal arm64 /Users/frankemanuele/Documents/GitHub/SocialFusion/SocialFusion/Views/Components/BoostBanner.swift (in target 'SocialFusion' from project 'SocialFusion')
    cd /Users/frankemanuele/Documents/GitHub/SocialFusion
    

SwiftCompile normal arm64 /Users/frankemanuele/Documents/GitHub/SocialFusion/SocialFusion/Views/Components/CachedAsyncImage.swift (in target 'SocialFusion' from project 'SocialFusion')
    cd /Users/frankemanuele/Documents/GitHub/SocialFusion
    
/Users/frankemanuele/Documents/GitHub/SocialFusion/SocialFusion/Views/Components/CachedAsyncImage.swift:339:22: warning: capture 'stableID' was never used
            .sink { [stableID] loadedImage in
                     ^

SwiftCompile normal arm64 /Users/frankemanuele/Documents/GitHub/SocialFusion/SocialFusion/Views/ChatView.swift (in target 'SocialFusion' from project 'SocialFusion')
    cd /Users/frankemanuele/Documents/GitHub/SocialFusion
    

SwiftCompile normal arm64 /Users/frankemanuele/Documents/GitHub/SocialFusion/SocialFusion/Extensions/Color+Theme.swift (in target 'SocialFusion' from project 'SocialFusion')
    cd /Users/frankemanuele/Documents/GitHub/SocialFusion
    

SwiftCompile normal arm64 /Users/frankemanuele/Documents/GitHub/SocialFusion/SocialFusion/Views/ComposeView.swift (in target 'SocialFusion' from project 'SocialFusion')
    cd /Users/frankemanuele/Documents/GitHub/SocialFusion
    

SwiftCompile normal arm64 /Users/frankemanuele/Documents/GitHub/SocialFusion/SocialFusion/Networking/ConnectionManager.swift (in target 'SocialFusion' from project 'SocialFusion')
    cd /Users/frankemanuele/Documents/GitHub/SocialFusion
    
/Users/frankemanuele/Documents/GitHub/SocialFusion/SocialFusion/Networking/ConnectionManager.swift:130:24: warning: immutable value 'response' was never used; consider replacing with '_' or removing it
            let (data, response) = try await send(request)
                       ^~~~~~~~
                       _
/Users/frankemanuele/Documents/GitHub/SocialFusion/SocialFusion/Networking/ConnectionManager.swift:304:23: warning: value 'self' was defined but never used; consider replacing with boolean test
            guard let self = self else { return }
                  ~~~~^~~~~~~
                                  != nil

SwiftCompile normal arm64 /Users/frankemanuele/Documents/GitHub/SocialFusion/SocialFusion/Views/ConsolidatedTimelineView.swift (in target 'SocialFusion' from project 'SocialFusion')
    cd /Users/frankemanuele/Documents/GitHub/SocialFusion
    
/Users/frankemanuele/Documents/GitHub/SocialFusion/SocialFusion/Views/ConsolidatedTimelineView.swift:136:25: error: the compiler is unable to type-check this expression in reasonable time; try breaking up the expression into distinct sub-expressions
    var body: some View {
                        ^
/Users/frankemanuele/Documents/GitHub/SocialFusion/SocialFusion/Views/ConsolidatedTimelineView.swift:416:13: warning: initialization of immutable value 'entry' was never used; consider replacing with assignment to '_' or removing it
        let entry = TimelineEntry(
        ~~~~^~~~~
        _

SwiftCompile normal arm64 /Users/frankemanuele/Documents/GitHub/SocialFusion/SocialFusion/ContentView.swift (in target 'SocialFusion' from project 'SocialFusion')
    cd /Users/frankemanuele/Documents/GitHub/SocialFusion
    

SwiftCompile normal arm64 /Users/frankemanuele/Documents/GitHub/SocialFusion/SocialFusion/Utilities/DateParser.swift (in target 'SocialFusion' from project 'SocialFusion')
    cd /Users/frankemanuele/Documents/GitHub/SocialFusion
    

SwiftCompile normal arm64 /Users/frankemanuele/Documents/GitHub/SocialFusion/SocialFusion/Views/DebugBlueskyView.swift (in target 'SocialFusion' from project 'SocialFusion')
    cd /Users/frankemanuele/Documents/GitHub/SocialFusion
    
/Users/frankemanuele/Documents/GitHub/SocialFusion/SocialFusion/Views/DebugBlueskyView.swift:147:19: warning: value 'token' was defined but never used; consider replacing with boolean test
        guard let token = account.getAccessToken() else {
              ~~~~^~~~~~~~
                                                   != nil
/Users/frankemanuele/Documents/GitHub/SocialFusion/SocialFusion/Views/DebugBlueskyView.swift:210:19: warning: value 'blueskyAccount' was defined but never used; consider replacing with boolean test
        guard let blueskyAccount = serviceManager.blueskyAccounts.first else {
              ~~~~^~~~~~~~~~~~~~~~~
                                                                        != nil
/Users/frankemanuele/Documents/GitHub/SocialFusion/SocialFusion/Views/DebugBlueskyView.swift:225:11: warning: 'catch' block is unreachable because no errors are thrown in 'do' block
        } catch {
          ^
/Users/frankemanuele/Documents/GitHub/SocialFusion/SocialFusion/Views/DebugBlueskyView.swift:261:16: warning: value 'blueskyAccount' was defined but never used; consider replacing with boolean test
        if let blueskyAccount = serviceManager.blueskyAccounts.first {
           ~~~~^~~~~~~~~~~~~~~~~
                                                                     != nil
/Users/frankemanuele/Documents/GitHub/SocialFusion/SocialFusion/Views/DebugBlueskyView.swift:269:15: warning: 'catch' block is unreachable because no errors are thrown in 'do' block
            } catch {
              ^

SwiftCompile normal arm64 /Users/frankemanuele/Documents/GitHub/SocialFusion/SocialFusion/Views/DebugOptionsView.swift (in target 'SocialFusion' from project 'SocialFusion')
    cd /Users/frankemanuele/Documents/GitHub/SocialFusion
    
/Users/frankemanuele/Documents/GitHub/SocialFusion/SocialFusion/Views/DebugOptionsView.swift:126:45: warning: 'appendInterpolation' is deprecated: Localized string interpolation produces an unlocalized, debug description for this type of value. Use a type supported by LocalizedStringKey.StringInterpolation or initialize a LocalizedStringResource instead with an interpolated value that conforms to CustomLocalizedStringResourceConvertible.
                        Text("Total loads: \(profileStats["total_loads"] ?? 0)")
                                            ^

SwiftCompile normal arm64 /Users/frankemanuele/Documents/GitHub/SocialFusion/SocialFusion/Views/DirectTokenEntryView.swift (in target 'SocialFusion' from project 'SocialFusion')
    cd /Users/frankemanuele/Documents/GitHub/SocialFusion
    

Failed frontend command:
/Applications/Xcode.app/Contents/Developer/Toolchains/XcodeDefault.xctoolchain/usr/bin/swift-frontend -frontend -c -filelist /Users/frankemanuele/Library/Developer/Xcode/DerivedData/SocialFusion-dmcylkdxdnugaugctnmrhexeekqr/Build/Intermediates.noindex/SocialFusion.build/Debug-iphonesimulator/SocialFusion.build/Objects-normal/arm64/sources-1 -primary-file /Users/frankemanuele/Documents/GitHub/SocialFusion/SocialFusion/Models/BlueskyModels.swift -primary-file /Users/frankemanuele/Documents/GitHub/SocialFusion/SocialFusion/Models/BlueskyPost.swift -primary-file /Users/frankemanuele/Documents/GitHub/SocialFusion/SocialFusion/Services/BlueskyService.swift -primary-file /Users/frankemanuele/Documents/GitHub/SocialFusion/SocialFusion/Services/BlueskyThreadResolver.swift -primary-file /Users/frankemanuele/Documents/GitHub/SocialFusion/SocialFusion/Views/Components/BoostBanner.swift -primary-file /Users/frankemanuele/Documents/GitHub/SocialFusion/SocialFusion/Views/Components/CachedAsyncImage.swift -primary-file /Users/frankemanuele/Documents/GitHub/SocialFusion/SocialFusion/Views/ChatView.swift -primary-file /Users/frankemanuele/Documents/GitHub/SocialFusion/SocialFusion/Extensions/Color+Theme.swift -primary-file /Users/frankemanuele/Documents/GitHub/SocialFusion/SocialFusion/Views/ComposeView.swift -primary-file /Users/frankemanuele/Documents/GitHub/SocialFusion/SocialFusion/Networking/ConnectionManager.swift -primary-file /Users/frankemanuele/Documents/GitHub/SocialFusion/SocialFusion/Views/ConsolidatedTimelineView.swift -primary-file /Users/frankemanuele/Documents/GitHub/SocialFusion/SocialFusion/ContentView.swift -primary-file /Users/frankemanuele/Documents/GitHub/SocialFusion/SocialFusion/Utilities/DateParser.swift -primary-file /Users/frankemanuele/Documents/GitHub/SocialFusion/SocialFusion/Views/DebugBlueskyView.swift -primary-file /Users/frankemanuele/Documents/GitHub/SocialFusion/SocialFusion/Views/DebugOptionsView.swift -primary-file /Users/frankemanuele/Documents/GitHub/SocialFusion/SocialFusion/Views/DirectTokenEntryView.swift -supplementary-output-file-map /Users/frankemanuele/Library/Developer/Xcode/DerivedData/SocialFusion-dmcylkdxdnugaugctnmrhexeekqr/Build/Intermediates.noindex/SocialFusion.build/Debug-iphonesimulator/SocialFusion.build/Objects-normal/arm64/supplementaryOutputs-2 -target arm64-apple-ios16.0-simulator -module-can-import-version DeveloperToolsSupport 23.0.4 23.0.4 -module-can-import-version SwiftUI 7.2.5.1 7.2.5 -module-can-import-version UIKit 9126.2.4.1 9126.2.4 -disable-cross-import-overlay-search -swift-module-cross-import AVKit /Applications/Xcode.app/Contents/Developer/Platforms/iPhoneSimulator.platform/Developer/SDKs/iPhoneSimulator.sdk/System/Library/Frameworks/AVKit.framework/Modules/AVKit.swiftcrossimport/SwiftUI.swiftoverlay -swift-module-cross-import AVKit /Applications/Xcode.app/Contents/Developer/Platforms/iPhoneSimulator.platform/Developer/SDKs/iPhoneSimulator26.2.sdk/System/Library/Frameworks/AVKit.framework/Modules/AVKit.swiftcrossimport/SwiftUI.swiftoverlay -swift-module-cross-import AuthenticationServices /Applications/Xcode.app/Contents/Developer/Platforms/iPhoneSimulator.platform/Developer/SDKs/iPhoneSimulator.sdk/System/Cryptexes/OS/System/Library/Frameworks/AuthenticationServices.framework/Modules/AuthenticationServices.swiftcrossimport/SwiftUI.swiftoverlay -swift-module-cross-import AuthenticationServices /Applications/Xcode.app/Contents/Developer/Platforms/iPhoneSimulator.platform/Developer/SDKs/iPhoneSimulator26.2.sdk/System/Library/Frameworks/AuthenticationServices.framework/Modules/AuthenticationServices.swiftcrossimport/SwiftUI.swiftoverlay -swift-module-cross-import PhotosUI /Applications/Xcode.app/Contents/Developer/Platforms/iPhoneSimulator.platform/Developer/SDKs/iPhoneSimulator.sdk/System/Library/Frameworks/PhotosUI.framework/Modules/PhotosUI.swiftcrossimport/SwiftUI.swiftoverlay -swift-module-cross-import PhotosUI /Applications/Xcode.app/Contents/Developer/Platforms/iPhoneSimulator.platform/Developer/SDKs/iPhoneSimulator.sdk/System/Library/Frameworks/PhotosUI.framework/Modules/PhotosUI.swiftcrossimport/WidgetKit.swiftoverlay -swift-module-cross-import PhotosUI /Applications/Xcode.app/Contents/Developer/Platforms/iPhoneSimulator.platform/Developer/SDKs/iPhoneSimulator26.2.sdk/System/Library/Frameworks/PhotosUI.framework/Modules/PhotosUI.swiftcrossimport/SwiftUI.swiftoverlay -swift-module-cross-import PhotosUI /Applications/Xcode.app/Contents/Developer/Platforms/iPhoneSimulator.platform/Developer/SDKs/iPhoneSimulator26.2.sdk/System/Library/Frameworks/PhotosUI.framework/Modules/PhotosUI.swiftcrossimport/WidgetKit.swiftoverlay -swift-module-cross-import SwiftData /Applications/Xcode.app/Contents/Developer/Platforms/iPhoneSimulator.platform/Developer/SDKs/iPhoneSimulator26.2.sdk/System/Library/Frameworks/SwiftData.framework/Modules/SwiftData.swiftcrossimport/CoreData.swiftoverlay -swift-module-cross-import SwiftData /Applications/Xcode.app/Contents/Developer/Platforms/iPhoneSimulator.platform/Developer/SDKs/iPhoneSimulator26.2.sdk/System/Library/Frameworks/SwiftData.framework/Modules/SwiftData.swiftcrossimport/SwiftUI.swiftoverlay -swift-module-cross-import WebKit /Applications/Xcode.app/Contents/Developer/Platforms/iPhoneSimulator.platform/Developer/SDKs/iPhoneSimulator.sdk/System/Cryptexes/OS/System/Library/Frameworks/WebKit.framework/Modules/WebKit.swiftcrossimport/SwiftUI.swiftoverlay -swift-module-cross-import WebKit /Applications/Xcode.app/Contents/Developer/Platforms/iPhoneSimulator.platform/Developer/SDKs/iPhoneSimulator26.2.sdk/System/Library/Frameworks/WebKit.framework/Modules/WebKit.swiftcrossimport/SwiftUI.swiftoverlay -load-resolved-plugin /Applications/Xcode.app/Contents/Developer/Platforms/iPhoneOS.platform/Developer/usr/lib/swift/host/plugins/libFoundationMacros.dylib\#/Applications/Xcode.app/Contents/Developer/Platforms/iPhoneOS.platform/Developer/usr/bin/swift-plugin-server\#FoundationMacros -load-resolved-plugin /Applications/Xcode.app/Contents/Developer/Platforms/iPhoneOS.platform/Developer/usr/lib/swift/host/plugins/libObservationMacros.dylib\#/Applications/Xcode.app/Contents/Developer/Platforms/iPhoneOS.platform/Developer/usr/bin/swift-plugin-server\#ObservationMacros -load-resolved-plugin /Applications/Xcode.app/Contents/Developer/Platforms/iPhoneOS.platform/Developer/usr/lib/swift/host/plugins/libPreviewsMacros.dylib\#/Applications/Xcode.app/Contents/Developer/Platforms/iPhoneOS.platform/Developer/usr/bin/swift-plugin-server\#PreviewsMacros -load-resolved-plugin /Applications/Xcode.app/Contents/Developer/Platforms/iPhoneOS.platform/Developer/usr/lib/swift/host/plugins/libSwiftDataMacros.dylib\#/Applications/Xcode.app/Contents/Developer/Platforms/iPhoneOS.platform/Developer/usr/bin/swift-plugin-server\#SwiftDataMacros -load-resolved-plugin /Applications/Xcode.app/Contents/Developer/Platforms/iPhoneOS.platform/Developer/usr/lib/swift/host/plugins/libSwiftMacros.dylib\#/Applications/Xcode.app/Contents/Developer/Platforms/iPhoneOS.platform/Developer/usr/bin/swift-plugin-server\#SwiftMacros -load-resolved-plugin /Applications/Xcode.app/Contents/Developer/Platforms/iPhoneOS.platform/Developer/usr/lib/swift/host/plugins/libSwiftUIMacros.dylib\#/Applications/Xcode.app/Contents/Developer/Platforms/iPhoneOS.platform/Developer/usr/bin/swift-plugin-server\#SwiftUIMacros -load-resolved-plugin /Applications/Xcode.app/Contents/Developer/Platforms/iPhoneOS.platform/Developer/usr/lib/swift/host/plugins/libTipKitMacros.dylib\#/Applications/Xcode.app/Contents/Developer/Platforms/iPhoneOS.platform/Developer/usr/bin/swift-plugin-server\#TipKitMacros -disable-implicit-swift-modules -Xcc -fno-implicit-modules -Xcc -fno-implicit-module-maps -explicit-swift-module-map-file /Users/frankemanuele/Library/Developer/Xcode/DerivedData/SocialFusion-dmcylkdxdnugaugctnmrhexeekqr/Build/Intermediates.noindex/SocialFusion.build/Debug-iphonesimulator/SocialFusion.build/Objects-normal/arm64/SocialFusion-dependencies-1.json -Xllvm -aarch64-use-tbi -enable-objc-interop -sdk /Applications/Xcode.app/Contents/Developer/Platforms/iPhoneSimulator.platform/Developer/SDKs/iPhoneSimulator26.2.sdk -I /Users/frankemanuele/Library/Developer/Xcode/DerivedData/SocialFusion-dmcylkdxdnugaugctnmrhexeekqr/Build/Products/Debug-iphonesimulator -F /Users/frankemanuele/Library/Developer/Xcode/DerivedData/SocialFusion-dmcylkdxdnugaugctnmrhexeekqr/Build/Products/Debug-iphonesimulator -no-color-diagnostics -Xcc -fno-color-diagnostics -enable-testing -g -debug-info-format\=dwarf -dwarf-version\=4 -module-cache-path /Users/frankemanuele/Library/Developer/Xcode/DerivedData/SocialFusion-dmcylkdxdnugaugctnmrhexeekqr/Build/Intermediates.noindex/SwiftExplicitPrecompiledModules -swift-version 5 -enforce-exclusivity\=checked -Onone -D DEBUG -serialize-debugging-options -const-gather-protocols-file /Users/frankemanuele/Library/Developer/Xcode/DerivedData/SocialFusion-dmcylkdxdnugaugctnmrhexeekqr/Build/Intermediates.noindex/SocialFusion.build/Debug-iphonesimulator/SocialFusion.build/Objects-normal/arm64/SocialFusion_const_extract_protocols.json -enable-experimental-feature DebugDescriptionMacro -enable-bare-slash-regex -empty-abi-descriptor -validate-clang-modules-once -clang-build-session-file /Users/frankemanuele/Library/Developer/Xcode/DerivedData/ModuleCache.noindex/Session.modulevalidation -Xcc -working-directory -Xcc /Users/frankemanuele/Documents/GitHub/SocialFusion -enable-anonymous-context-mangled-names -file-compilation-dir /Users/frankemanuele/Documents/GitHub/SocialFusion -Xcc -D_LIBCPP_HARDENING_MODE\=_LIBCPP_HARDENING_MODE_DEBUG -Xcc -ivfsstatcache -Xcc /Users/frankemanuele/Library/Developer/Xcode/DerivedData/SDKStatCaches.noindex/iphonesimulator26.2-23C53-7d00a8b37fbd7999ea79df8ebc024bf0.sdkstatcache -Xcc -I/Users/frankemanuele/Library/Developer/Xcode/DerivedData/SocialFusion-dmcylkdxdnugaugctnmrhexeekqr/Build/Intermediates.noindex/SocialFusion.build/Debug-iphonesimulator/SocialFusion.build/swift-overrides.hmap -Xcc -iquote -Xcc /Users/frankemanuele/Library/Developer/Xcode/DerivedData/SocialFusion-dmcylkdxdnugaugctnmrhexeekqr/Build/Intermediates.noindex/SocialFusion.build/Debug-iphonesimulator/SocialFusion.build/SocialFusion-generated-files.hmap -Xcc -I/Users/frankemanuele/Library/Developer/Xcode/DerivedData/SocialFusion-dmcylkdxdnugaugctnmrhexeekqr/Build/Intermediates.noindex/SocialFusion.build/Debug-iphonesimulator/SocialFusion.build/SocialFusion-own-target-headers.hmap -Xcc -I/Users/frankemanuele/Library/Developer/Xcode/DerivedData/SocialFusion-dmcylkdxdnugaugctnmrhexeekqr/Build/Intermediates.noindex/SocialFusion.build/Debug-iphonesimulator/SocialFusion.build/SocialFusion-all-target-headers.hmap -Xcc -iquote -Xcc /Users/frankemanuele/Library/Developer/Xcode/DerivedData/SocialFusion-dmcylkdxdnugaugctnmrhexeekqr/Build/Intermediates.noindex/SocialFusion.build/Debug-iphonesimulator/SocialFusion.build/SocialFusion-project-headers.hmap -Xcc -I/Users/frankemanuele/Library/Developer/Xcode/DerivedData/SocialFusion-dmcylkdxdnugaugctnmrhexeekqr/Build/Products/Debug-iphonesimulator/include -Xcc -I/Users/frankemanuele/Library/Developer/Xcode/DerivedData/SocialFusion-dmcylkdxdnugaugctnmrhexeekqr/Build/Intermediates.noindex/SocialFusion.build/Debug-iphonesimulator/SocialFusion.build/DerivedSources-normal/arm64 -Xcc -I/Users/frankemanuele/Library/Developer/Xcode/DerivedData/SocialFusion-dmcylkdxdnugaugctnmrhexeekqr/Build/Intermediates.noindex/SocialFusion.build/Debug-iphonesimulator/SocialFusion.build/DerivedSources/arm64 -Xcc -I/Users/frankemanuele/Library/Developer/Xcode/DerivedData/SocialFusion-dmcylkdxdnugaugctnmrhexeekqr/Build/Intermediates.noindex/SocialFusion.build/Debug-iphonesimulator/SocialFusion.build/DerivedSources -Xcc -DDEBUG\=1 -no-auto-bridging-header-chaining -module-name SocialFusion -frontend-parseable-output -disable-clang-spi -target-sdk-version 26.2 -target-sdk-name iphonesimulator26.2 -clang-target arm64-apple-ios26.2-simulator -in-process-plugin-server-path /Applications/Xcode.app/Contents/Developer/Toolchains/XcodeDefault.xctoolchain/usr/lib/swift/host/libSwiftInProcPluginServer.dylib -o /Users/frankemanuele/Library/Developer/Xcode/DerivedData/SocialFusion-dmcylkdxdnugaugctnmrhexeekqr/Build/Intermediates.noindex/SocialFusion.build/Debug-iphonesimulator/SocialFusion.build/Objects-normal/arm64/BlueskyModels.o -o /Users/frankemanuele/Library/Developer/Xcode/DerivedData/SocialFusion-dmcylkdxdnugaugctnmrhexeekqr/Build/Intermediates.noindex/SocialFusion.build/Debug-iphonesimulator/SocialFusion.build/Objects-normal/arm64/BlueskyPost.o -o /Users/frankemanuele/Library/Developer/Xcode/DerivedData/SocialFusion-dmcylkdxdnugaugctnmrhexeekqr/Build/Intermediates.noindex/SocialFusion.build/Debug-iphonesimulator/SocialFusion.build/Objects-normal/arm64/BlueskyService.o -o /Users/frankemanuele/Library/Developer/Xcode/DerivedData/SocialFusion-dmcylkdxdnugaugctnmrhexeekqr/Build/Intermediates.noindex/SocialFusion.build/Debug-iphonesimulator/SocialFusion.build/Objects-normal/arm64/BlueskyThreadResolver.o -o /Users/frankemanuele/Library/Developer/Xcode/DerivedData/SocialFusion-dmcylkdxdnugaugctnmrhexeekqr/Build/Intermediates.noindex/SocialFusion.build/Debug-iphonesimulator/SocialFusion.build/Objects-normal/arm64/BoostBanner.o -o /Users/frankemanuele/Library/Developer/Xcode/DerivedData/SocialFusion-dmcylkdxdnugaugctnmrhexeekqr/Build/Intermediates.noindex/SocialFusion.build/Debug-iphonesimulator/SocialFusion.build/Objects-normal/arm64/CachedAsyncImage.o -o /Users/frankemanuele/Library/Developer/Xcode/DerivedData/SocialFusion-dmcylkdxdnugaugctnmrhexeekqr/Build/Intermediates.noindex/SocialFusion.build/Debug-iphonesimulator/SocialFusion.build/Objects-normal/arm64/ChatView.o -o /Users/frankemanuele/Library/Developer/Xcode/DerivedData/SocialFusion-dmcylkdxdnugaugctnmrhexeekqr/Build/Intermediates.noindex/SocialFusion.build/Debug-iphonesimulator/SocialFusion.build/Objects-normal/arm64/Color+Theme.o -o /Users/frankemanuele/Library/Developer/Xcode/DerivedData/SocialFusion-dmcylkdxdnugaugctnmrhexeekqr/Build/Intermediates.noindex/SocialFusion.build/Debug-iphonesimulator/SocialFusion.build/Objects-normal/arm64/ComposeView.o -o /Users/frankemanuele/Library/Developer/Xcode/DerivedData/SocialFusion-dmcylkdxdnugaugctnmrhexeekqr/Build/Intermediates.noindex/SocialFusion.build/Debug-iphonesimulator/SocialFusion.build/Objects-normal/arm64/ConnectionManager.o -o /Users/frankemanuele/Library/Developer/Xcode/DerivedData/SocialFusion-dmcylkdxdnugaugctnmrhexeekqr/Build/Intermediates.noindex/SocialFusion.build/Debug-iphonesimulator/SocialFusion.build/Objects-normal/arm64/ConsolidatedTimelineView.o -o /Users/frankemanuele/Library/Developer/Xcode/DerivedData/SocialFusion-dmcylkdxdnugaugctnmrhexeekqr/Build/Intermediates.noindex/SocialFusion.build/Debug-iphonesimulator/SocialFusion.build/Objects-normal/arm64/ContentView.o -o /Users/frankemanuele/Library/Developer/Xcode/DerivedData/SocialFusion-dmcylkdxdnugaugctnmrhexeekqr/Build/Intermediates.noindex/SocialFusion.build/Debug-iphonesimulator/SocialFusion.build/Objects-normal/arm64/DateParser.o -o /Users/frankemanuele/Library/Developer/Xcode/DerivedData/SocialFusion-dmcylkdxdnugaugctnmrhexeekqr/Build/Intermediates.noindex/SocialFusion.build/Debug-iphonesimulator/SocialFusion.build/Objects-normal/arm64/DebugBlueskyView.o -o /Users/frankemanuele/Library/Developer/Xcode/DerivedData/SocialFusion-dmcylkdxdnugaugctnmrhexeekqr/Build/Intermediates.noindex/SocialFusion.build/Debug-iphonesimulator/SocialFusion.build/Objects-normal/arm64/DebugOptionsView.o -o /Users/frankemanuele/Library/Developer/Xcode/DerivedData/SocialFusion-dmcylkdxdnugaugctnmrhexeekqr/Build/Intermediates.noindex/SocialFusion.build/Debug-iphonesimulator/SocialFusion.build/Objects-normal/arm64/DirectTokenEntryView.o -index-unit-output-path /SocialFusion.build/Debug-iphonesimulator/SocialFusion.build/Objects-normal/arm64/BlueskyModels.o -index-unit-output-path /SocialFusion.build/Debug-iphonesimulator/SocialFusion.build/Objects-normal/arm64/BlueskyPost.o -index-unit-output-path /SocialFusion.build/Debug-iphonesimulator/SocialFusion.build/Objects-normal/arm64/BlueskyService.o -index-unit-output-path /SocialFusion.build/Debug-iphonesimulator/SocialFusion.build/Objects-normal/arm64/BlueskyThreadResolver.o -index-unit-output-path /SocialFusion.build/Debug-iphonesimulator/SocialFusion.build/Objects-normal/arm64/BoostBanner.o -index-unit-output-path /SocialFusion.build/Debug-iphonesimulator/SocialFusion.build/Objects-normal/arm64/CachedAsyncImage.o -index-unit-output-path /SocialFusion.build/Debug-iphonesimulator/SocialFusion.build/Objects-normal/arm64/ChatView.o -index-unit-output-path /SocialFusion.build/Debug-iphonesimulator/SocialFusion.build/Objects-normal/arm64/Color+Theme.o -index-unit-output-path /SocialFusion.build/Debug-iphonesimulator/SocialFusion.build/Objects-normal/arm64/ComposeView.o -index-unit-output-path /SocialFusion.build/Debug-iphonesimulator/SocialFusion.build/Objects-normal/arm64/ConnectionManager.o -index-unit-output-path /SocialFusion.build/Debug-iphonesimulator/SocialFusion.build/Objects-normal/arm64/ConsolidatedTimelineView.o -index-unit-output-path /SocialFusion.build/Debug-iphonesimulator/SocialFusion.build/Objects-normal/arm64/ContentView.o -index-unit-output-path /SocialFusion.build/Debug-iphonesimulator/SocialFusion.build/Objects-normal/arm64/DateParser.o -index-unit-output-path /SocialFusion.build/Debug-iphonesimulator/SocialFusion.build/Objects-normal/arm64/DebugBlueskyView.o -index-unit-output-path /SocialFusion.build/Debug-iphonesimulator/SocialFusion.build/Objects-normal/arm64/DebugOptionsView.o -index-unit-output-path /SocialFusion.build/Debug-iphonesimulator/SocialFusion.build/Objects-normal/arm64/DirectTokenEntryView.o -index-store-path /Users/frankemanuele/Library/Developer/Xcode/DerivedData/SocialFusion-dmcylkdxdnugaugctnmrhexeekqr/Index.noindex/DataStore -index-system-modules
SwiftEmitModule normal arm64 Emitting\ module\ for\ SocialFusion (in target 'SocialFusion' from project 'SocialFusion')

EmitSwiftModule normal arm64 (in target 'SocialFusion' from project 'SocialFusion')
    cd /Users/frankemanuele/Documents/GitHub/SocialFusion
    
/Users/frankemanuele/Documents/GitHub/SocialFusion/SocialFusion/Models/Post.swift:1273:10: warning: associated value 'bluesky' of 'Sendable'-conforming enum 'UnifiedChatMessage' has non-Sendable type 'BlueskyChatMessage'; this is an error in the Swift 6 language mode
    case bluesky(BlueskyChatMessage)
         ^
/Users/frankemanuele/Documents/GitHub/SocialFusion/SocialFusion/Models/BlueskyModels.swift:334:13: note: consider making enum 'BlueskyChatMessage' conform to the 'Sendable' protocol
public enum BlueskyChatMessage: Codable, Identifiable {
            ^
                                                     , Sendable

SwiftCompile normal arm64 Compiling\ AccessibilityHelpers.swift,\ AccountManager.swift,\ AccountPickerView.swift,\ AccountService.swift,\ AccountTimelineView.swift,\ AccountsView.swift,\ ActionBar.swift,\ AddAccountView.swift,\ AnimatedGIFView.swift,\ AppVersionManager.swift,\ AsyncImageFromProvider.swift,\ AsyncLoader.swift,\ AudioPlayerView.swift,\ AuthWebView.swift,\ AutomaticTokenRefreshService.swift,\ BlueskyAPIClient.swift /Users/frankemanuele/Documents/GitHub/SocialFusion/SocialFusion/Utilities/AccessibilityHelpers.swift /Users/frankemanuele/Documents/GitHub/SocialFusion/SocialFusion/Services/AccountManager.swift /Users/frankemanuele/Documents/GitHub/SocialFusion/SocialFusion/Views/AccountPickerView.swift /Users/frankemanuele/Documents/GitHub/SocialFusion/SocialFusion/Services/AccountService.swift /Users/frankemanuele/Documents/GitHub/SocialFusion/SocialFusion/Views/AccountTimelineView.swift /Users/frankemanuele/Documents/GitHub/SocialFusion/SocialFusion/Views/AccountsView.swift /Users/frankemanuele/Documents/GitHub/SocialFusion/SocialFusion/Views/Components/ActionBar.swift /Users/frankemanuele/Documents/GitHub/SocialFusion/SocialFusion/Views/AddAccountView.swift /Users/frankemanuele/Documents/GitHub/SocialFusion/SocialFusion/Views/Components/AnimatedGIFView.swift /Users/frankemanuele/Documents/GitHub/SocialFusion/SocialFusion/Utilities/AppVersionManager.swift /Users/frankemanuele/Documents/GitHub/SocialFusion/SocialFusion/Views/AsyncImageFromProvider.swift /Users/frankemanuele/Documents/GitHub/SocialFusion/SocialFusion/Components/AsyncLoader.swift /Users/frankemanuele/Documents/GitHub/SocialFusion/SocialFusion/Views/Components/AudioPlayerView.swift /Users/frankemanuele/Documents/GitHub/SocialFusion/SocialFusion/Views/AuthWebView.swift /Users/frankemanuele/Documents/GitHub/SocialFusion/SocialFusion/Services/AutomaticTokenRefreshService.swift /Users/frankemanuele/Documents/GitHub/SocialFusion/SocialFusion/Services/BlueskyAPIClient.swift (in target 'SocialFusion' from project 'SocialFusion')

SwiftCompile normal arm64 /Users/frankemanuele/Documents/GitHub/SocialFusion/SocialFusion/Utilities/AccessibilityHelpers.swift (in target 'SocialFusion' from project 'SocialFusion')
    cd /Users/frankemanuele/Documents/GitHub/SocialFusion
    

SwiftCompile normal arm64 /Users/frankemanuele/Documents/GitHub/SocialFusion/SocialFusion/Services/AccountManager.swift (in target 'SocialFusion' from project 'SocialFusion')
    cd /Users/frankemanuele/Documents/GitHub/SocialFusion
    
/Users/frankemanuele/Documents/GitHub/SocialFusion/SocialFusion/Services/AccountManager.swift:321:9: warning: will never be executed
        return []
        ^

SwiftCompile normal arm64 /Users/frankemanuele/Documents/GitHub/SocialFusion/SocialFusion/Views/AccountPickerView.swift (in target 'SocialFusion' from project 'SocialFusion')
    cd /Users/frankemanuele/Documents/GitHub/SocialFusion
    
/Users/frankemanuele/Documents/GitHub/SocialFusion/SocialFusion/Views/AccountPickerView.swift:305:25: warning: initialization of immutable value 'account' was never used; consider replacing with assignment to '_' or removing it
                    let account = try await serviceManager.addMastodonAccount(
                    ~~~~^~~~~~~
                    _
/Users/frankemanuele/Documents/GitHub/SocialFusion/SocialFusion/Views/AccountPickerView.swift:316:25: warning: initialization of immutable value 'account' was never used; consider replacing with assignment to '_' or removing it
                    let account = try await serviceManager.addBlueskyAccount(
                    ~~~~^~~~~~~
                    _

SwiftCompile normal arm64 /Users/frankemanuele/Documents/GitHub/SocialFusion/SocialFusion/Services/AccountService.swift (in target 'SocialFusion' from project 'SocialFusion')
    cd /Users/frankemanuele/Documents/GitHub/SocialFusion
    
/Users/frankemanuele/Documents/GitHub/SocialFusion/SocialFusion/Services/AccountService.swift:157:13: warning: result of call to 'saveAccount' is unused
            saveAccount(account)
            ^          ~~~~~~~~~
/Users/frankemanuele/Documents/GitHub/SocialFusion/SocialFusion/Services/AccountService.swift:179:18: warning: immutable value 'newAccessToken' was never used; consider replacing with '_' or removing it
            let (newAccessToken, _) = try await BlueskyService.shared.refreshSession(for: account)
                 ^~~~~~~~~~~~~~
                 _

SwiftCompile normal arm64 /Users/frankemanuele/Documents/GitHub/SocialFusion/SocialFusion/Views/AccountTimelineView.swift (in target 'SocialFusion' from project 'SocialFusion')
    cd /Users/frankemanuele/Documents/GitHub/SocialFusion
    

SwiftCompile normal arm64 /Users/frankemanuele/Documents/GitHub/SocialFusion/SocialFusion/Views/AccountsView.swift (in target 'SocialFusion' from project 'SocialFusion')
    cd /Users/frankemanuele/Documents/GitHub/SocialFusion
    

SwiftCompile normal arm64 /Users/frankemanuele/Documents/GitHub/SocialFusion/SocialFusion/Views/Components/ActionBar.swift (in target 'SocialFusion' from project 'SocialFusion')
    cd /Users/frankemanuele/Documents/GitHub/SocialFusion
    

SwiftCompile normal arm64 /Users/frankemanuele/Documents/GitHub/SocialFusion/SocialFusion/Views/AddAccountView.swift (in target 'SocialFusion' from project 'SocialFusion')
    cd /Users/frankemanuele/Documents/GitHub/SocialFusion
    

SwiftCompile normal arm64 /Users/frankemanuele/Documents/GitHub/SocialFusion/SocialFusion/Views/Components/AnimatedGIFView.swift (in target 'SocialFusion' from project 'SocialFusion')
    cd /Users/frankemanuele/Documents/GitHub/SocialFusion
    

SwiftCompile normal arm64 /Users/frankemanuele/Documents/GitHub/SocialFusion/SocialFusion/Utilities/AppVersionManager.swift (in target 'SocialFusion' from project 'SocialFusion')
    cd /Users/frankemanuele/Documents/GitHub/SocialFusion
    

SwiftCompile normal arm64 /Users/frankemanuele/Documents/GitHub/SocialFusion/SocialFusion/Views/AsyncImageFromProvider.swift (in target 'SocialFusion' from project 'SocialFusion')
    cd /Users/frankemanuele/Documents/GitHub/SocialFusion
    

SwiftCompile normal arm64 /Users/frankemanuele/Documents/GitHub/SocialFusion/SocialFusion/Components/AsyncLoader.swift (in target 'SocialFusion' from project 'SocialFusion')
    cd /Users/frankemanuele/Documents/GitHub/SocialFusion
    

SwiftCompile normal arm64 /Users/frankemanuele/Documents/GitHub/SocialFusion/SocialFusion/Views/Components/AudioPlayerView.swift (in target 'SocialFusion' from project 'SocialFusion')
    cd /Users/frankemanuele/Documents/GitHub/SocialFusion
    
/Users/frankemanuele/Documents/GitHub/SocialFusion/SocialFusion/Views/Components/AudioPlayerView.swift:342:27: warning: value 'track' was defined but never used; consider replacing with boolean test
                guard let track = track else {
                      ~~~~^~~~~~~~
                                        != nil

SwiftCompile normal arm64 /Users/frankemanuele/Documents/GitHub/SocialFusion/SocialFusion/Views/AuthWebView.swift (in target 'SocialFusion' from project 'SocialFusion')
    cd /Users/frankemanuele/Documents/GitHub/SocialFusion
    

SwiftCompile normal arm64 /Users/frankemanuele/Documents/GitHub/SocialFusion/SocialFusion/Services/AutomaticTokenRefreshService.swift (in target 'SocialFusion' from project 'SocialFusion')
    cd /Users/frankemanuele/Documents/GitHub/SocialFusion
    

SwiftCompile normal arm64 /Users/frankemanuele/Documents/GitHub/SocialFusion/SocialFusion/Services/BlueskyAPIClient.swift (in target 'SocialFusion' from project 'SocialFusion')
    cd /Users/frankemanuele/Documents/GitHub/SocialFusion
    

SwiftCompile normal arm64 Compiling\ DraftPost.swift,\ DraftStore.swift,\ EdgeCaseHandler.swift,\ EnhancedEmptyStateView.swift,\ ErrorHandler.swift,\ ExpandingReplyBanner.swift,\ FeatureFlagManager.swift,\ FeatureFlags.swift,\ FetchQuotePostView.swift,\ GIFUnfurlContainer.swift,\ GIFUnfurlingService.swift,\ GradualMigrationManager.swift,\ HTMLFormatter.swift,\ HTMLString.swift,\ KeychainHelper.swift,\ KeychainManager.swift /Users/frankemanuele/Documents/GitHub/SocialFusion/SocialFusion/Models/DraftPost.swift /Users/frankemanuele/Documents/GitHub/SocialFusion/SocialFusion/Stores/DraftStore.swift /Users/frankemanuele/Documents/GitHub/SocialFusion/SocialFusion/Services/EdgeCaseHandler.swift /Users/frankemanuele/Documents/GitHub/SocialFusion/SocialFusion/Views/Components/EnhancedEmptyStateView.swift /Users/frankemanuele/Documents/GitHub/SocialFusion/SocialFusion/Utilities/ErrorHandler.swift /Users/frankemanuele/Documents/GitHub/SocialFusion/SocialFusion/Views/Components/ExpandingReplyBanner.swift /Users/frankemanuele/Documents/GitHub/SocialFusion/SocialFusion/Utilities/FeatureFlagManager.swift /Users/frankemanuele/Documents/GitHub/SocialFusion/SocialFusion/Utilities/FeatureFlags.swift /Users/frankemanuele/Documents/GitHub/SocialFusion/SocialFusion/Views/Components/FetchQuotePostView.swift /Users/frankemanuele/Documents/GitHub/SocialFusion/SocialFusion/Views/Components/GIFUnfurlContainer.swift /Users/frankemanuele/Documents/GitHub/SocialFusion/SocialFusion/Services/GIFUnfurlingService.swift /Users/frankemanuele/Documents/GitHub/SocialFusion/SocialFusion/Controllers/GradualMigrationManager.swift /Users/frankemanuele/Documents/GitHub/SocialFusion/SocialFusion/Utilities/HTMLFormatter.swift /Users/frankemanuele/Documents/GitHub/SocialFusion/SocialFusion/Utilities/HTMLString.swift /Users/frankemanuele/Documents/GitHub/SocialFusion/SocialFusion/Utilities/KeychainHelper.swift /Users/frankemanuele/Documents/GitHub/SocialFusion/SocialFusion/Utilities/KeychainManager.swift (in target 'SocialFusion' from project 'SocialFusion')

SwiftCompile normal arm64 /Users/frankemanuele/Documents/GitHub/SocialFusion/SocialFusion/Models/DraftPost.swift (in target 'SocialFusion' from project 'SocialFusion')
    cd /Users/frankemanuele/Documents/GitHub/SocialFusion
    

SwiftCompile normal arm64 /Users/frankemanuele/Documents/GitHub/SocialFusion/SocialFusion/Stores/DraftStore.swift (in target 'SocialFusion' from project 'SocialFusion')
    cd /Users/frankemanuele/Documents/GitHub/SocialFusion
    

SwiftCompile normal arm64 /Users/frankemanuele/Documents/GitHub/SocialFusion/SocialFusion/Services/EdgeCaseHandler.swift (in target 'SocialFusion' from project 'SocialFusion')
    cd /Users/frankemanuele/Documents/GitHub/SocialFusion
    

SwiftCompile normal arm64 /Users/frankemanuele/Documents/GitHub/SocialFusion/SocialFusion/Views/Components/EnhancedEmptyStateView.swift (in target 'SocialFusion' from project 'SocialFusion')
    cd /Users/frankemanuele/Documents/GitHub/SocialFusion
    

SwiftCompile normal arm64 /Users/frankemanuele/Documents/GitHub/SocialFusion/SocialFusion/Utilities/ErrorHandler.swift (in target 'SocialFusion' from project 'SocialFusion')
    cd /Users/frankemanuele/Documents/GitHub/SocialFusion
    

SwiftCompile normal arm64 /Users/frankemanuele/Documents/GitHub/SocialFusion/SocialFusion/Views/Components/ExpandingReplyBanner.swift (in target 'SocialFusion' from project 'SocialFusion')
    cd /Users/frankemanuele/Documents/GitHub/SocialFusion
    

SwiftCompile normal arm64 /Users/frankemanuele/Documents/GitHub/SocialFusion/SocialFusion/Utilities/FeatureFlagManager.swift (in target 'SocialFusion' from project 'SocialFusion')
    cd /Users/frankemanuele/Documents/GitHub/SocialFusion
    

SwiftCompile normal arm64 /Users/frankemanuele/Documents/GitHub/SocialFusion/SocialFusion/Utilities/FeatureFlags.swift (in target 'SocialFusion' from project 'SocialFusion')
    cd /Users/frankemanuele/Documents/GitHub/SocialFusion
    

SwiftCompile normal arm64 /Users/frankemanuele/Documents/GitHub/SocialFusion/SocialFusion/Views/Components/FetchQuotePostView.swift (in target 'SocialFusion' from project 'SocialFusion')
    cd /Users/frankemanuele/Documents/GitHub/SocialFusion
    
/Users/frankemanuele/Documents/GitHub/SocialFusion/SocialFusion/Views/Components/FetchQuotePostView.swift:178:27: warning: value 'error' was defined but never used; consider replacing with boolean test
            } else if let error = error {
                      ~~~~^~~~~~~~
                                        != nil

SwiftCompile normal arm64 /Users/frankemanuele/Documents/GitHub/SocialFusion/SocialFusion/Views/Components/GIFUnfurlContainer.swift (in target 'SocialFusion' from project 'SocialFusion')
    cd /Users/frankemanuele/Documents/GitHub/SocialFusion
    

SwiftCompile normal arm64 /Users/frankemanuele/Documents/GitHub/SocialFusion/SocialFusion/Services/GIFUnfurlingService.swift (in target 'SocialFusion' from project 'SocialFusion')
    cd /Users/frankemanuele/Documents/GitHub/SocialFusion
    

SwiftCompile normal arm64 /Users/frankemanuele/Documents/GitHub/SocialFusion/SocialFusion/Controllers/GradualMigrationManager.swift (in target 'SocialFusion' from project 'SocialFusion')
    cd /Users/frankemanuele/Documents/GitHub/SocialFusion
    
/Users/frankemanuele/Documents/GitHub/SocialFusion/SocialFusion/Controllers/GradualMigrationManager.swift:118:13: warning: immutable property will not be decoded because it is declared with an initial value which cannot be overwritten
        let id = UUID()
            ^
/Users/frankemanuele/Documents/GitHub/SocialFusion/SocialFusion/Controllers/GradualMigrationManager.swift:118:13: note: set the initial value via the initializer or explicitly define a CodingKeys enum including a 'id' case to silence this warning
        let id = UUID()
            ^
/Users/frankemanuele/Documents/GitHub/SocialFusion/SocialFusion/Controllers/GradualMigrationManager.swift:118:13: note: make the property mutable instead
        let id = UUID()
        ~~~ ^
        var

SwiftCompile normal arm64 /Users/frankemanuele/Documents/GitHub/SocialFusion/SocialFusion/Utilities/HTMLFormatter.swift (in target 'SocialFusion' from project 'SocialFusion')
    cd /Users/frankemanuele/Documents/GitHub/SocialFusion
    

SwiftCompile normal arm64 /Users/frankemanuele/Documents/GitHub/SocialFusion/SocialFusion/Utilities/HTMLString.swift (in target 'SocialFusion' from project 'SocialFusion')
    cd /Users/frankemanuele/Documents/GitHub/SocialFusion
    

SwiftCompile normal arm64 /Users/frankemanuele/Documents/GitHub/SocialFusion/SocialFusion/Utilities/KeychainHelper.swift (in target 'SocialFusion' from project 'SocialFusion')
    cd /Users/frankemanuele/Documents/GitHub/SocialFusion
    

SwiftCompile normal arm64 /Users/frankemanuele/Documents/GitHub/SocialFusion/SocialFusion/Utilities/KeychainManager.swift (in target 'SocialFusion' from project 'SocialFusion')
    cd /Users/frankemanuele/Documents/GitHub/SocialFusion
    

SwiftDriverJobDiscovery normal arm64 Emitting module for SocialFusion (in target 'SocialFusion' from project 'SocialFusion')

SwiftDriver\ Compilation\ Requirements SocialFusion normal arm64 com.apple.xcode.tools.swift.compiler (in target 'SocialFusion' from project 'SocialFusion')
    cd /Users/frankemanuele/Documents/GitHub/SocialFusion
    builtin-Swift-Compilation-Requirements -- /Applications/Xcode.app/Contents/Developer/Toolchains/XcodeDefault.xctoolchain/usr/bin/swiftc -module-name SocialFusion -Onone -enforce-exclusivity\=checked @/Users/frankemanuele/Library/Developer/Xcode/DerivedData/SocialFusion-dmcylkdxdnugaugctnmrhexeekqr/Build/Intermediates.noindex/SocialFusion.build/Debug-iphonesimulator/SocialFusion.build/Objects-normal/arm64/SocialFusion.SwiftFileList -DDEBUG -enable-bare-slash-regex -enable-experimental-feature DebugDescriptionMacro -sdk /Applications/Xcode.app/Contents/Developer/Platforms/iPhoneSimulator.platform/Developer/SDKs/iPhoneSimulator26.2.sdk -target arm64-apple-ios16.0-simulator -g -module-cache-path /Users/frankemanuele/Library/Developer/Xcode/DerivedData/ModuleCache.noindex -Xfrontend -serialize-debugging-options -enable-testing -index-store-path /Users/frankemanuele/Library/Developer/Xcode/DerivedData/SocialFusion-dmcylkdxdnugaugctnmrhexeekqr/Index.noindex/DataStore -Xcc -D_LIBCPP_HARDENING_MODE\=_LIBCPP_HARDENING_MODE_DEBUG -swift-version 5 -I /Users/frankemanuele/Library/Developer/Xcode/DerivedData/SocialFusion-dmcylkdxdnugaugctnmrhexeekqr/Build/Products/Debug-iphonesimulator -F /Users/frankemanuele/Library/Developer/Xcode/DerivedData/SocialFusion-dmcylkdxdnugaugctnmrhexeekqr/Build/Products/Debug-iphonesimulator -c -j10 -enable-batch-mode -incremental -Xcc -ivfsstatcache -Xcc /Users/frankemanuele/Library/Developer/Xcode/DerivedData/SDKStatCaches.noindex/iphonesimulator26.2-23C53-7d00a8b37fbd7999ea79df8ebc024bf0.sdkstatcache -output-file-map /Users/frankemanuele/Library/Developer/Xcode/DerivedData/SocialFusion-dmcylkdxdnugaugctnmrhexeekqr/Build/Intermediates.noindex/SocialFusion.build/Debug-iphonesimulator/SocialFusion.build/Objects-normal/arm64/SocialFusion-OutputFileMap.json -use-frontend-parseable-output -save-temps -no-color-diagnostics -explicit-module-build -module-cache-path /Users/frankemanuele/Library/Developer/Xcode/DerivedData/SocialFusion-dmcylkdxdnugaugctnmrhexeekqr/Build/Intermediates.noindex/SwiftExplicitPrecompiledModules -clang-scanner-module-cache-path /Users/frankemanuele/Library/Developer/Xcode/DerivedData/ModuleCache.noindex -sdk-module-cache-path /Users/frankemanuele/Library/Developer/Xcode/DerivedData/ModuleCache.noindex -serialize-diagnostics -emit-dependencies -emit-module -emit-module-path /Users/frankemanuele/Library/Developer/Xcode/DerivedData/SocialFusion-dmcylkdxdnugaugctnmrhexeekqr/Build/Intermediates.noindex/SocialFusion.build/Debug-iphonesimulator/SocialFusion.build/Objects-normal/arm64/SocialFusion.swiftmodule -validate-clang-modules-once -clang-build-session-file /Users/frankemanuele/Library/Developer/Xcode/DerivedData/ModuleCache.noindex/Session.modulevalidation -Xcc -I/Users/frankemanuele/Library/Developer/Xcode/DerivedData/SocialFusion-dmcylkdxdnugaugctnmrhexeekqr/Build/Intermediates.noindex/SocialFusion.build/Debug-iphonesimulator/SocialFusion.build/swift-overrides.hmap -emit-const-values -Xfrontend -const-gather-protocols-file -Xfrontend /Users/frankemanuele/Library/Developer/Xcode/DerivedData/SocialFusion-dmcylkdxdnugaugctnmrhexeekqr/Build/Intermediates.noindex/SocialFusion.build/Debug-iphonesimulator/SocialFusion.build/Objects-normal/arm64/SocialFusion_const_extract_protocols.json -Xcc -iquote -Xcc /Users/frankemanuele/Library/Developer/Xcode/DerivedData/SocialFusion-dmcylkdxdnugaugctnmrhexeekqr/Build/Intermediates.noindex/SocialFusion.build/Debug-iphonesimulator/SocialFusion.build/SocialFusion-generated-files.hmap -Xcc -I/Users/frankemanuele/Library/Developer/Xcode/DerivedData/SocialFusion-dmcylkdxdnugaugctnmrhexeekqr/Build/Intermediates.noindex/SocialFusion.build/Debug-iphonesimulator/SocialFusion.build/SocialFusion-own-target-headers.hmap -Xcc -I/Users/frankemanuele/Library/Developer/Xcode/DerivedData/SocialFusion-dmcylkdxdnugaugctnmrhexeekqr/Build/Intermediates.noindex/SocialFusion.build/Debug-iphonesimulator/SocialFusion.build/SocialFusion-all-target-headers.hmap -Xcc -iquote -Xcc /Users/frankemanuele/Library/Developer/Xcode/DerivedData/SocialFusion-dmcylkdxdnugaugctnmrhexeekqr/Build/Intermediates.noindex/SocialFusion.build/Debug-iphonesimulator/SocialFusion.build/SocialFusion-project-headers.hmap -Xcc -I/Users/frankemanuele/Library/Developer/Xcode/DerivedData/SocialFusion-dmcylkdxdnugaugctnmrhexeekqr/Build/Products/Debug-iphonesimulator/include -Xcc -I/Users/frankemanuele/Library/Developer/Xcode/DerivedData/SocialFusion-dmcylkdxdnugaugctnmrhexeekqr/Build/Intermediates.noindex/SocialFusion.build/Debug-iphonesimulator/SocialFusion.build/DerivedSources-normal/arm64 -Xcc -I/Users/frankemanuele/Library/Developer/Xcode/DerivedData/SocialFusion-dmcylkdxdnugaugctnmrhexeekqr/Build/Intermediates.noindex/SocialFusion.build/Debug-iphonesimulator/SocialFusion.build/DerivedSources/arm64 -Xcc -I/Users/frankemanuele/Library/Developer/Xcode/DerivedData/SocialFusion-dmcylkdxdnugaugctnmrhexeekqr/Build/Intermediates.noindex/SocialFusion.build/Debug-iphonesimulator/SocialFusion.build/DerivedSources -Xcc -DDEBUG\=1 -emit-objc-header -emit-objc-header-path /Users/frankemanuele/Library/Developer/Xcode/DerivedData/SocialFusion-dmcylkdxdnugaugctnmrhexeekqr/Build/Intermediates.noindex/SocialFusion.build/Debug-iphonesimulator/SocialFusion.build/Objects-normal/arm64/SocialFusion-Swift.h -working-directory /Users/frankemanuele/Documents/GitHub/SocialFusion -experimental-emit-module-separately -disable-cmo

LinkAssetCatalog /Users/frankemanuele/Documents/GitHub/SocialFusion/SocialFusion/Assets.xcassets (in target 'SocialFusion' from project 'SocialFusion')
    cd /Users/frankemanuele/Documents/GitHub/SocialFusion
    builtin-linkAssetCatalog --thinned /Users/frankemanuele/Library/Developer/Xcode/DerivedData/SocialFusion-dmcylkdxdnugaugctnmrhexeekqr/Build/Intermediates.noindex/SocialFusion.build/Debug-iphonesimulator/SocialFusion.build/assetcatalog_output/thinned --thinned-dependencies /Users/frankemanuele/Library/Developer/Xcode/DerivedData/SocialFusion-dmcylkdxdnugaugctnmrhexeekqr/Build/Intermediates.noindex/SocialFusion.build/Debug-iphonesimulator/SocialFusion.build/assetcatalog_dependencies_thinned --thinned-info-plist-content /Users/frankemanuele/Library/Developer/Xcode/DerivedData/SocialFusion-dmcylkdxdnugaugctnmrhexeekqr/Build/Intermediates.noindex/SocialFusion.build/Debug-iphonesimulator/SocialFusion.build/assetcatalog_generated_info.plist_thinned --unthinned /Users/frankemanuele/Library/Developer/Xcode/DerivedData/SocialFusion-dmcylkdxdnugaugctnmrhexeekqr/Build/Intermediates.noindex/SocialFusion.build/Debug-iphonesimulator/SocialFusion.build/assetcatalog_output/unthinned --unthinned-dependencies /Users/frankemanuele/Library/Developer/Xcode/DerivedData/SocialFusion-dmcylkdxdnugaugctnmrhexeekqr/Build/Intermediates.noindex/SocialFusion.build/Debug-iphonesimulator/SocialFusion.build/assetcatalog_dependencies_unthinned --unthinned-info-plist-content /Users/frankemanuele/Library/Developer/Xcode/DerivedData/SocialFusion-dmcylkdxdnugaugctnmrhexeekqr/Build/Intermediates.noindex/SocialFusion.build/Debug-iphonesimulator/SocialFusion.build/assetcatalog_generated_info.plist_unthinned --output /Users/frankemanuele/Library/Developer/Xcode/DerivedData/SocialFusion-dmcylkdxdnugaugctnmrhexeekqr/Build/Products/Debug-iphonesimulator/SocialFusion.app --plist-output /Users/frankemanuele/Library/Developer/Xcode/DerivedData/SocialFusion-dmcylkdxdnugaugctnmrhexeekqr/Build/Intermediates.noindex/SocialFusion.build/Debug-iphonesimulator/SocialFusion.build/assetcatalog_generated_info.plist
note: Emplaced /Users/frankemanuele/Library/Developer/Xcode/DerivedData/SocialFusion-dmcylkdxdnugaugctnmrhexeekqr/Build/Products/Debug-iphonesimulator/SocialFusion.app/AppIcon60x60@2x.png (in target 'SocialFusion' from project 'SocialFusion')
note: Emplaced /Users/frankemanuele/Library/Developer/Xcode/DerivedData/SocialFusion-dmcylkdxdnugaugctnmrhexeekqr/Build/Products/Debug-iphonesimulator/SocialFusion.app/Assets.car (in target 'SocialFusion' from project 'SocialFusion')
note: Emplaced /Users/frankemanuele/Library/Developer/Xcode/DerivedData/SocialFusion-dmcylkdxdnugaugctnmrhexeekqr/Build/Products/Debug-iphonesimulator/SocialFusion.app/AppIcon76x76@2x~ipad.png (in target 'SocialFusion' from project 'SocialFusion')

SwiftCompile normal arm64 Compiling\ TimelineV2ValidationView.swift,\ TimelineViewModel.swift,\ TokenManager.swift,\ URLService.swift,\ UnifiedAccountsIcon.swift,\ UnifiedInteractionButtons.swift,\ UnifiedMediaGridView.swift,\ UnifiedPostStore.swift,\ UnifiedTimelineController.swift,\ UnifiedTimelineView.swift,\ UserDefaults+Keychain.swift,\ UserDetailView.swift,\ Utilities.swift,\ YouTubeExtractor.swift,\ GeneratedAssetSymbols.swift /Users/frankemanuele/Documents/GitHub/SocialFusion/SocialFusion/Views/TimelineV2ValidationView.swift /Users/frankemanuele/Documents/GitHub/SocialFusion/SocialFusion/ViewModels/TimelineViewModel.swift /Users/frankemanuele/Documents/GitHub/SocialFusion/SocialFusion/Utilities/TokenManager.swift /Users/frankemanuele/Documents/GitHub/SocialFusion/SocialFusion/Utilities/URLService.swift /Users/frankemanuele/Documents/GitHub/SocialFusion/SocialFusion/Views/UnifiedAccountsIcon.swift /Users/frankemanuele/Documents/GitHub/SocialFusion/SocialFusion/Views/Components/UnifiedInteractionButtons.swift /Users/frankemanuele/Documents/GitHub/SocialFusion/SocialFusion/Views/Components/UnifiedMediaGridView.swift /Users/frankemanuele/Documents/GitHub/SocialFusion/SocialFusion/Stores/UnifiedPostStore.swift /Users/frankemanuele/Documents/GitHub/SocialFusion/SocialFusion/Controllers/UnifiedTimelineController.swift /Users/frankemanuele/Documents/GitHub/SocialFusion/SocialFusion/Views/UnifiedTimelineView.swift /Users/frankemanuele/Documents/GitHub/SocialFusion/SocialFusion/Extensions/UserDefaults+Keychain.swift /Users/frankemanuele/Documents/GitHub/SocialFusion/SocialFusion/Views/UserDetailView.swift /Users/frankemanuele/Documents/GitHub/SocialFusion/SocialFusion/Utilities/Utilities.swift /Users/frankemanuele/Documents/GitHub/SocialFusion/SocialFusion/Utilities/YouTubeExtractor.swift /Users/frankemanuele/Library/Developer/Xcode/DerivedData/SocialFusion-dmcylkdxdnugaugctnmrhexeekqr/Build/Intermediates.noindex/SocialFusion.build/Debug-iphonesimulator/SocialFusion.build/DerivedSources/GeneratedAssetSymbols.swift (in target 'SocialFusion' from project 'SocialFusion')

SwiftCompile normal arm64 /Users/frankemanuele/Documents/GitHub/SocialFusion/SocialFusion/Views/TimelineV2ValidationView.swift (in target 'SocialFusion' from project 'SocialFusion')
    cd /Users/frankemanuele/Documents/GitHub/SocialFusion
    

SwiftCompile normal arm64 /Users/frankemanuele/Documents/GitHub/SocialFusion/SocialFusion/ViewModels/TimelineViewModel.swift (in target 'SocialFusion' from project 'SocialFusion')
    cd /Users/frankemanuele/Documents/GitHub/SocialFusion
    
/Users/frankemanuele/Documents/GitHub/SocialFusion/SocialFusion/ViewModels/TimelineViewModel.swift:236:29: warning: default will never be executed
                            default:
                            ^
/Users/frankemanuele/Documents/GitHub/SocialFusion/SocialFusion/ViewModels/TimelineViewModel.swift:420:29: warning: default will never be executed
                            default:
                            ^
/Users/frankemanuele/Documents/GitHub/SocialFusion/SocialFusion/ViewModels/TimelineViewModel.swift:707:13: warning: default will never be executed
            default:
            ^

SwiftCompile normal arm64 /Users/frankemanuele/Documents/GitHub/SocialFusion/SocialFusion/Utilities/TokenManager.swift (in target 'SocialFusion' from project 'SocialFusion')
    cd /Users/frankemanuele/Documents/GitHub/SocialFusion
    

SwiftCompile normal arm64 /Users/frankemanuele/Documents/GitHub/SocialFusion/SocialFusion/Utilities/URLService.swift (in target 'SocialFusion' from project 'SocialFusion')
    cd /Users/frankemanuele/Documents/GitHub/SocialFusion
    

SwiftCompile normal arm64 /Users/frankemanuele/Documents/GitHub/SocialFusion/SocialFusion/Views/UnifiedAccountsIcon.swift (in target 'SocialFusion' from project 'SocialFusion')
    cd /Users/frankemanuele/Documents/GitHub/SocialFusion
    

SwiftCompile normal arm64 /Users/frankemanuele/Documents/GitHub/SocialFusion/SocialFusion/Views/Components/UnifiedInteractionButtons.swift (in target 'SocialFusion' from project 'SocialFusion')
    cd /Users/frankemanuele/Documents/GitHub/SocialFusion
    

SwiftCompile normal arm64 /Users/frankemanuele/Documents/GitHub/SocialFusion/SocialFusion/Views/Components/UnifiedMediaGridView.swift (in target 'SocialFusion' from project 'SocialFusion')
    cd /Users/frankemanuele/Documents/GitHub/SocialFusion
    

SwiftCompile normal arm64 /Users/frankemanuele/Documents/GitHub/SocialFusion/SocialFusion/Stores/UnifiedPostStore.swift (in target 'SocialFusion' from project 'SocialFusion')
    cd /Users/frankemanuele/Documents/GitHub/SocialFusion
    

SwiftCompile normal arm64 /Users/frankemanuele/Documents/GitHub/SocialFusion/SocialFusion/Controllers/UnifiedTimelineController.swift (in target 'SocialFusion' from project 'SocialFusion')
    cd /Users/frankemanuele/Documents/GitHub/SocialFusion
    

SwiftCompile normal arm64 /Users/frankemanuele/Documents/GitHub/SocialFusion/SocialFusion/Views/UnifiedTimelineView.swift (in target 'SocialFusion' from project 'SocialFusion')
    cd /Users/frankemanuele/Documents/GitHub/SocialFusion
    

SwiftCompile normal arm64 /Users/frankemanuele/Documents/GitHub/SocialFusion/SocialFusion/Extensions/UserDefaults+Keychain.swift (in target 'SocialFusion' from project 'SocialFusion')
    cd /Users/frankemanuele/Documents/GitHub/SocialFusion
    

SwiftCompile normal arm64 /Users/frankemanuele/Documents/GitHub/SocialFusion/SocialFusion/Views/UserDetailView.swift (in target 'SocialFusion' from project 'SocialFusion')
    cd /Users/frankemanuele/Documents/GitHub/SocialFusion
    
/Users/frankemanuele/Documents/GitHub/SocialFusion/SocialFusion/Views/UserDetailView.swift:79:31: warning: value 'error' was defined but never used; consider replacing with boolean test
                } else if let error = error {
                          ~~~~^~~~~~~~
                                            != nil

SwiftCompile normal arm64 /Users/frankemanuele/Documents/GitHub/SocialFusion/SocialFusion/Utilities/Utilities.swift (in target 'SocialFusion' from project 'SocialFusion')
    cd /Users/frankemanuele/Documents/GitHub/SocialFusion
    

SwiftCompile normal arm64 /Users/frankemanuele/Documents/GitHub/SocialFusion/SocialFusion/Utilities/YouTubeExtractor.swift (in target 'SocialFusion' from project 'SocialFusion')
    cd /Users/frankemanuele/Documents/GitHub/SocialFusion
    

SwiftCompile normal arm64 /Users/frankemanuele/Library/Developer/Xcode/DerivedData/SocialFusion-dmcylkdxdnugaugctnmrhexeekqr/Build/Intermediates.noindex/SocialFusion.build/Debug-iphonesimulator/SocialFusion.build/DerivedSources/GeneratedAssetSymbols.swift (in target 'SocialFusion' from project 'SocialFusion')
    cd /Users/frankemanuele/Documents/GitHub/SocialFusion
    

SwiftMergeGeneratedHeaders /Users/frankemanuele/Library/Developer/Xcode/DerivedData/SocialFusion-dmcylkdxdnugaugctnmrhexeekqr/Build/Intermediates.noindex/SocialFusion.build/Debug-iphonesimulator/SocialFusion.build/DerivedSources/SocialFusion-Swift.h /Users/frankemanuele/Library/Developer/Xcode/DerivedData/SocialFusion-dmcylkdxdnugaugctnmrhexeekqr/Build/Intermediates.noindex/SocialFusion.build/Debug-iphonesimulator/SocialFusion.build/Objects-normal/arm64/SocialFusion-Swift.h (in target 'SocialFusion' from project 'SocialFusion')
    cd /Users/frankemanuele/Documents/GitHub/SocialFusion
    builtin-swiftHeaderTool -arch arm64 /Users/frankemanuele/Library/Developer/Xcode/DerivedData/SocialFusion-dmcylkdxdnugaugctnmrhexeekqr/Build/Intermediates.noindex/SocialFusion.build/Debug-iphonesimulator/SocialFusion.build/Objects-normal/arm64/SocialFusion-Swift.h -o /Users/frankemanuele/Library/Developer/Xcode/DerivedData/SocialFusion-dmcylkdxdnugaugctnmrhexeekqr/Build/Intermediates.noindex/SocialFusion.build/Debug-iphonesimulator/SocialFusion.build/DerivedSources/SocialFusion-Swift.h

SwiftDriverJobDiscovery normal arm64 Compiling StabilizedAsyncImage.swift, StabilizedLinkPreview.swift, String+HTML.swift, SystemImagePicker.swift, TagDetailView.swift, TestPlayground.swift, Text+HTML.swift, TimeFormatters.swift, TimelineCard.swift, TimelineConfiguration.swift, TimelineController.swift, TimelineEntry.swift, TimelineState.swift, TimelineSwiftDataStore.swift, TimelineV2ValidationRunner.swift (in target 'SocialFusion' from project 'SocialFusion')

Copy /Users/frankemanuele/Library/Developer/Xcode/DerivedData/SocialFusion-dmcylkdxdnugaugctnmrhexeekqr/Build/Products/Debug-iphonesimulator/SocialFusion.swiftmodule/arm64-apple-ios-simulator.swiftmodule /Users/frankemanuele/Library/Developer/Xcode/DerivedData/SocialFusion-dmcylkdxdnugaugctnmrhexeekqr/Build/Intermediates.noindex/SocialFusion.build/Debug-iphonesimulator/SocialFusion.build/Objects-normal/arm64/SocialFusion.swiftmodule (in target 'SocialFusion' from project 'SocialFusion')
    cd /Users/frankemanuele/Documents/GitHub/SocialFusion
    builtin-copy -exclude .DS_Store -exclude CVS -exclude .svn -exclude .git -exclude .hg -resolve-src-symlinks -rename /Users/frankemanuele/Library/Developer/Xcode/DerivedData/SocialFusion-dmcylkdxdnugaugctnmrhexeekqr/Build/Intermediates.noindex/SocialFusion.build/Debug-iphonesimulator/SocialFusion.build/Objects-normal/arm64/SocialFusion.swiftmodule /Users/frankemanuele/Library/Developer/Xcode/DerivedData/SocialFusion-dmcylkdxdnugaugctnmrhexeekqr/Build/Products/Debug-iphonesimulator/SocialFusion.swiftmodule/arm64-apple-ios-simulator.swiftmodule

Copy /Users/frankemanuele/Library/Developer/Xcode/DerivedData/SocialFusion-dmcylkdxdnugaugctnmrhexeekqr/Build/Products/Debug-iphonesimulator/SocialFusion.swiftmodule/arm64-apple-ios-simulator.swiftdoc /Users/frankemanuele/Library/Developer/Xcode/DerivedData/SocialFusion-dmcylkdxdnugaugctnmrhexeekqr/Build/Intermediates.noindex/SocialFusion.build/Debug-iphonesimulator/SocialFusion.build/Objects-normal/arm64/SocialFusion.swiftdoc (in target 'SocialFusion' from project 'SocialFusion')
    cd /Users/frankemanuele/Documents/GitHub/SocialFusion
    builtin-copy -exclude .DS_Store -exclude CVS -exclude .svn -exclude .git -exclude .hg -resolve-src-symlinks -rename /Users/frankemanuele/Library/Developer/Xcode/DerivedData/SocialFusion-dmcylkdxdnugaugctnmrhexeekqr/Build/Intermediates.noindex/SocialFusion.build/Debug-iphonesimulator/SocialFusion.build/Objects-normal/arm64/SocialFusion.swiftdoc /Users/frankemanuele/Library/Developer/Xcode/DerivedData/SocialFusion-dmcylkdxdnugaugctnmrhexeekqr/Build/Products/Debug-iphonesimulator/SocialFusion.swiftmodule/arm64-apple-ios-simulator.swiftdoc

Copy /Users/frankemanuele/Library/Developer/Xcode/DerivedData/SocialFusion-dmcylkdxdnugaugctnmrhexeekqr/Build/Products/Debug-iphonesimulator/SocialFusion.swiftmodule/arm64-apple-ios-simulator.abi.json /Users/frankemanuele/Library/Developer/Xcode/DerivedData/SocialFusion-dmcylkdxdnugaugctnmrhexeekqr/Build/Intermediates.noindex/SocialFusion.build/Debug-iphonesimulator/SocialFusion.build/Objects-normal/arm64/SocialFusion.abi.json (in target 'SocialFusion' from project 'SocialFusion')
    cd /Users/frankemanuele/Documents/GitHub/SocialFusion
    builtin-copy -exclude .DS_Store -exclude CVS -exclude .svn -exclude .git -exclude .hg -resolve-src-symlinks -rename /Users/frankemanuele/Library/Developer/Xcode/DerivedData/SocialFusion-dmcylkdxdnugaugctnmrhexeekqr/Build/Intermediates.noindex/SocialFusion.build/Debug-iphonesimulator/SocialFusion.build/Objects-normal/arm64/SocialFusion.abi.json /Users/frankemanuele/Library/Developer/Xcode/DerivedData/SocialFusion-dmcylkdxdnugaugctnmrhexeekqr/Build/Products/Debug-iphonesimulator/SocialFusion.swiftmodule/arm64-apple-ios-simulator.abi.json

Copy /Users/frankemanuele/Library/Developer/Xcode/DerivedData/SocialFusion-dmcylkdxdnugaugctnmrhexeekqr/Build/Products/Debug-iphonesimulator/SocialFusion.swiftmodule/Project/arm64-apple-ios-simulator.swiftsourceinfo /Users/frankemanuele/Library/Developer/Xcode/DerivedData/SocialFusion-dmcylkdxdnugaugctnmrhexeekqr/Build/Intermediates.noindex/SocialFusion.build/Debug-iphonesimulator/SocialFusion.build/Objects-normal/arm64/SocialFusion.swiftsourceinfo (in target 'SocialFusion' from project 'SocialFusion')
    cd /Users/frankemanuele/Documents/GitHub/SocialFusion
    builtin-copy -exclude .DS_Store -exclude CVS -exclude .svn -exclude .git -exclude .hg -resolve-src-symlinks -rename /Users/frankemanuele/Library/Developer/Xcode/DerivedData/SocialFusion-dmcylkdxdnugaugctnmrhexeekqr/Build/Intermediates.noindex/SocialFusion.build/Debug-iphonesimulator/SocialFusion.build/Objects-normal/arm64/SocialFusion.swiftsourceinfo /Users/frankemanuele/Library/Developer/Xcode/DerivedData/SocialFusion-dmcylkdxdnugaugctnmrhexeekqr/Build/Products/Debug-iphonesimulator/SocialFusion.swiftmodule/Project/arm64-apple-ios-simulator.swiftsourceinfo

ProcessInfoPlistFile /Users/frankemanuele/Library/Developer/Xcode/DerivedData/SocialFusion-dmcylkdxdnugaugctnmrhexeekqr/Build/Products/Debug-iphonesimulator/SocialFusion.app/Info.plist /Users/frankemanuele/Documents/GitHub/SocialFusion/SocialFusion/Info.plist (in target 'SocialFusion' from project 'SocialFusion')
    cd /Users/frankemanuele/Documents/GitHub/SocialFusion
    builtin-infoPlistUtility /Users/frankemanuele/Documents/GitHub/SocialFusion/SocialFusion/Info.plist -producttype com.apple.product-type.application -genpkginfo /Users/frankemanuele/Library/Developer/Xcode/DerivedData/SocialFusion-dmcylkdxdnugaugctnmrhexeekqr/Build/Products/Debug-iphonesimulator/SocialFusion.app/PkgInfo -expandbuildsettings -format binary -platform iphonesimulator -additionalcontentfile /Users/frankemanuele/Library/Developer/Xcode/DerivedData/SocialFusion-dmcylkdxdnugaugctnmrhexeekqr/Build/Intermediates.noindex/SocialFusion.build/Debug-iphonesimulator/SocialFusion.build/Base.lproj/LaunchScreen-SBPartialInfo.plist -additionalcontentfile /Users/frankemanuele/Library/Developer/Xcode/DerivedData/SocialFusion-dmcylkdxdnugaugctnmrhexeekqr/Build/Intermediates.noindex/SocialFusion.build/Debug-iphonesimulator/SocialFusion.build/assetcatalog_generated_info.plist -o /Users/frankemanuele/Library/Developer/Xcode/DerivedData/SocialFusion-dmcylkdxdnugaugctnmrhexeekqr/Build/Products/Debug-iphonesimulator/SocialFusion.app/Info.plist

SwiftDriverJobDiscovery normal arm64 Compiling PostContent.swift, PostDetailView.swift, PostDivider.swift, PostLinkPreview.swift, PostMenu.swift, PostMetrics.swift, PostNavigationEnvironment.swift, PostNormalizer.swift, PostNormalizerImpl.swift, PostPlatformBadge.swift, PostPollView.swift, PostShareButton.swift, PostStore.swift, PostTimestamp.swift, PostViewModel.swift, PreviewLinkSelection.swift (in target 'SocialFusion' from project 'SocialFusion')

SwiftDriverJobDiscovery normal arm64 Compiling MediaGridView.swift, MediaMemoryManager.swift, MediaPerformanceMonitor.swift, MigrationControlPanel.swift, MigrationTestController.swift, MonitoringService.swift, MutedKeywordsView.swift, NativeYouTubePlayer.swift, NetworkConfig.swift, NetworkService.swift, NotificationManager.swift, NotificationName+Extensions.swift, NotificationsView.swift, OAuthManager.swift, OnboardingView.swift, ParentPostPreview.swift (in target 'SocialFusion' from project 'SocialFusion')

SwiftDriverJobDiscovery normal arm64 Compiling TimelineV2ValidationView.swift, TimelineViewModel.swift, TokenManager.swift, URLService.swift, UnifiedAccountsIcon.swift, UnifiedInteractionButtons.swift, UnifiedMediaGridView.swift, UnifiedPostStore.swift, UnifiedTimelineController.swift, UnifiedTimelineView.swift, UserDefaults+Keychain.swift, UserDetailView.swift, Utilities.swift, YouTubeExtractor.swift, GeneratedAssetSymbols.swift (in target 'SocialFusion' from project 'SocialFusion')

SwiftDriverJobDiscovery normal arm64 Compiling AccessibilityHelpers.swift, AccountManager.swift, AccountPickerView.swift, AccountService.swift, AccountTimelineView.swift, AccountsView.swift, ActionBar.swift, AddAccountView.swift, AnimatedGIFView.swift, AppVersionManager.swift, AsyncImageFromProvider.swift, AsyncLoader.swift, AudioPlayerView.swift, AuthWebView.swift, AutomaticTokenRefreshService.swift, BlueskyAPIClient.swift (in target 'SocialFusion' from project 'SocialFusion')

SwiftDriverJobDiscovery normal arm64 Compiling PerformantLinkPreview.swift, PersistentModels.swift, PlatformBadge.swift, PlatformDot.swift, PlatformLogoBadge.swift, Post+ContentView.swift, Post.swift, PostActionBar.swift, PostActionCoordinator.swift, PostActionState.swift, PostActionStore.swift, PostAuthorImageView.swift, PostAuthorView.swift, PostAvatar.swift, PostCardView.swift, PostComposerTopBar.swift (in target 'SocialFusion' from project 'SocialFusion')

SwiftDriverJobDiscovery normal arm64 Compiling KeychainService.swift, LaunchAnimationView.swift, LinkDetection.swift, LinkPreview.swift, LinkPreviewCache.swift, LinkPreviewSelector.swift, LiquidGlassComponents.swift, LiquidGlassConfiguration.swift, LoadingState.swift, MastodonAPIClient.swift, MastodonModels.swift, MastodonPost.swift, MastodonService.swift, MediaConfiguration.swift, MediaErrorHandler.swift, MediaFullscreenView.swift (in target 'SocialFusion' from project 'SocialFusion')

SwiftDriverJobDiscovery normal arm64 Compiling ProfileImageView.swift, ProfileView.swift, QuotePostView.swift, ReliableScrollView.swift, RobotsTxtChecker.swift, SearchView.swift, SettingsView.swift, SimpleEdgeCaseHandling.swift, SmartMediaView.swift, SmartPositionManager.swift, SocialAccount.swift, SocialFusionApp.swift, SocialFusionTimelineDebug.swift, SocialModels.swift, SocialPlatform.swift, SocialServiceManager.swift (in target 'SocialFusion' from project 'SocialFusion')

SwiftDriverJobDiscovery normal arm64 Compiling DraftPost.swift, DraftStore.swift, EdgeCaseHandler.swift, EnhancedEmptyStateView.swift, ErrorHandler.swift, ExpandingReplyBanner.swift, FeatureFlagManager.swift, FeatureFlags.swift, FetchQuotePostView.swift, GIFUnfurlContainer.swift, GIFUnfurlingService.swift, GradualMigrationManager.swift, HTMLFormatter.swift, HTMLString.swift, KeychainHelper.swift, KeychainManager.swift (in target 'SocialFusion' from project 'SocialFusion')

** BUILD FAILED **


The following build commands failed:
	SwiftCompile normal arm64 /Users/frankemanuele/Documents/GitHub/SocialFusion/SocialFusion/Views/ConsolidatedTimelineView.swift (in target 'SocialFusion' from project 'SocialFusion')
	SwiftCompile normal arm64 Compiling\ BlueskyModels.swift,\ BlueskyPost.swift,\ BlueskyService.swift,\ BlueskyThreadResolver.swift,\ BoostBanner.swift,\ CachedAsyncImage.swift,\ ChatView.swift,\ Color+Theme.swift,\ ComposeView.swift,\ ConnectionManager.swift,\ ConsolidatedTimelineView.swift,\ ContentView.swift,\ DateParser.swift,\ DebugBlueskyView.swift,\ DebugOptionsView.swift,\ DirectTokenEntryView.swift /Users/frankemanuele/Documents/GitHub/SocialFusion/SocialFusion/Models/BlueskyModels.swift /Users/frankemanuele/Documents/GitHub/SocialFusion/SocialFusion/Models/BlueskyPost.swift /Users/frankemanuele/Documents/GitHub/SocialFusion/SocialFusion/Services/BlueskyService.swift /Users/frankemanuele/Documents/GitHub/SocialFusion/SocialFusion/Services/BlueskyThreadResolver.swift /Users/frankemanuele/Documents/GitHub/SocialFusion/SocialFusion/Views/Components/BoostBanner.swift /Users/frankemanuele/Documents/GitHub/SocialFusion/SocialFusion/Views/Components/CachedAsyncImage.swift /Users/frankemanuele/Documents/GitHub/SocialFusion/SocialFusion/Views/ChatView.swift /Users/frankemanuele/Documents/GitHub/SocialFusion/SocialFusion/Extensions/Color+Theme.swift /Users/frankemanuele/Documents/GitHub/SocialFusion/SocialFusion/Views/ComposeView.swift /Users/frankemanuele/Documents/GitHub/SocialFusion/SocialFusion/Networking/ConnectionManager.swift /Users/frankemanuele/Documents/GitHub/SocialFusion/SocialFusion/Views/ConsolidatedTimelineView.swift /Users/frankemanuele/Documents/GitHub/SocialFusion/SocialFusion/ContentView.swift /Users/frankemanuele/Documents/GitHub/SocialFusion/SocialFusion/Utilities/DateParser.swift /Users/frankemanuele/Documents/GitHub/SocialFusion/SocialFusion/Views/DebugBlueskyView.swift /Users/frankemanuele/Documents/GitHub/SocialFusion/SocialFusion/Views/DebugOptionsView.swift /Users/frankemanuele/Documents/GitHub/SocialFusion/SocialFusion/Views/DirectTokenEntryView.swift (in target 'SocialFusion' from project 'SocialFusion')
	Building project SocialFusion with scheme SocialFusion
(3 failures)
